Archive member included because of file (symbol)

.\CortexM3\ARM_GCC_493\Debug\Platform Bootstrap.a(cyfitter_cfg.o)
                              .\CortexM3\ARM_GCC_493\Debug\Cm3Start.o (cyfitter_cfg)
.\CortexM3\ARM_GCC_493\Debug\Platform Bootstrap.a(Bootloader.o)
                              .\CortexM3\ARM_GCC_493\Debug\Cm3Start.o (CyBtldr_CheckLaunch)
.\CortexM3\ARM_GCC_493\Debug\Platform Bootstrap.a(FT232_UART.o)
                              .\CortexM3\ARM_GCC_493\Debug\main.o (FT232_UART_Start)
.\CortexM3\ARM_GCC_493\Debug\Platform Bootstrap.a(FT232_UART_INT.o)
                              .\CortexM3\ARM_GCC_493\Debug\Platform Bootstrap.a(FT232_UART.o) (FT232_UART_RXISR)
.\CortexM3\ARM_GCC_493\Debug\Platform Bootstrap.a(FT232_UART_BOOT.o)
                              .\CortexM3\ARM_GCC_493\Debug\Platform Bootstrap.a(Bootloader.o) (FT232_UART_CyBtldrCommStart)
.\CortexM3\ARM_GCC_493\Debug\Platform Bootstrap.a(FT232_UART_IntClock.o)
                              .\CortexM3\ARM_GCC_493\Debug\Platform Bootstrap.a(FT232_UART.o) (FT232_UART_IntClock_Start)
.\CortexM3\ARM_GCC_493\Debug\Platform Bootstrap.a(CyFlash.o)
                              .\CortexM3\ARM_GCC_493\Debug\Platform Bootstrap.a(Bootloader.o) (CySetTemp)
.\CortexM3\ARM_GCC_493\Debug\Platform Bootstrap.a(CyLib.o)
                              .\CortexM3\ARM_GCC_493\Debug\Cm3Start.o (CyHalt)
.\CortexM3\ARM_GCC_493\Debug\Platform Bootstrap.a(cyPm.o)
                              .\CortexM3\ARM_GCC_493\Debug\Platform Bootstrap.a(CyLib.o) (CyPmReadStatus)
.\CortexM3\ARM_GCC_493\Debug\Platform Bootstrap.a(CySpc.o)
                              .\CortexM3\ARM_GCC_493\Debug\Platform Bootstrap.a(CyFlash.o) (CySpcStart)
.\CortexM3\ARM_GCC_493\Debug\Platform Bootstrap.a(FT232_Detect.o)
                              .\CortexM3\ARM_GCC_493\Debug\main.o (FT232_Detect_Read)
.\CortexM3\ARM_GCC_493\Debug\Platform Bootstrap.a(Status_LED.o)
                              .\CortexM3\ARM_GCC_493\Debug\main.o (Status_LED_Write)
.\CortexM3\ARM_GCC_493\Debug\Platform Bootstrap.a(CyBootAsmGnu.o)
                              .\CortexM3\ARM_GCC_493\Debug\Platform Bootstrap.a(cyfitter_cfg.o) (CyDelayCycles)
c:/program files (x86)/cypress/psoc creator/4.0/psoc creator/import/gnu/arm/4.9.3/bin/../lib/gcc/arm-none-eabi/4.9.3/../../../../arm-none-eabi/lib/armv7-m\libg_nano.a(lib_a-errno.o)
                              .\CortexM3\ARM_GCC_493\Debug\Cm3Start.o (__errno)
c:/program files (x86)/cypress/psoc creator/4.0/psoc creator/import/gnu/arm/4.9.3/bin/../lib/gcc/arm-none-eabi/4.9.3/../../../../arm-none-eabi/lib/armv7-m\libg_nano.a(lib_a-exit.o)
                              c:/program files (x86)/cypress/psoc creator/4.0/psoc creator/import/gnu/arm/4.9.3/bin/../lib/gcc/arm-none-eabi/4.9.3/../../../../arm-none-eabi/lib/armv7-m/crt0.o (exit)
c:/program files (x86)/cypress/psoc creator/4.0/psoc creator/import/gnu/arm/4.9.3/bin/../lib/gcc/arm-none-eabi/4.9.3/../../../../arm-none-eabi/lib/armv7-m\libg_nano.a(lib_a-impure.o)
                              c:/program files (x86)/cypress/psoc creator/4.0/psoc creator/import/gnu/arm/4.9.3/bin/../lib/gcc/arm-none-eabi/4.9.3/../../../../arm-none-eabi/lib/armv7-m\libg_nano.a(lib_a-exit.o) (_global_impure_ptr)
c:/program files (x86)/cypress/psoc creator/4.0/psoc creator/import/gnu/arm/4.9.3/bin/../lib/gcc/arm-none-eabi/4.9.3/../../../../arm-none-eabi/lib/armv7-m\libg_nano.a(lib_a-init.o)
                              c:/program files (x86)/cypress/psoc creator/4.0/psoc creator/import/gnu/arm/4.9.3/bin/../lib/gcc/arm-none-eabi/4.9.3/../../../../arm-none-eabi/lib/armv7-m/crt0.o (__libc_init_array)
c:/program files (x86)/cypress/psoc creator/4.0/psoc creator/import/gnu/arm/4.9.3/bin/../lib/gcc/arm-none-eabi/4.9.3/../../../../arm-none-eabi/lib/armv7-m\libg_nano.a(lib_a-memcpy.o)
                              .\CortexM3\ARM_GCC_493\Debug\Platform Bootstrap.a(cyfitter_cfg.o) (memcpy)
c:/program files (x86)/cypress/psoc creator/4.0/psoc creator/import/gnu/arm/4.9.3/bin/../lib/gcc/arm-none-eabi/4.9.3/../../../../arm-none-eabi/lib/armv7-m\libg_nano.a(lib_a-memset.o)
                              c:/program files (x86)/cypress/psoc creator/4.0/psoc creator/import/gnu/arm/4.9.3/bin/../lib/gcc/arm-none-eabi/4.9.3/../../../../arm-none-eabi/lib/armv7-m/crt0.o (memset)

Allocating common symbols
Common symbol       size              file

FT232_UART_rxBuffer
                    0x40              .\CortexM3\ARM_GCC_493\Debug\Platform Bootstrap.a(FT232_UART.o)
dieTemperature      0x2               .\CortexM3\ARM_GCC_493\Debug\Platform Bootstrap.a(CyFlash.o)

Discarded input sections

 .text          0x00000000        0x0 c:/program files (x86)/cypress/psoc creator/4.0/psoc creator/import/gnu/arm/4.9.3/bin/../lib/gcc/arm-none-eabi/4.9.3/armv7-m/crti.o
 .data          0x00000000        0x0 c:/program files (x86)/cypress/psoc creator/4.0/psoc creator/import/gnu/arm/4.9.3/bin/../lib/gcc/arm-none-eabi/4.9.3/armv7-m/crti.o
 .bss           0x00000000        0x0 c:/program files (x86)/cypress/psoc creator/4.0/psoc creator/import/gnu/arm/4.9.3/bin/../lib/gcc/arm-none-eabi/4.9.3/armv7-m/crti.o
 .data          0x00000000        0x4 c:/program files (x86)/cypress/psoc creator/4.0/psoc creator/import/gnu/arm/4.9.3/bin/../lib/gcc/arm-none-eabi/4.9.3/armv7-m/crtbegin.o
 .text          0x00000000       0x74 c:/program files (x86)/cypress/psoc creator/4.0/psoc creator/import/gnu/arm/4.9.3/bin/../lib/gcc/arm-none-eabi/4.9.3/../../../../arm-none-eabi/lib/armv7-m/crt0.o
 .data          0x00000000        0x0 c:/program files (x86)/cypress/psoc creator/4.0/psoc creator/import/gnu/arm/4.9.3/bin/../lib/gcc/arm-none-eabi/4.9.3/../../../../arm-none-eabi/lib/armv7-m/crt0.o
 .bss           0x00000000        0x0 c:/program files (x86)/cypress/psoc creator/4.0/psoc creator/import/gnu/arm/4.9.3/bin/../lib/gcc/arm-none-eabi/4.9.3/../../../../arm-none-eabi/lib/armv7-m/crt0.o
 .ARM.extab     0x00000000        0x0 c:/program files (x86)/cypress/psoc creator/4.0/psoc creator/import/gnu/arm/4.9.3/bin/../lib/gcc/arm-none-eabi/4.9.3/../../../../arm-none-eabi/lib/armv7-m/crt0.o
 .ARM.exidx     0x00000000        0x8 c:/program files (x86)/cypress/psoc creator/4.0/psoc creator/import/gnu/arm/4.9.3/bin/../lib/gcc/arm-none-eabi/4.9.3/../../../../arm-none-eabi/lib/armv7-m/crt0.o
 .text          0x00000000        0x0 .\CortexM3\ARM_GCC_493\Debug\main.o
 .data          0x00000000        0x0 .\CortexM3\ARM_GCC_493\Debug\main.o
 .bss           0x00000000        0x0 .\CortexM3\ARM_GCC_493\Debug\main.o
 .text          0x00000000        0x0 .\CortexM3\ARM_GCC_493\Debug\cymetadata.o
 .data          0x00000000        0x0 .\CortexM3\ARM_GCC_493\Debug\cymetadata.o
 .bss           0x00000000        0x0 .\CortexM3\ARM_GCC_493\Debug\cymetadata.o
 .text          0x00000000        0x0 .\CortexM3\ARM_GCC_493\Debug\Cm3Start.o
 .data          0x00000000        0x4 .\CortexM3\ARM_GCC_493\Debug\Cm3Start.o
 .bss           0x00000000        0x0 .\CortexM3\ARM_GCC_493\Debug\Cm3Start.o
 .text._exit    0x00000000        0xc .\CortexM3\ARM_GCC_493\Debug\Cm3Start.o
 .text._sbrk    0x00000000       0x30 .\CortexM3\ARM_GCC_493\Debug\Cm3Start.o
 .text          0x00000000        0x0 .\CortexM3\ARM_GCC_493\Debug\Platform Bootstrap.a(cyfitter_cfg.o)
 .data          0x00000000        0x0 .\CortexM3\ARM_GCC_493\Debug\Platform Bootstrap.a(cyfitter_cfg.o)
 .bss           0x00000000        0x0 .\CortexM3\ARM_GCC_493\Debug\Platform Bootstrap.a(cyfitter_cfg.o)
 .text.SetAnalogRoutingPumps
                0x00000000       0x10 .\CortexM3\ARM_GCC_493\Debug\Platform Bootstrap.a(cyfitter_cfg.o)
 .text          0x00000000        0x0 .\CortexM3\ARM_GCC_493\Debug\Platform Bootstrap.a(Bootloader.o)
 .text.Bootloader_InitCallback
                0x00000000        0xc .\CortexM3\ARM_GCC_493\Debug\Platform Bootstrap.a(Bootloader.o)
 .text          0x00000000        0x0 .\CortexM3\ARM_GCC_493\Debug\Platform Bootstrap.a(FT232_UART.o)
 .data          0x00000000        0x0 .\CortexM3\ARM_GCC_493\Debug\Platform Bootstrap.a(FT232_UART.o)
 .text.FT232_UART_ReadControlRegister
                0x00000000        0x4 .\CortexM3\ARM_GCC_493\Debug\Platform Bootstrap.a(FT232_UART.o)
 .text.FT232_UART_WriteControlRegister
                0x00000000        0x4 .\CortexM3\ARM_GCC_493\Debug\Platform Bootstrap.a(FT232_UART.o)
 .text.FT232_UART_SetRxInterruptMode
                0x00000000        0xc .\CortexM3\ARM_GCC_493\Debug\Platform Bootstrap.a(FT232_UART.o)
 .text.FT232_UART_ReadRxStatus
                0x00000000       0x28 .\CortexM3\ARM_GCC_493\Debug\Platform Bootstrap.a(FT232_UART.o)
 .text.FT232_UART_GetChar
                0x00000000       0x80 .\CortexM3\ARM_GCC_493\Debug\Platform Bootstrap.a(FT232_UART.o)
 .text.FT232_UART_GetByte
                0x00000000       0x2c .\CortexM3\ARM_GCC_493\Debug\Platform Bootstrap.a(FT232_UART.o)
 .text.FT232_UART_SetRxAddressMode
                0x00000000        0x4 .\CortexM3\ARM_GCC_493\Debug\Platform Bootstrap.a(FT232_UART.o)
 .text.FT232_UART_SetRxAddress1
                0x00000000        0xc .\CortexM3\ARM_GCC_493\Debug\Platform Bootstrap.a(FT232_UART.o)
 .text.FT232_UART_SetRxAddress2
                0x00000000        0xc .\CortexM3\ARM_GCC_493\Debug\Platform Bootstrap.a(FT232_UART.o)
 .text.FT232_UART_SetTxInterruptMode
                0x00000000        0xc .\CortexM3\ARM_GCC_493\Debug\Platform Bootstrap.a(FT232_UART.o)
 .text.FT232_UART_WriteTxData
                0x00000000       0x14 .\CortexM3\ARM_GCC_493\Debug\Platform Bootstrap.a(FT232_UART.o)
 .text.FT232_UART_ReadTxStatus
                0x00000000        0xc .\CortexM3\ARM_GCC_493\Debug\Platform Bootstrap.a(FT232_UART.o)
 .text.FT232_UART_PutString
                0x00000000       0x24 .\CortexM3\ARM_GCC_493\Debug\Platform Bootstrap.a(FT232_UART.o)
 .text.FT232_UART_PutArray
                0x00000000       0x28 .\CortexM3\ARM_GCC_493\Debug\Platform Bootstrap.a(FT232_UART.o)
 .text.FT232_UART_PutCRLF
                0x00000000       0x20 .\CortexM3\ARM_GCC_493\Debug\Platform Bootstrap.a(FT232_UART.o)
 .text.FT232_UART_GetTxBufferSize
                0x00000000       0x24 .\CortexM3\ARM_GCC_493\Debug\Platform Bootstrap.a(FT232_UART.o)
 .text.FT232_UART_SendBreak
                0x00000000       0x5c .\CortexM3\ARM_GCC_493\Debug\Platform Bootstrap.a(FT232_UART.o)
 .text.FT232_UART_SetTxAddressMode
                0x00000000        0x4 .\CortexM3\ARM_GCC_493\Debug\Platform Bootstrap.a(FT232_UART.o)
 .text          0x00000000        0x0 .\CortexM3\ARM_GCC_493\Debug\Platform Bootstrap.a(FT232_UART_INT.o)
 .data          0x00000000        0x0 .\CortexM3\ARM_GCC_493\Debug\Platform Bootstrap.a(FT232_UART_INT.o)
 .bss           0x00000000        0x0 .\CortexM3\ARM_GCC_493\Debug\Platform Bootstrap.a(FT232_UART_INT.o)
 .text          0x00000000        0x0 .\CortexM3\ARM_GCC_493\Debug\Platform Bootstrap.a(FT232_UART_BOOT.o)
 .data          0x00000000        0x0 .\CortexM3\ARM_GCC_493\Debug\Platform Bootstrap.a(FT232_UART_BOOT.o)
 .bss           0x00000000        0x0 .\CortexM3\ARM_GCC_493\Debug\Platform Bootstrap.a(FT232_UART_BOOT.o)
 .text.FT232_UART_CyBtldrCommReset
                0x00000000        0xc .\CortexM3\ARM_GCC_493\Debug\Platform Bootstrap.a(FT232_UART_BOOT.o)
 .text          0x00000000        0x0 .\CortexM3\ARM_GCC_493\Debug\Platform Bootstrap.a(FT232_UART_IntClock.o)
 .data          0x00000000        0x0 .\CortexM3\ARM_GCC_493\Debug\Platform Bootstrap.a(FT232_UART_IntClock.o)
 .bss           0x00000000        0x0 .\CortexM3\ARM_GCC_493\Debug\Platform Bootstrap.a(FT232_UART_IntClock.o)
 .text.FT232_UART_IntClock_StopBlock
                0x00000000       0x6c .\CortexM3\ARM_GCC_493\Debug\Platform Bootstrap.a(FT232_UART_IntClock.o)
 .text.FT232_UART_IntClock_StandbyPower
                0x00000000       0x20 .\CortexM3\ARM_GCC_493\Debug\Platform Bootstrap.a(FT232_UART_IntClock.o)
 .text.FT232_UART_IntClock_GetDividerRegister
                0x00000000        0xc .\CortexM3\ARM_GCC_493\Debug\Platform Bootstrap.a(FT232_UART_IntClock.o)
 .text.FT232_UART_IntClock_SetModeRegister
                0x00000000       0x14 .\CortexM3\ARM_GCC_493\Debug\Platform Bootstrap.a(FT232_UART_IntClock.o)
 .text.FT232_UART_IntClock_ClearModeRegister
                0x00000000       0x18 .\CortexM3\ARM_GCC_493\Debug\Platform Bootstrap.a(FT232_UART_IntClock.o)
 .text.FT232_UART_IntClock_GetModeRegister
                0x00000000       0x10 .\CortexM3\ARM_GCC_493\Debug\Platform Bootstrap.a(FT232_UART_IntClock.o)
 .text.FT232_UART_IntClock_GetSourceRegister
                0x00000000       0x10 .\CortexM3\ARM_GCC_493\Debug\Platform Bootstrap.a(FT232_UART_IntClock.o)
 .text.FT232_UART_IntClock_SetDividerRegister
                0x00000000       0xd8 .\CortexM3\ARM_GCC_493\Debug\Platform Bootstrap.a(FT232_UART_IntClock.o)
 .text.FT232_UART_IntClock_SetSourceRegister
                0x00000000       0x5c .\CortexM3\ARM_GCC_493\Debug\Platform Bootstrap.a(FT232_UART_IntClock.o)
 .text          0x00000000        0x0 .\CortexM3\ARM_GCC_493\Debug\Platform Bootstrap.a(CyFlash.o)
 .data          0x00000000        0x0 .\CortexM3\ARM_GCC_493\Debug\Platform Bootstrap.a(CyFlash.o)
 .bss           0x00000000        0x4 .\CortexM3\ARM_GCC_493\Debug\Platform Bootstrap.a(CyFlash.o)
 .text.CyFlash_Start
                0x00000000       0x54 .\CortexM3\ARM_GCC_493\Debug\Platform Bootstrap.a(CyFlash.o)
 .text.CyFlash_Stop
                0x00000000       0x24 .\CortexM3\ARM_GCC_493\Debug\Platform Bootstrap.a(CyFlash.o)
 .text.CySetFlashEEBuffer
                0x00000000       0x28 .\CortexM3\ARM_GCC_493\Debug\Platform Bootstrap.a(CyFlash.o)
 .text.CyFlash_SetWaitCycles
                0x00000000       0x7c .\CortexM3\ARM_GCC_493\Debug\Platform Bootstrap.a(CyFlash.o)
 .text.CyEEPROM_Stop
                0x00000000       0x24 .\CortexM3\ARM_GCC_493\Debug\Platform Bootstrap.a(CyFlash.o)
 .text.CyEEPROM_ReadReserve
                0x00000000       0x1c .\CortexM3\ARM_GCC_493\Debug\Platform Bootstrap.a(CyFlash.o)
 .text.CyEEPROM_ReadRelease
                0x00000000       0x10 .\CortexM3\ARM_GCC_493\Debug\Platform Bootstrap.a(CyFlash.o)
 .text          0x00000000        0x0 .\CortexM3\ARM_GCC_493\Debug\Platform Bootstrap.a(CyLib.o)
 .bss           0x00000000       0x1c .\CortexM3\ARM_GCC_493\Debug\Platform Bootstrap.a(CyLib.o)
 .text.CyUSB_PowerOnCheck
                0x00000000       0x48 .\CortexM3\ARM_GCC_493\Debug\Platform Bootstrap.a(CyLib.o)
 .text.CyBusClk_Internal_SetDivider
                0x00000000       0x48 .\CortexM3\ARM_GCC_493\Debug\Platform Bootstrap.a(CyLib.o)
 .text.CyPLL_OUT_Stop
                0x00000000       0x10 .\CortexM3\ARM_GCC_493\Debug\Platform Bootstrap.a(CyLib.o)
 .text.CyIMO_Stop
                0x00000000       0x1c .\CortexM3\ARM_GCC_493\Debug\Platform Bootstrap.a(CyLib.o)
 .text.CyIMO_EnableDoubler
                0x00000000       0x10 .\CortexM3\ARM_GCC_493\Debug\Platform Bootstrap.a(CyLib.o)
 .text.CyIMO_DisableDoubler
                0x00000000       0x10 .\CortexM3\ARM_GCC_493\Debug\Platform Bootstrap.a(CyLib.o)
 .text.CyMasterClk_SetSource
                0x00000000       0x18 .\CortexM3\ARM_GCC_493\Debug\Platform Bootstrap.a(CyLib.o)
 .text.CyMasterClk_SetDivider
                0x00000000        0xc .\CortexM3\ARM_GCC_493\Debug\Platform Bootstrap.a(CyLib.o)
 .text.CyBusClk_SetDivider
                0x00000000       0x70 .\CortexM3\ARM_GCC_493\Debug\Platform Bootstrap.a(CyLib.o)
 .text.CyUsbClk_SetSource
                0x00000000       0x18 .\CortexM3\ARM_GCC_493\Debug\Platform Bootstrap.a(CyLib.o)
 .text.CyILO_Start1K
                0x00000000       0x10 .\CortexM3\ARM_GCC_493\Debug\Platform Bootstrap.a(CyLib.o)
 .text.CyILO_Stop1K
                0x00000000       0x10 .\CortexM3\ARM_GCC_493\Debug\Platform Bootstrap.a(CyLib.o)
 .text.CyILO_Start100K
                0x00000000       0x10 .\CortexM3\ARM_GCC_493\Debug\Platform Bootstrap.a(CyLib.o)
 .text.CyILO_Stop100K
                0x00000000       0x10 .\CortexM3\ARM_GCC_493\Debug\Platform Bootstrap.a(CyLib.o)
 .text.CyPLL_OUT_Start
                0x00000000       0x78 .\CortexM3\ARM_GCC_493\Debug\Platform Bootstrap.a(CyLib.o)
 .text.CyIMO_Start
                0x00000000       0x60 .\CortexM3\ARM_GCC_493\Debug\Platform Bootstrap.a(CyLib.o)
 .text.CyILO_Enable33K
                0x00000000       0x10 .\CortexM3\ARM_GCC_493\Debug\Platform Bootstrap.a(CyLib.o)
 .text.CyILO_Disable33K
                0x00000000       0x10 .\CortexM3\ARM_GCC_493\Debug\Platform Bootstrap.a(CyLib.o)
 .text.CyILO_SetSource
                0x00000000       0x18 .\CortexM3\ARM_GCC_493\Debug\Platform Bootstrap.a(CyLib.o)
 .text.CyILO_SetPowerMode
                0x00000000       0x24 .\CortexM3\ARM_GCC_493\Debug\Platform Bootstrap.a(CyLib.o)
 .text.CyXTAL_32KHZ_Stop
                0x00000000       0x30 .\CortexM3\ARM_GCC_493\Debug\Platform Bootstrap.a(CyLib.o)
 .text.CyXTAL_32KHZ_ReadStatus
                0x00000000       0x10 .\CortexM3\ARM_GCC_493\Debug\Platform Bootstrap.a(CyLib.o)
 .text.CyXTAL_Start
                0x00000000       0xac .\CortexM3\ARM_GCC_493\Debug\Platform Bootstrap.a(CyLib.o)
 .text.CyXTAL_Stop
                0x00000000       0x10 .\CortexM3\ARM_GCC_493\Debug\Platform Bootstrap.a(CyLib.o)
 .text.CyXTAL_EnableErrStatus
                0x00000000       0x10 .\CortexM3\ARM_GCC_493\Debug\Platform Bootstrap.a(CyLib.o)
 .text.CyXTAL_DisableErrStatus
                0x00000000       0x10 .\CortexM3\ARM_GCC_493\Debug\Platform Bootstrap.a(CyLib.o)
 .text.CyXTAL_ReadStatus
                0x00000000       0x18 .\CortexM3\ARM_GCC_493\Debug\Platform Bootstrap.a(CyLib.o)
 .text.CyXTAL_EnableFaultRecovery
                0x00000000       0x10 .\CortexM3\ARM_GCC_493\Debug\Platform Bootstrap.a(CyLib.o)
 .text.CyXTAL_DisableFaultRecovery
                0x00000000       0x10 .\CortexM3\ARM_GCC_493\Debug\Platform Bootstrap.a(CyLib.o)
 .text.CyXTAL_SetStartup
                0x00000000       0x18 .\CortexM3\ARM_GCC_493\Debug\Platform Bootstrap.a(CyLib.o)
 .text.CyXTAL_SetFbVoltage
                0x00000000       0x18 .\CortexM3\ARM_GCC_493\Debug\Platform Bootstrap.a(CyLib.o)
 .text.CyXTAL_SetWdVoltage
                0x00000000       0x18 .\CortexM3\ARM_GCC_493\Debug\Platform Bootstrap.a(CyLib.o)
 .text.CyPLL_OUT_SetPQ
                0x00000000       0x60 .\CortexM3\ARM_GCC_493\Debug\Platform Bootstrap.a(CyLib.o)
 .text.CyPLL_OUT_SetSource
                0x00000000       0x34 .\CortexM3\ARM_GCC_493\Debug\Platform Bootstrap.a(CyLib.o)
 .text.CyIMO_SetTrimValue
                0x00000000       0xcc .\CortexM3\ARM_GCC_493\Debug\Platform Bootstrap.a(CyLib.o)
 .text.CyIMO_SetFreq
                0x00000000       0xf4 .\CortexM3\ARM_GCC_493\Debug\Platform Bootstrap.a(CyLib.o)
 .text.CyIMO_SetSource
                0x00000000       0x58 .\CortexM3\ARM_GCC_493\Debug\Platform Bootstrap.a(CyLib.o)
 .text.CyXTAL_32KHZ_SetPowerMode
                0x00000000       0x84 .\CortexM3\ARM_GCC_493\Debug\Platform Bootstrap.a(CyLib.o)
 .text.CyXTAL_32KHZ_Start
                0x00000000       0x70 .\CortexM3\ARM_GCC_493\Debug\Platform Bootstrap.a(CyLib.o)
 .text.CyDelayFreq
                0x00000000       0x4c .\CortexM3\ARM_GCC_493\Debug\Platform Bootstrap.a(CyLib.o)
 .text.CyWdtStart
                0x00000000       0x40 .\CortexM3\ARM_GCC_493\Debug\Platform Bootstrap.a(CyLib.o)
 .text.CyWdtClear
                0x00000000        0xc .\CortexM3\ARM_GCC_493\Debug\Platform Bootstrap.a(CyLib.o)
 .text.CyVdStickyStatus
                0x00000000       0x2c .\CortexM3\ARM_GCC_493\Debug\Platform Bootstrap.a(CyLib.o)
 .text.CyVdLvDigitEnable
                0x00000000       0x84 .\CortexM3\ARM_GCC_493\Debug\Platform Bootstrap.a(CyLib.o)
 .text.CyVdLvAnalogEnable
                0x00000000       0x80 .\CortexM3\ARM_GCC_493\Debug\Platform Bootstrap.a(CyLib.o)
 .text.CyVdLvDigitDisable
                0x00000000       0x30 .\CortexM3\ARM_GCC_493\Debug\Platform Bootstrap.a(CyLib.o)
 .text.CyVdLvAnalogDisable
                0x00000000       0x28 .\CortexM3\ARM_GCC_493\Debug\Platform Bootstrap.a(CyLib.o)
 .text.CyVdHvAnalogEnable
                0x00000000       0x54 .\CortexM3\ARM_GCC_493\Debug\Platform Bootstrap.a(CyLib.o)
 .text.CyVdHvAnalogDisable
                0x00000000       0x20 .\CortexM3\ARM_GCC_493\Debug\Platform Bootstrap.a(CyLib.o)
 .text.CyVdRealTimeStatus
                0x00000000       0x1c .\CortexM3\ARM_GCC_493\Debug\Platform Bootstrap.a(CyLib.o)
 .text.CyDisableInts
                0x00000000       0x1c .\CortexM3\ARM_GCC_493\Debug\Platform Bootstrap.a(CyLib.o)
 .text.CyEnableInts
                0x00000000       0x18 .\CortexM3\ARM_GCC_493\Debug\Platform Bootstrap.a(CyLib.o)
 .text.CyIntSetSysVector
                0x00000000       0x28 .\CortexM3\ARM_GCC_493\Debug\Platform Bootstrap.a(CyLib.o)
 .text.CyIntGetSysVector
                0x00000000       0x20 .\CortexM3\ARM_GCC_493\Debug\Platform Bootstrap.a(CyLib.o)
 .text.CyIntGetVector
                0x00000000       0x24 .\CortexM3\ARM_GCC_493\Debug\Platform Bootstrap.a(CyLib.o)
 .text.CyIntGetPriority
                0x00000000       0x20 .\CortexM3\ARM_GCC_493\Debug\Platform Bootstrap.a(CyLib.o)
 .text.CyIntGetState
                0x00000000       0x24 .\CortexM3\ARM_GCC_493\Debug\Platform Bootstrap.a(CyLib.o)
 .text.CySysTickStop
                0x00000000       0x10 .\CortexM3\ARM_GCC_493\Debug\Platform Bootstrap.a(CyLib.o)
 .text.CySysTickEnableInterrupt
                0x00000000       0x10 .\CortexM3\ARM_GCC_493\Debug\Platform Bootstrap.a(CyLib.o)
 .text.CySysTickEnable
                0x00000000       0x18 .\CortexM3\ARM_GCC_493\Debug\Platform Bootstrap.a(CyLib.o)
 .text.CySysTickDisableInterrupt
                0x00000000       0x10 .\CortexM3\ARM_GCC_493\Debug\Platform Bootstrap.a(CyLib.o)
 .text.CySysTickSetReload
                0x00000000       0x10 .\CortexM3\ARM_GCC_493\Debug\Platform Bootstrap.a(CyLib.o)
 .text.CySysTickGetReload
                0x00000000       0x10 .\CortexM3\ARM_GCC_493\Debug\Platform Bootstrap.a(CyLib.o)
 .text.CySysTickGetValue
                0x00000000       0x10 .\CortexM3\ARM_GCC_493\Debug\Platform Bootstrap.a(CyLib.o)
 .text.CySysTickSetClockSource
                0x00000000       0x20 .\CortexM3\ARM_GCC_493\Debug\Platform Bootstrap.a(CyLib.o)
 .text.CySysTickGetClockSource
                0x00000000       0x10 .\CortexM3\ARM_GCC_493\Debug\Platform Bootstrap.a(CyLib.o)
 .text.CySysTickGetCountFlag
                0x00000000       0x10 .\CortexM3\ARM_GCC_493\Debug\Platform Bootstrap.a(CyLib.o)
 .text.CySysTickServiceCallbacks
                0x00000000       0x28 .\CortexM3\ARM_GCC_493\Debug\Platform Bootstrap.a(CyLib.o)
 .text.CySysTickClear
                0x00000000        0xc .\CortexM3\ARM_GCC_493\Debug\Platform Bootstrap.a(CyLib.o)
 .text.CySysTickInit
                0x00000000       0x58 .\CortexM3\ARM_GCC_493\Debug\Platform Bootstrap.a(CyLib.o)
 .text.CySysTickStart
                0x00000000       0x1c .\CortexM3\ARM_GCC_493\Debug\Platform Bootstrap.a(CyLib.o)
 .text.CySysTickSetCallback
                0x00000000       0x10 .\CortexM3\ARM_GCC_493\Debug\Platform Bootstrap.a(CyLib.o)
 .text.CySysTickGetCallback
                0x00000000       0x10 .\CortexM3\ARM_GCC_493\Debug\Platform Bootstrap.a(CyLib.o)
 .text.CyGetUniqueId
                0x00000000       0x70 .\CortexM3\ARM_GCC_493\Debug\Platform Bootstrap.a(CyLib.o)
 .text          0x00000000        0x0 .\CortexM3\ARM_GCC_493\Debug\Platform Bootstrap.a(cyPm.o)
 .data          0x00000000        0x0 .\CortexM3\ARM_GCC_493\Debug\Platform Bootstrap.a(cyPm.o)
 .bss           0x00000000       0x44 .\CortexM3\ARM_GCC_493\Debug\Platform Bootstrap.a(cyPm.o)
 .text.CyPmHibSlpSaveSet
                0x00000000      0x1dc .\CortexM3\ARM_GCC_493\Debug\Platform Bootstrap.a(cyPm.o)
 .text.CyPmHibSlpRestore
                0x00000000       0xd4 .\CortexM3\ARM_GCC_493\Debug\Platform Bootstrap.a(cyPm.o)
 .text.CyPmHviLviSaveDisable
                0x00000000       0xa0 .\CortexM3\ARM_GCC_493\Debug\Platform Bootstrap.a(cyPm.o)
 .text.CyPmHibSaveSet
                0x00000000       0x8c .\CortexM3\ARM_GCC_493\Debug\Platform Bootstrap.a(cyPm.o)
 .text.CyPmHviLviRestore
                0x00000000       0x48 .\CortexM3\ARM_GCC_493\Debug\Platform Bootstrap.a(cyPm.o)
 .text.CyPmHibRestore
                0x00000000       0x58 .\CortexM3\ARM_GCC_493\Debug\Platform Bootstrap.a(cyPm.o)
 .text.CyPmSaveClocks
                0x00000000      0x218 .\CortexM3\ARM_GCC_493\Debug\Platform Bootstrap.a(cyPm.o)
 .text.CyPmRestoreClocks
                0x00000000      0x24c .\CortexM3\ARM_GCC_493\Debug\Platform Bootstrap.a(cyPm.o)
 .text.CyPmAltAct
                0x00000000       0x6c .\CortexM3\ARM_GCC_493\Debug\Platform Bootstrap.a(cyPm.o)
 .text.CyPmSleep
                0x00000000       0xf4 .\CortexM3\ARM_GCC_493\Debug\Platform Bootstrap.a(cyPm.o)
 .text.CyPmHibernateEx
                0x00000000       0xf4 .\CortexM3\ARM_GCC_493\Debug\Platform Bootstrap.a(cyPm.o)
 .text.CyPmHibernate
                0x00000000        0xc .\CortexM3\ARM_GCC_493\Debug\Platform Bootstrap.a(cyPm.o)
 .text.CyPmReadStatus
                0x00000000       0x30 .\CortexM3\ARM_GCC_493\Debug\Platform Bootstrap.a(cyPm.o)
 .text.CyPmCtwSetInterval
                0x00000000       0x5c .\CortexM3\ARM_GCC_493\Debug\Platform Bootstrap.a(cyPm.o)
 .text.CyPmOppsSet
                0x00000000       0x2c .\CortexM3\ARM_GCC_493\Debug\Platform Bootstrap.a(cyPm.o)
 .text.CyPmFtwSetInterval
                0x00000000       0x5c .\CortexM3\ARM_GCC_493\Debug\Platform Bootstrap.a(cyPm.o)
 .rodata        0x00000000       0x10 .\CortexM3\ARM_GCC_493\Debug\Platform Bootstrap.a(cyPm.o)
 .text          0x00000000        0x0 .\CortexM3\ARM_GCC_493\Debug\Platform Bootstrap.a(CySpc.o)
 .data          0x00000000        0x0 .\CortexM3\ARM_GCC_493\Debug\Platform Bootstrap.a(CySpc.o)
 .text.CySpcStop
                0x00000000       0x24 .\CortexM3\ARM_GCC_493\Debug\Platform Bootstrap.a(CySpc.o)
 .text.CySpcLoadMultiByte
                0x00000000       0x78 .\CortexM3\ARM_GCC_493\Debug\Platform Bootstrap.a(CySpc.o)
 .text.CySpcLoadRow
                0x00000000       0x54 .\CortexM3\ARM_GCC_493\Debug\Platform Bootstrap.a(CySpc.o)
 .text.CySpcEraseSector
                0x00000000       0x3c .\CortexM3\ARM_GCC_493\Debug\Platform Bootstrap.a(CySpc.o)
 .text          0x00000000        0x0 .\CortexM3\ARM_GCC_493\Debug\Platform Bootstrap.a(FT232_Detect.o)
 .data          0x00000000        0x0 .\CortexM3\ARM_GCC_493\Debug\Platform Bootstrap.a(FT232_Detect.o)
 .bss           0x00000000        0x0 .\CortexM3\ARM_GCC_493\Debug\Platform Bootstrap.a(FT232_Detect.o)
 .text.FT232_Detect_Write
                0x00000000       0x18 .\CortexM3\ARM_GCC_493\Debug\Platform Bootstrap.a(FT232_Detect.o)
 .text.FT232_Detect_SetDriveMode
                0x00000000       0x18 .\CortexM3\ARM_GCC_493\Debug\Platform Bootstrap.a(FT232_Detect.o)
 .text.FT232_Detect_ReadDataReg
                0x00000000        0xc .\CortexM3\ARM_GCC_493\Debug\Platform Bootstrap.a(FT232_Detect.o)
 .text          0x00000000        0x0 .\CortexM3\ARM_GCC_493\Debug\Platform Bootstrap.a(Status_LED.o)
 .data          0x00000000        0x0 .\CortexM3\ARM_GCC_493\Debug\Platform Bootstrap.a(Status_LED.o)
 .bss           0x00000000        0x0 .\CortexM3\ARM_GCC_493\Debug\Platform Bootstrap.a(Status_LED.o)
 .text.Status_LED_SetDriveMode
                0x00000000       0x18 .\CortexM3\ARM_GCC_493\Debug\Platform Bootstrap.a(Status_LED.o)
 .text.Status_LED_Read
                0x00000000       0x10 .\CortexM3\ARM_GCC_493\Debug\Platform Bootstrap.a(Status_LED.o)
 .text.Status_LED_ReadDataReg
                0x00000000       0x10 .\CortexM3\ARM_GCC_493\Debug\Platform Bootstrap.a(Status_LED.o)
 .data          0x00000000        0x0 .\CortexM3\ARM_GCC_493\Debug\Platform Bootstrap.a(CyBootAsmGnu.o)
 .bss           0x00000000        0x0 .\CortexM3\ARM_GCC_493\Debug\Platform Bootstrap.a(CyBootAsmGnu.o)
 .text          0x00000000        0x0 c:/program files (x86)/cypress/psoc creator/4.0/psoc creator/import/gnu/arm/4.9.3/bin/../lib/gcc/arm-none-eabi/4.9.3/../../../../arm-none-eabi/lib/armv7-m\libg_nano.a(lib_a-errno.o)
 .data          0x00000000        0x0 c:/program files (x86)/cypress/psoc creator/4.0/psoc creator/import/gnu/arm/4.9.3/bin/../lib/gcc/arm-none-eabi/4.9.3/../../../../arm-none-eabi/lib/armv7-m\libg_nano.a(lib_a-errno.o)
 .bss           0x00000000        0x0 c:/program files (x86)/cypress/psoc creator/4.0/psoc creator/import/gnu/arm/4.9.3/bin/../lib/gcc/arm-none-eabi/4.9.3/../../../../arm-none-eabi/lib/armv7-m\libg_nano.a(lib_a-errno.o)
 .text          0x00000000        0x0 c:/program files (x86)/cypress/psoc creator/4.0/psoc creator/import/gnu/arm/4.9.3/bin/../lib/gcc/arm-none-eabi/4.9.3/../../../../arm-none-eabi/lib/armv7-m\libg_nano.a(lib_a-exit.o)
 .data          0x00000000        0x0 c:/program files (x86)/cypress/psoc creator/4.0/psoc creator/import/gnu/arm/4.9.3/bin/../lib/gcc/arm-none-eabi/4.9.3/../../../../arm-none-eabi/lib/armv7-m\libg_nano.a(lib_a-exit.o)
 .bss           0x00000000        0x0 c:/program files (x86)/cypress/psoc creator/4.0/psoc creator/import/gnu/arm/4.9.3/bin/../lib/gcc/arm-none-eabi/4.9.3/../../../../arm-none-eabi/lib/armv7-m\libg_nano.a(lib_a-exit.o)
 .text.exit     0x00000000       0x28 c:/program files (x86)/cypress/psoc creator/4.0/psoc creator/import/gnu/arm/4.9.3/bin/../lib/gcc/arm-none-eabi/4.9.3/../../../../arm-none-eabi/lib/armv7-m\libg_nano.a(lib_a-exit.o)
 .text          0x00000000        0x0 c:/program files (x86)/cypress/psoc creator/4.0/psoc creator/import/gnu/arm/4.9.3/bin/../lib/gcc/arm-none-eabi/4.9.3/../../../../arm-none-eabi/lib/armv7-m\libg_nano.a(lib_a-impure.o)
 .data          0x00000000        0x0 c:/program files (x86)/cypress/psoc creator/4.0/psoc creator/import/gnu/arm/4.9.3/bin/../lib/gcc/arm-none-eabi/4.9.3/../../../../arm-none-eabi/lib/armv7-m\libg_nano.a(lib_a-impure.o)
 .bss           0x00000000        0x0 c:/program files (x86)/cypress/psoc creator/4.0/psoc creator/import/gnu/arm/4.9.3/bin/../lib/gcc/arm-none-eabi/4.9.3/../../../../arm-none-eabi/lib/armv7-m\libg_nano.a(lib_a-impure.o)
 .rodata._global_impure_ptr
                0x00000000        0x4 c:/program files (x86)/cypress/psoc creator/4.0/psoc creator/import/gnu/arm/4.9.3/bin/../lib/gcc/arm-none-eabi/4.9.3/../../../../arm-none-eabi/lib/armv7-m\libg_nano.a(lib_a-impure.o)
 .text          0x00000000        0x0 c:/program files (x86)/cypress/psoc creator/4.0/psoc creator/import/gnu/arm/4.9.3/bin/../lib/gcc/arm-none-eabi/4.9.3/../../../../arm-none-eabi/lib/armv7-m\libg_nano.a(lib_a-init.o)
 .data          0x00000000        0x0 c:/program files (x86)/cypress/psoc creator/4.0/psoc creator/import/gnu/arm/4.9.3/bin/../lib/gcc/arm-none-eabi/4.9.3/../../../../arm-none-eabi/lib/armv7-m\libg_nano.a(lib_a-init.o)
 .bss           0x00000000        0x0 c:/program files (x86)/cypress/psoc creator/4.0/psoc creator/import/gnu/arm/4.9.3/bin/../lib/gcc/arm-none-eabi/4.9.3/../../../../arm-none-eabi/lib/armv7-m\libg_nano.a(lib_a-init.o)
 .text          0x00000000        0x0 c:/program files (x86)/cypress/psoc creator/4.0/psoc creator/import/gnu/arm/4.9.3/bin/../lib/gcc/arm-none-eabi/4.9.3/../../../../arm-none-eabi/lib/armv7-m\libg_nano.a(lib_a-memcpy.o)
 .data          0x00000000        0x0 c:/program files (x86)/cypress/psoc creator/4.0/psoc creator/import/gnu/arm/4.9.3/bin/../lib/gcc/arm-none-eabi/4.9.3/../../../../arm-none-eabi/lib/armv7-m\libg_nano.a(lib_a-memcpy.o)
 .bss           0x00000000        0x0 c:/program files (x86)/cypress/psoc creator/4.0/psoc creator/import/gnu/arm/4.9.3/bin/../lib/gcc/arm-none-eabi/4.9.3/../../../../arm-none-eabi/lib/armv7-m\libg_nano.a(lib_a-memcpy.o)
 .text          0x00000000        0x0 c:/program files (x86)/cypress/psoc creator/4.0/psoc creator/import/gnu/arm/4.9.3/bin/../lib/gcc/arm-none-eabi/4.9.3/../../../../arm-none-eabi/lib/armv7-m\libg_nano.a(lib_a-memset.o)
 .data          0x00000000        0x0 c:/program files (x86)/cypress/psoc creator/4.0/psoc creator/import/gnu/arm/4.9.3/bin/../lib/gcc/arm-none-eabi/4.9.3/../../../../arm-none-eabi/lib/armv7-m\libg_nano.a(lib_a-memset.o)
 .bss           0x00000000        0x0 c:/program files (x86)/cypress/psoc creator/4.0/psoc creator/import/gnu/arm/4.9.3/bin/../lib/gcc/arm-none-eabi/4.9.3/../../../../arm-none-eabi/lib/armv7-m\libg_nano.a(lib_a-memset.o)
 .text          0x00000000        0x0 c:/program files (x86)/cypress/psoc creator/4.0/psoc creator/import/gnu/arm/4.9.3/bin/../lib/gcc/arm-none-eabi/4.9.3/armv7-m/crtend.o
 .data          0x00000000        0x0 c:/program files (x86)/cypress/psoc creator/4.0/psoc creator/import/gnu/arm/4.9.3/bin/../lib/gcc/arm-none-eabi/4.9.3/armv7-m/crtend.o
 .bss           0x00000000        0x0 c:/program files (x86)/cypress/psoc creator/4.0/psoc creator/import/gnu/arm/4.9.3/bin/../lib/gcc/arm-none-eabi/4.9.3/armv7-m/crtend.o
 .text          0x00000000        0x0 c:/program files (x86)/cypress/psoc creator/4.0/psoc creator/import/gnu/arm/4.9.3/bin/../lib/gcc/arm-none-eabi/4.9.3/armv7-m/crtn.o
 .data          0x00000000        0x0 c:/program files (x86)/cypress/psoc creator/4.0/psoc creator/import/gnu/arm/4.9.3/bin/../lib/gcc/arm-none-eabi/4.9.3/armv7-m/crtn.o
 .bss           0x00000000        0x0 c:/program files (x86)/cypress/psoc creator/4.0/psoc creator/import/gnu/arm/4.9.3/bin/../lib/gcc/arm-none-eabi/4.9.3/armv7-m/crtn.o

Memory Configuration

Name             Origin             Length             Attributes
rom              0x00000000         0x00040000         xr
ram              0x1fff8000         0x00010000         xrw
*default*        0x00000000         0xffffffff

Linker script and memory map

LOAD c:/program files (x86)/cypress/psoc creator/4.0/psoc creator/import/gnu/arm/4.9.3/bin/../lib/gcc/arm-none-eabi/4.9.3/armv7-m/crti.o
LOAD c:/program files (x86)/cypress/psoc creator/4.0/psoc creator/import/gnu/arm/4.9.3/bin/../lib/gcc/arm-none-eabi/4.9.3/armv7-m/crtbegin.o
LOAD c:/program files (x86)/cypress/psoc creator/4.0/psoc creator/import/gnu/arm/4.9.3/bin/../lib/gcc/arm-none-eabi/4.9.3/../../../../arm-none-eabi/lib/armv7-m/crt0.o
START GROUP
LOAD .\CortexM3\ARM_GCC_493\Debug\main.o
LOAD .\CortexM3\ARM_GCC_493\Debug\cymetadata.o
LOAD .\CortexM3\ARM_GCC_493\Debug\Cm3Start.o
LOAD .\CortexM3\ARM_GCC_493\Debug\Platform Bootstrap.a
LOAD C:\Program Files (x86)\Cypress\PSoC Creator\4.0\PSoC Creator\psoc\content\cycomponentlibrary\CyComponentLibrary.cylib\CortexM3\ARM_GCC_493\Debug\CyComponentLibrary.a
END GROUP
START GROUP
LOAD c:/program files (x86)/cypress/psoc creator/4.0/psoc creator/import/gnu/arm/4.9.3/bin/../lib/gcc/arm-none-eabi/4.9.3/armv7-m\libgcc.a
LOAD c:/program files (x86)/cypress/psoc creator/4.0/psoc creator/import/gnu/arm/4.9.3/bin/../lib/gcc/arm-none-eabi/4.9.3/../../../../arm-none-eabi/lib/armv7-m\libg_nano.a
LOAD c:/program files (x86)/cypress/psoc creator/4.0/psoc creator/import/gnu/arm/4.9.3/bin/../lib/gcc/arm-none-eabi/4.9.3/../../../../arm-none-eabi/lib/armv7-m\libc_nano.a
END GROUP
START GROUP
LOAD c:/program files (x86)/cypress/psoc creator/4.0/psoc creator/import/gnu/arm/4.9.3/bin/../lib/gcc/arm-none-eabi/4.9.3/armv7-m\libgcc.a
LOAD c:/program files (x86)/cypress/psoc creator/4.0/psoc creator/import/gnu/arm/4.9.3/bin/../lib/gcc/arm-none-eabi/4.9.3/../../../../arm-none-eabi/lib/armv7-m\libc_nano.a
END GROUP
LOAD c:/program files (x86)/cypress/psoc creator/4.0/psoc creator/import/gnu/arm/4.9.3/bin/../lib/gcc/arm-none-eabi/4.9.3/armv7-m/crtend.o
LOAD c:/program files (x86)/cypress/psoc creator/4.0/psoc creator/import/gnu/arm/4.9.3/bin/../lib/gcc/arm-none-eabi/4.9.3/armv7-m/crtn.o
START GROUP
LOAD c:/program files (x86)/cypress/psoc creator/4.0/psoc creator/import/gnu/arm/4.9.3/bin/../lib/gcc/arm-none-eabi/4.9.3/armv7-m\libgcc.a
LOAD c:/program files (x86)/cypress/psoc creator/4.0/psoc creator/import/gnu/arm/4.9.3/bin/../lib/gcc/arm-none-eabi/4.9.3/../../../../arm-none-eabi/lib/armv7-m\libc.a
LOAD c:/program files (x86)/cypress/psoc creator/4.0/psoc creator/import/gnu/arm/4.9.3/bin/../lib/gcc/arm-none-eabi/4.9.3/../../../../arm-none-eabi/lib/armv7-m\libnosys.a
END GROUP
                0x00000000                CY_APPL_ORIGIN = 0x0
                0x00000100                CY_FLASH_ROW_SIZE = 0x100
                0x00000020                CY_ECC_ROW_SIZE = 0x20
                0x00000000                CY_EE_IN_BTLDR = 0x0
                0x00000000                CY_APPL_LOADABLE = 0x0
                0x00000800                CY_EE_SIZE = 0x800
                0x00000001                CY_APPL_NUM = 0x1
                0x00000001                CY_APPL_MAX = 0x1
                0x00000040                CY_METADATA_SIZE = 0x40
                0x00000000                CY_APPL_LOADABLE = 0x0
                0x00000000                CY_CHECKSUM_EXCLUDE_SIZE = ALIGN (0x0, CY_FLASH_ROW_SIZE)
                0x1fff8200                PROVIDE (__cy_heap_start, _end)
                0x00000001                PROVIDE (__cy_region_num, ((__cy_regions_end - __cy_regions) / 0x10))
                0x20008000                PROVIDE (__cy_stack, (ORIGIN (ram) + 0x10000))
                0x20007800                PROVIDE (__cy_heap_end, (__cy_stack - 0x800))

.cybootloader   0x00000000        0x0
 *(.cybootloader)
                0x00000000                appl1_start = CY_APPL_ORIGIN?CY_APPL_ORIGIN:ALIGN (CY_FLASH_ROW_SIZE)
                0x0001ff00                appl2_start = (appl1_start + ALIGN ((((0x40000 - appl1_start) - (0x2 * CY_FLASH_ROW_SIZE)) / 0x2), CY_FLASH_ROW_SIZE))
                0x00000000                appl_start = (CY_APPL_NUM == 0x1)?appl1_start:appl2_start
                0x00000000                ecc_offset = ((appl_start / CY_FLASH_ROW_SIZE) * CY_ECC_ROW_SIZE)
                0x00000000                ee_offset = (CY_APPL_LOADABLE && ! (CY_EE_IN_BTLDR))?((CY_EE_SIZE / CY_APPL_MAX) * (CY_APPL_NUM - 0x1)):0x0
                0x00000800                ee_size = (CY_APPL_LOADABLE && ! (CY_EE_IN_BTLDR))?(CY_EE_SIZE / CY_APPL_MAX):CY_EE_SIZE
                0x00000000                PROVIDE (CY_ECC_OFFSET, ecc_offset)

.text           0x00000000     0x1570
 CREATE_OBJECT_SYMBOLS
                0x00000000                PROVIDE (__cy_interrupt_vector, RomVectors)
 *(.romvectors)
 .romvectors    0x00000000       0x10 .\CortexM3\ARM_GCC_493\Debug\Cm3Start.o
                0x00000000                RomVectors
                0x00000001                ASSERT ((. != __cy_interrupt_vector), No interrupt vector)
                0x00000001                ASSERT (CY_APPL_ORIGIN?(SIZEOF (.cybootloader) <= CY_APPL_ORIGIN):0x1, Wrong image location)
                0x00000010                PROVIDE (__cy_reset, Reset)
 *(.text.Reset)
 .text.Reset    0x00000010       0x28 .\CortexM3\ARM_GCC_493\Debug\Cm3Start.o
                0x00000010                Reset
                0x00000001                ASSERT ((. != __cy_reset), No reset code)
 *(.dma_init)
                0x00000001                ASSERT ((((appl_start + .) <= 0x10000) || 0x1), DMA Init must be within the first 64k of flash)
 *(.text .text.* .gnu.linkonce.t.*)
 .text          0x00000038       0x5c c:/program files (x86)/cypress/psoc creator/4.0/psoc creator/import/gnu/arm/4.9.3/bin/../lib/gcc/arm-none-eabi/4.9.3/armv7-m/crtbegin.o
 .text.main     0x00000094       0x30 .\CortexM3\ARM_GCC_493\Debug\main.o
                0x00000094                main
 .text.IntDefaultHandler
                0x000000c4       0x10 .\CortexM3\ARM_GCC_493\Debug\Cm3Start.o
                0x000000c4                IntDefaultHandler
 .text.Start_c  0x000000d4       0x4c .\CortexM3\ARM_GCC_493\Debug\Cm3Start.o
                0x000000d4                Start_c
 .text.initialize_psoc
                0x00000120       0x74 .\CortexM3\ARM_GCC_493\Debug\Cm3Start.o
                0x00000120                initialize_psoc
 .text.CyClockStartupError
                0x00000194        0x4 .\CortexM3\ARM_GCC_493\Debug\Platform Bootstrap.a(cyfitter_cfg.o)
 .text.cfg_write_bytes32
                0x00000198       0x34 .\CortexM3\ARM_GCC_493\Debug\Platform Bootstrap.a(cyfitter_cfg.o)
 .text.AnalogSetDefault
                0x000001cc       0x28 .\CortexM3\ARM_GCC_493\Debug\Platform Bootstrap.a(cyfitter_cfg.o)
 .text.CYMEMZERO
                0x000001f4        0xc .\CortexM3\ARM_GCC_493\Debug\Platform Bootstrap.a(cyfitter_cfg.o)
 .text.CYCONFIGCPYCODE
                0x00000200        0x8 .\CortexM3\ARM_GCC_493\Debug\Platform Bootstrap.a(cyfitter_cfg.o)
 .text.CYCONFIGCPY
                0x00000208        0x8 .\CortexM3\ARM_GCC_493\Debug\Platform Bootstrap.a(cyfitter_cfg.o)
 .text.ClockSetup
                0x00000210       0xb4 .\CortexM3\ARM_GCC_493\Debug\Platform Bootstrap.a(cyfitter_cfg.o)
 .text.cyfitter_cfg
                0x000002c4       0xd8 .\CortexM3\ARM_GCC_493\Debug\Platform Bootstrap.a(cyfitter_cfg.o)
                0x000002c4                cyfitter_cfg
 .text.Bootloader_CalcPacketChecksum
                0x0000039c       0x1c .\CortexM3\ARM_GCC_493\Debug\Platform Bootstrap.a(Bootloader.o)
 .text.Bootloader_LaunchBootloadable
                0x000003b8        0x4 .\CortexM3\ARM_GCC_493\Debug\Platform Bootstrap.a(Bootloader.o)
 .text.Bootloader_LaunchApplication
                0x000003bc       0x14 .\CortexM3\ARM_GCC_493\Debug\Platform Bootstrap.a(Bootloader.o)
 .text.Bootloader_WritePacket
                0x000003d0       0x54 .\CortexM3\ARM_GCC_493\Debug\Platform Bootstrap.a(Bootloader.o)
 .text.Bootloader_Calc8BitSum
                0x00000424       0x30 .\CortexM3\ARM_GCC_493\Debug\Platform Bootstrap.a(Bootloader.o)
                0x00000424                Bootloader_Calc8BitSum
 .text.Bootloader_SetFlashByte
                0x00000454       0x3c .\CortexM3\ARM_GCC_493\Debug\Platform Bootstrap.a(Bootloader.o)
                0x00000454                Bootloader_SetFlashByte
 .text.Bootloader_GetMetadata
                0x00000490      0x114 .\CortexM3\ARM_GCC_493\Debug\Platform Bootstrap.a(Bootloader.o)
                0x00000490                Bootloader_GetMetadata
 .text.CyBtldr_CheckLaunch
                0x000005a4       0x30 .\CortexM3\ARM_GCC_493\Debug\Platform Bootstrap.a(Bootloader.o)
                0x000005a4                CyBtldr_CheckLaunch
 .text.Bootloader_ValidateBootloadable
                0x000005d4       0x94 .\CortexM3\ARM_GCC_493\Debug\Platform Bootstrap.a(Bootloader.o)
                0x000005d4                Bootloader_ValidateBootloadable
 .text.Bootloader_Exit
                0x00000668       0x54 .\CortexM3\ARM_GCC_493\Debug\Platform Bootstrap.a(Bootloader.o)
                0x00000668                Bootloader_Exit
 .text.Bootloader_HostLink
                0x000006bc      0x484 .\CortexM3\ARM_GCC_493\Debug\Platform Bootstrap.a(Bootloader.o)
 .text.Bootloader_Start
                0x00000b40       0x68 .\CortexM3\ARM_GCC_493\Debug\Platform Bootstrap.a(Bootloader.o)
                0x00000b40                Bootloader_Start
 .text.FT232_UART_Init
                0x00000ba8       0x44 .\CortexM3\ARM_GCC_493\Debug\Platform Bootstrap.a(FT232_UART.o)
                0x00000ba8                FT232_UART_Init
 .text.FT232_UART_Enable
                0x00000bec       0x44 .\CortexM3\ARM_GCC_493\Debug\Platform Bootstrap.a(FT232_UART.o)
                0x00000bec                FT232_UART_Enable
 .text.FT232_UART_Start
                0x00000c30       0x1c .\CortexM3\ARM_GCC_493\Debug\Platform Bootstrap.a(FT232_UART.o)
                0x00000c30                FT232_UART_Start
 .text.FT232_UART_Stop
                0x00000c4c       0x48 .\CortexM3\ARM_GCC_493\Debug\Platform Bootstrap.a(FT232_UART.o)
                0x00000c4c                FT232_UART_Stop
 .text.FT232_UART_ReadRxData
                0x00000c94       0x64 .\CortexM3\ARM_GCC_493\Debug\Platform Bootstrap.a(FT232_UART.o)
                0x00000c94                FT232_UART_ReadRxData
 .text.FT232_UART_GetRxBufferSize
                0x00000cf8       0x5c .\CortexM3\ARM_GCC_493\Debug\Platform Bootstrap.a(FT232_UART.o)
                0x00000cf8                FT232_UART_GetRxBufferSize
 .text.FT232_UART_ClearRxBuffer
                0x00000d54       0x44 .\CortexM3\ARM_GCC_493\Debug\Platform Bootstrap.a(FT232_UART.o)
                0x00000d54                FT232_UART_ClearRxBuffer
 .text.FT232_UART_PutChar
                0x00000d98       0x18 .\CortexM3\ARM_GCC_493\Debug\Platform Bootstrap.a(FT232_UART.o)
                0x00000d98                FT232_UART_PutChar
 .text.FT232_UART_ClearTxBuffer
                0x00000db0       0x24 .\CortexM3\ARM_GCC_493\Debug\Platform Bootstrap.a(FT232_UART.o)
                0x00000db0                FT232_UART_ClearTxBuffer
 .text.FT232_UART_RXISR
                0x00000dd4       0x94 .\CortexM3\ARM_GCC_493\Debug\Platform Bootstrap.a(FT232_UART_INT.o)
                0x00000dd4                FT232_UART_RXISR
 .text.FT232_UART_CyBtldrCommStart
                0x00000e68       0x10 .\CortexM3\ARM_GCC_493\Debug\Platform Bootstrap.a(FT232_UART_BOOT.o)
                0x00000e68                FT232_UART_CyBtldrCommStart
 .text.FT232_UART_CyBtldrCommStop
                0x00000e78        0x8 .\CortexM3\ARM_GCC_493\Debug\Platform Bootstrap.a(FT232_UART_BOOT.o)
                0x00000e78                FT232_UART_CyBtldrCommStop
 .text.FT232_UART_CyBtldrCommWrite
                0x00000e80       0x24 .\CortexM3\ARM_GCC_493\Debug\Platform Bootstrap.a(FT232_UART_BOOT.o)
                0x00000e80                FT232_UART_CyBtldrCommWrite
 .text.FT232_UART_CyBtldrCommRead
                0x00000ea4       0xa8 .\CortexM3\ARM_GCC_493\Debug\Platform Bootstrap.a(FT232_UART_BOOT.o)
                0x00000ea4                FT232_UART_CyBtldrCommRead
 .text.FT232_UART_IntClock_Start
                0x00000f4c       0x1c .\CortexM3\ARM_GCC_493\Debug\Platform Bootstrap.a(FT232_UART_IntClock.o)
                0x00000f4c                FT232_UART_IntClock_Start
 .text.FT232_UART_IntClock_Stop
                0x00000f68       0x1c .\CortexM3\ARM_GCC_493\Debug\Platform Bootstrap.a(FT232_UART_IntClock.o)
                0x00000f68                FT232_UART_IntClock_Stop
 .text.CyFlashGetSpcAlgorithm
                0x00000f84       0x4c .\CortexM3\ARM_GCC_493\Debug\Platform Bootstrap.a(CyFlash.o)
 .text.CySetTempInt
                0x00000fd0       0x60 .\CortexM3\ARM_GCC_493\Debug\Platform Bootstrap.a(CyFlash.o)
 .text.CySetTemp
                0x00001030       0x14 .\CortexM3\ARM_GCC_493\Debug\Platform Bootstrap.a(CyFlash.o)
                0x00001030                CySetTemp
 .text.CyWriteRowFull
                0x00001044       0xf8 .\CortexM3\ARM_GCC_493\Debug\Platform Bootstrap.a(CyFlash.o)
                0x00001044                CyWriteRowFull
 .text.CyWriteRowData
                0x0000113c       0x14 .\CortexM3\ARM_GCC_493\Debug\Platform Bootstrap.a(CyFlash.o)
                0x0000113c                CyWriteRowData
 .text.CyEEPROM_Start
                0x00001150       0x54 .\CortexM3\ARM_GCC_493\Debug\Platform Bootstrap.a(CyFlash.o)
                0x00001150                CyEEPROM_Start
 .text.CyHalt   0x000011a4        0x4 .\CortexM3\ARM_GCC_493\Debug\Platform Bootstrap.a(CyLib.o)
                0x000011a4                CyHalt
 .text.CySoftwareReset
                0x000011a8       0x10 .\CortexM3\ARM_GCC_493\Debug\Platform Bootstrap.a(CyLib.o)
                0x000011a8                CySoftwareReset
 .text.CyDelay  0x000011b8       0x2c .\CortexM3\ARM_GCC_493\Debug\Platform Bootstrap.a(CyLib.o)
                0x000011b8                CyDelay
 .text.CyDelayUs
                0x000011e4       0x14 .\CortexM3\ARM_GCC_493\Debug\Platform Bootstrap.a(CyLib.o)
                0x000011e4                CyDelayUs
 .text.CyFlushCache
                0x000011f8       0x44 .\CortexM3\ARM_GCC_493\Debug\Platform Bootstrap.a(CyLib.o)
                0x000011f8                CyFlushCache
 .text.CyIntSetVector
                0x0000123c       0x28 .\CortexM3\ARM_GCC_493\Debug\Platform Bootstrap.a(CyLib.o)
                0x0000123c                CyIntSetVector
 .text.CyIntSetPriority
                0x00001264       0x30 .\CortexM3\ARM_GCC_493\Debug\Platform Bootstrap.a(CyLib.o)
                0x00001264                CyIntSetPriority
 .text.CySpcStart
                0x00001294       0x24 .\CortexM3\ARM_GCC_493\Debug\Platform Bootstrap.a(CySpc.o)
                0x00001294                CySpcStart
 .text.CySpcReadData
                0x000012b8       0x34 .\CortexM3\ARM_GCC_493\Debug\Platform Bootstrap.a(CySpc.o)
                0x000012b8                CySpcReadData
 .text.CySpcLoadRowFull
                0x000012ec       0x80 .\CortexM3\ARM_GCC_493\Debug\Platform Bootstrap.a(CySpc.o)
                0x000012ec                CySpcLoadRowFull
 .text.CySpcWriteRow
                0x0000136c       0x4c .\CortexM3\ARM_GCC_493\Debug\Platform Bootstrap.a(CySpc.o)
                0x0000136c                CySpcWriteRow
 .text.CySpcGetTemp
                0x000013b8       0x3c .\CortexM3\ARM_GCC_493\Debug\Platform Bootstrap.a(CySpc.o)
                0x000013b8                CySpcGetTemp
 .text.CySpcLock
                0x000013f4       0x4c .\CortexM3\ARM_GCC_493\Debug\Platform Bootstrap.a(CySpc.o)
                0x000013f4                CySpcLock
 .text.CySpcUnlock
                0x00001440       0x38 .\CortexM3\ARM_GCC_493\Debug\Platform Bootstrap.a(CySpc.o)
                0x00001440                CySpcUnlock
 .text.CySpcGetAlgorithm
                0x00001478       0x28 .\CortexM3\ARM_GCC_493\Debug\Platform Bootstrap.a(CySpc.o)
                0x00001478                CySpcGetAlgorithm
 .text.FT232_Detect_Read
                0x000014a0        0xc .\CortexM3\ARM_GCC_493\Debug\Platform Bootstrap.a(FT232_Detect.o)
                0x000014a0                FT232_Detect_Read
 .text.Status_LED_Write
                0x000014ac       0x18 .\CortexM3\ARM_GCC_493\Debug\Platform Bootstrap.a(Status_LED.o)
                0x000014ac                Status_LED_Write
 *fill*         0x000014c4        0x4 
 .text          0x000014c8       0x20 .\CortexM3\ARM_GCC_493\Debug\Platform Bootstrap.a(CyBootAsmGnu.o)
                0x000014c8                CyDelayCycles
                0x000014d8                CyEnterCriticalSection
                0x000014e0                CyExitCriticalSection
 .text.__errno  0x000014e8        0xc c:/program files (x86)/cypress/psoc creator/4.0/psoc creator/import/gnu/arm/4.9.3/bin/../lib/gcc/arm-none-eabi/4.9.3/../../../../arm-none-eabi/lib/armv7-m\libg_nano.a(lib_a-errno.o)
                0x000014e8                __errno
 .text.__libc_init_array
                0x000014f4       0x4c c:/program files (x86)/cypress/psoc creator/4.0/psoc creator/import/gnu/arm/4.9.3/bin/../lib/gcc/arm-none-eabi/4.9.3/../../../../arm-none-eabi/lib/armv7-m\libg_nano.a(lib_a-init.o)
                0x000014f4                __libc_init_array
 .text.memcpy   0x00001540       0x16 c:/program files (x86)/cypress/psoc creator/4.0/psoc creator/import/gnu/arm/4.9.3/bin/../lib/gcc/arm-none-eabi/4.9.3/../../../../arm-none-eabi/lib/armv7-m\libg_nano.a(lib_a-memcpy.o)
                0x00001540                memcpy
 .text.memset   0x00001556       0x10 c:/program files (x86)/cypress/psoc creator/4.0/psoc creator/import/gnu/arm/4.9.3/bin/../lib/gcc/arm-none-eabi/4.9.3/../../../../arm-none-eabi/lib/armv7-m\libg_nano.a(lib_a-memset.o)
                0x00001556                memset
 *(.plt)
 *(.gnu.warning)
 *(.glue_7t)
 .glue_7t       0x00000000        0x0 linker stubs
 *(.glue_7)
 .glue_7        0x00000000        0x0 linker stubs
 *(.vfp11_veneer)
 .vfp11_veneer  0x00000000        0x0 linker stubs
 *(.bootloader)
 *fill*         0x00001566        0x2 
 .bootloader    0x00001568        0x8 .\CortexM3\ARM_GCC_493\Debug\Platform Bootstrap.a(Bootloader.o)
                0x00001568                Bootloader_SizeBytes
                0x0000156c                Bootloader_Checksum
 *(.ARM.extab* .gnu.linkonce.armextab.*)
 *(.gcc_except_table)

.v4_bx          0x00001570        0x0
 .v4_bx         0x00000000        0x0 linker stubs

.iplt           0x00001570        0x0
 .iplt          0x00000000        0x0 c:/program files (x86)/cypress/psoc creator/4.0/psoc creator/import/gnu/arm/4.9.3/bin/../lib/gcc/arm-none-eabi/4.9.3/armv7-m/crtbegin.o

.eh_frame_hdr
 *(.eh_frame_hdr)

.eh_frame       0x00001570        0x4
 *(.eh_frame)
 .eh_frame      0x00001570        0x0 c:/program files (x86)/cypress/psoc creator/4.0/psoc creator/import/gnu/arm/4.9.3/bin/../lib/gcc/arm-none-eabi/4.9.3/armv7-m/crtbegin.o
 .eh_frame      0x00001570        0x4 c:/program files (x86)/cypress/psoc creator/4.0/psoc creator/import/gnu/arm/4.9.3/bin/../lib/gcc/arm-none-eabi/4.9.3/armv7-m/crtend.o
                0x00001574                PROVIDE (__exidx_start, .)

.ARM.exidx
 *(.ARM.exidx* .gnu.linkonce.armexidx.*)
                0x00001574                __exidx_end = .

.rodata         0x00001574      0x464
 *(.rodata .rodata.* .gnu.linkonce.r.*)
 .rodata        0x00001574      0x424 .\CortexM3\ARM_GCC_493\Debug\Platform Bootstrap.a(cyfitter_cfg.o)
 .rodata        0x00001998        0x8 .\CortexM3\ARM_GCC_493\Debug\Platform Bootstrap.a(Bootloader.o)
 .rodata.str1.1
                0x000019a0        0x2 c:/program files (x86)/cypress/psoc creator/4.0/psoc creator/import/gnu/arm/4.9.3/bin/../lib/gcc/arm-none-eabi/4.9.3/../../../../arm-none-eabi/lib/armv7-m\libg_nano.a(lib_a-impure.o)
                0x000019a4                . = ALIGN (0x4)
 *fill*         0x000019a2        0x2 
 *(.init)
 .init          0x000019a4        0x4 c:/program files (x86)/cypress/psoc creator/4.0/psoc creator/import/gnu/arm/4.9.3/bin/../lib/gcc/arm-none-eabi/4.9.3/armv7-m/crti.o
                0x000019a4                _init
 .init          0x000019a8        0x8 c:/program files (x86)/cypress/psoc creator/4.0/psoc creator/import/gnu/arm/4.9.3/bin/../lib/gcc/arm-none-eabi/4.9.3/armv7-m/crtn.o
                0x000019b0                . = ALIGN (0x4)
                0x000019b0                __preinit_array_start = .
 *(.preinit_array)
                0x000019b0                __preinit_array_end = .
                0x000019b0                . = ALIGN (0x4)
                0x000019b0                __init_array_start = .
 *(SORT(.init_array.*))
 *(.init_array)
 .init_array    0x000019b0        0x4 c:/program files (x86)/cypress/psoc creator/4.0/psoc creator/import/gnu/arm/4.9.3/bin/../lib/gcc/arm-none-eabi/4.9.3/armv7-m/crtbegin.o
 .init_array    0x000019b4        0x4 .\CortexM3\ARM_GCC_493\Debug\Cm3Start.o
                0x000019b8                __init_array_end = .
                0x000019b8                . = ALIGN (0x4)
 *(.fini)
 .fini          0x000019b8        0x4 c:/program files (x86)/cypress/psoc creator/4.0/psoc creator/import/gnu/arm/4.9.3/bin/../lib/gcc/arm-none-eabi/4.9.3/armv7-m/crti.o
                0x000019b8                _fini
 .fini          0x000019bc        0x8 c:/program files (x86)/cypress/psoc creator/4.0/psoc creator/import/gnu/arm/4.9.3/bin/../lib/gcc/arm-none-eabi/4.9.3/armv7-m/crtn.o
                0x000019c4                . = ALIGN (0x4)
                0x000019c4                __fini_array_start = .
 *(.fini_array)
 .fini_array    0x000019c4        0x4 c:/program files (x86)/cypress/psoc creator/4.0/psoc creator/import/gnu/arm/4.9.3/bin/../lib/gcc/arm-none-eabi/4.9.3/armv7-m/crtbegin.o
 *(SORT(.fini_array.*))
                0x000019c8                __fini_array_end = .
                0x000019c8                . = ALIGN (0x4)
 *crtbegin.o(.ctors)
 *(EXCLUDE_FILE(*crtend.o) .ctors)
 *(SORT(.ctors.*))
 *crtend.o(.ctors)
                0x000019c8                . = ALIGN (0x4)
 *crtbegin.o(.dtors)
 *(EXCLUDE_FILE(*crtend.o) .dtors)
 *(SORT(.dtors.*))
 *crtend.o(.dtors)
                0x000019c8                . = ALIGN (0x4)
                0x000019c8                __cy_regions = .
                0x000019c8        0x4 LONG 0x19d8 __cy_region_init_ram
                0x000019cc        0x4 LONG 0x1fff8108 __cy_region_start_data
                0x000019d0        0x4 LONG 0x80 __cy_region_init_size_ram
                0x000019d4        0x4 LONG 0x78 __cy_region_zero_size_ram
                0x000019d8                __cy_regions_end = .
                0x000019d8                . = ALIGN (0x8)
                0x000019d8                _etext = .

.cy_checksum_exclude
                0x000019d8        0x0
 *(.cy_checksum_exclude)

.ramvectors     0x1fff8000      0x100
                0x1fff8000                __cy_region_start_ram = .
 *(.ramvectors)
 .ramvectors    0x1fff8000      0x100 .\CortexM3\ARM_GCC_493\Debug\Cm3Start.o
                0x1fff8000                CyRamVectors

.noinit         0x1fff8100        0x5
 *(.noinit)
 .noinit        0x1fff8100        0x4 .\CortexM3\ARM_GCC_493\Debug\Cm3Start.o
 .noinit        0x1fff8104        0x1 .\CortexM3\ARM_GCC_493\Debug\Platform Bootstrap.a(CyLib.o)
                0x1fff8104                CyResetStatus

.data           0x1fff8108       0x80 load address 0x000019d8
                0x1fff8108                __cy_region_start_data = .
 *(.jcr)
 .jcr           0x1fff8108        0x0 c:/program files (x86)/cypress/psoc creator/4.0/psoc creator/import/gnu/arm/4.9.3/bin/../lib/gcc/arm-none-eabi/4.9.3/armv7-m/crtbegin.o
 .jcr           0x1fff8108        0x4 c:/program files (x86)/cypress/psoc creator/4.0/psoc creator/import/gnu/arm/4.9.3/bin/../lib/gcc/arm-none-eabi/4.9.3/armv7-m/crtend.o
 *(.got.plt)
 *(.got)
 *(.shdata)
 *(.data .data.* .gnu.linkonce.d.*)
 .data          0x1fff810c        0x8 .\CortexM3\ARM_GCC_493\Debug\Platform Bootstrap.a(Bootloader.o)
                0x1fff810c                Bootloader_SizeBytesAccess
                0x1fff8110                Bootloader_ChecksumAccess
 .data          0x1fff8114       0x10 .\CortexM3\ARM_GCC_493\Debug\Platform Bootstrap.a(CyLib.o)
                0x1fff8114                cydelay_32k_ms
                0x1fff8118                cydelay_freq_khz
                0x1fff811c                cydelay_freq_mhz
                0x1fff8120                cydelay_freq_hz
 .data.impure_data
                0x1fff8124       0x60 c:/program files (x86)/cypress/psoc creator/4.0/psoc creator/import/gnu/arm/4.9.3/bin/../lib/gcc/arm-none-eabi/4.9.3/../../../../arm-none-eabi/lib/armv7-m\libg_nano.a(lib_a-impure.o)
 .data._impure_ptr
                0x1fff8184        0x4 c:/program files (x86)/cypress/psoc creator/4.0/psoc creator/import/gnu/arm/4.9.3/bin/../lib/gcc/arm-none-eabi/4.9.3/../../../../arm-none-eabi/lib/armv7-m\libg_nano.a(lib_a-impure.o)
                0x1fff8184                _impure_ptr
                0x1fff8188                . = ALIGN (0x8)
 *(.ram)
                0x1fff8188                _edata = .

.igot.plt       0x1fff8188        0x0 load address 0x00001a58
 .igot.plt      0x00000000        0x0 c:/program files (x86)/cypress/psoc creator/4.0/psoc creator/import/gnu/arm/4.9.3/bin/../lib/gcc/arm-none-eabi/4.9.3/armv7-m/crtbegin.o

.bss            0x1fff8188       0x78 load address 0x00001a58
                0x1fff8188                PROVIDE (__bss_start__, .)
 *(.shbss)
 *(.bss .bss.* .gnu.linkonce.b.*)
 .bss           0x1fff8188       0x1c c:/program files (x86)/cypress/psoc creator/4.0/psoc creator/import/gnu/arm/4.9.3/bin/../lib/gcc/arm-none-eabi/4.9.3/armv7-m/crtbegin.o
 .bss           0x1fff81a4        0x4 .\CortexM3\ARM_GCC_493\Debug\Platform Bootstrap.a(Bootloader.o)
 .bss           0x1fff81a8        0x7 .\CortexM3\ARM_GCC_493\Debug\Platform Bootstrap.a(FT232_UART.o)
                0x1fff81a8                FT232_UART_errorStatus
                0x1fff81a9                FT232_UART_initVar
                0x1fff81aa                FT232_UART_rxBufferRead
                0x1fff81ab                FT232_UART_rxBufferWrite
                0x1fff81ac                FT232_UART_rxBufferLoopDetect
                0x1fff81ad                FT232_UART_rxBufferOverflow
 *fill*         0x1fff81af        0x1 
 .bss           0x1fff81b0        0x8 .\CortexM3\ARM_GCC_493\Debug\Platform Bootstrap.a(CySpc.o)
                0x1fff81b0                SpcLockState
 *(COMMON)
 COMMON         0x1fff81b8       0x40 .\CortexM3\ARM_GCC_493\Debug\Platform Bootstrap.a(FT232_UART.o)
                0x1fff81b8                FT232_UART_rxBuffer
 COMMON         0x1fff81f8        0x2 .\CortexM3\ARM_GCC_493\Debug\Platform Bootstrap.a(CyFlash.o)
                0x1fff81f8                dieTemperature
                0x1fff8200                . = ALIGN (0x8)
 *fill*         0x1fff81fa        0x6 
 *(.ram.b)
                0x1fff8200                _end = .
                0x1fff8200                __end = .
                0x1fff8200                PROVIDE (end, .)
                0x1fff8200                PROVIDE (__bss_end__, .)
                0x000019d8                __cy_region_init_ram = LOADADDR (.data)
                0x00000080                __cy_region_init_size_ram = (_edata - ADDR (.data))
                0x00000078                __cy_region_zero_size_ram = (_end - _edata)

.heap           0x1fff8200       0x80 load address 0x00001a58
                0x1fff8200                . = _end
                0x1fff8280                . = (. + 0x80)
 *fill*         0x1fff8200       0x80 
                0x1fff8280                __cy_heap_limit = .

.stack          0x20007800      0x800
                0x20007800                __cy_stack_limit = .
                0x20008000                . = (. + 0x800)
 *fill*         0x20007800      0x800 
                0x00000001                ASSERT ((__cy_stack_limit >= __cy_heap_limit), region RAM overflowed with stack)
                0x00000000                cy_checksum_exclude_size = (CY_APPL_LOADABLE == 0x1)?SIZEOF (.cy_checksum_exclude):0x0
                0x00000001                ASSERT ((cy_checksum_exclude_size <= CY_CHECKSUM_EXCLUDE_SIZE), CY_BOOT: Section .cy_checksum_exclude size exceedes specified limit.)

.cyloadermeta   0x0003ffc0       0x40
 *(.cyloadermeta)
 .cyloadermeta  0x0003ffc0       0x40 .\CortexM3\ARM_GCC_493\Debug\cymetadata.o
                0x0003ffc0                cy_meta_loader

.cyloadablemeta
 *(.cyloadablemeta)

.cyconfigecc    0x80000000        0x4
 *(.cyconfigecc)
 .cyconfigecc   0x80000000        0x4 .\CortexM3\ARM_GCC_493\Debug\cymetadata.o
                0x80000000                cy_meta_configecc

.cycustnvl      0x90000000        0x4
 *(.cycustnvl)
 .cycustnvl     0x90000000        0x4 .\CortexM3\ARM_GCC_493\Debug\cymetadata.o
                0x90000000                cy_meta_custnvl

.cywolatch      0x90100000        0x4
 *(.cywolatch)
 .cywolatch     0x90100000        0x4 .\CortexM3\ARM_GCC_493\Debug\cymetadata.o
                0x90100000                cy_meta_wonvl

.cyeeprom       0x90200000        0x0
 *(.cyeeprom)
                0x00000001                ASSERT ((. <= ((0x90200000 + ee_offset) + ee_size)), .cyeeprom data will not fit in EEPROM)

.cyflashprotect
                0x90400000      0x100
 *(.cyflashprotect)
 .cyflashprotect
                0x90400000      0x100 .\CortexM3\ARM_GCC_493\Debug\cymetadata.o
                0x90400000                cy_meta_flashprotect

.cymeta         0x90500000        0xc
 *(.cymeta)
 .cymeta        0x90500000        0xc .\CortexM3\ARM_GCC_493\Debug\cymetadata.o
                0x90500000                cy_metadata

.rel.dyn        0x00001a58        0x0 load address 0x9050000c
 .rel.iplt      0x00000000        0x0 c:/program files (x86)/cypress/psoc creator/4.0/psoc creator/import/gnu/arm/4.9.3/bin/../lib/gcc/arm-none-eabi/4.9.3/armv7-m/crtbegin.o

.stab
 *(.stab)

.stabstr
 *(.stabstr)

.debug
 *(.debug)

.line
 *(.line)

.debug_srcinfo
 *(.debug_srcinfo)

.debug_sfnames
 *(.debug_sfnames)

.debug_aranges  0x00000000      0x7e0
 *(.debug_aranges)
 .debug_aranges
                0x00000000       0x20 .\CortexM3\ARM_GCC_493\Debug\main.o
 .debug_aranges
                0x00000020       0x18 .\CortexM3\ARM_GCC_493\Debug\cymetadata.o
 .debug_aranges
                0x00000038       0x48 .\CortexM3\ARM_GCC_493\Debug\Cm3Start.o
 .debug_aranges
                0x00000080       0x60 .\CortexM3\ARM_GCC_493\Debug\Platform Bootstrap.a(cyfitter_cfg.o)
 .debug_aranges
                0x000000e0       0x80 .\CortexM3\ARM_GCC_493\Debug\Platform Bootstrap.a(Bootloader.o)
 .debug_aranges
                0x00000160       0xf0 .\CortexM3\ARM_GCC_493\Debug\Platform Bootstrap.a(FT232_UART.o)
 .debug_aranges
                0x00000250       0x20 .\CortexM3\ARM_GCC_493\Debug\Platform Bootstrap.a(FT232_UART_INT.o)
 .debug_aranges
                0x00000270       0x40 .\CortexM3\ARM_GCC_493\Debug\Platform Bootstrap.a(FT232_UART_BOOT.o)
 .debug_aranges
                0x000002b0       0x70 .\CortexM3\ARM_GCC_493\Debug\Platform Bootstrap.a(FT232_UART_IntClock.o)
 .debug_aranges
                0x00000320       0x80 .\CortexM3\ARM_GCC_493\Debug\Platform Bootstrap.a(CyFlash.o)
 .debug_aranges
                0x000003a0      0x2a0 .\CortexM3\ARM_GCC_493\Debug\Platform Bootstrap.a(CyLib.o)
 .debug_aranges
                0x00000640       0x98 .\CortexM3\ARM_GCC_493\Debug\Platform Bootstrap.a(cyPm.o)
 .debug_aranges
                0x000006d8       0x78 .\CortexM3\ARM_GCC_493\Debug\Platform Bootstrap.a(CySpc.o)
 .debug_aranges
                0x00000750       0x38 .\CortexM3\ARM_GCC_493\Debug\Platform Bootstrap.a(FT232_Detect.o)
 .debug_aranges
                0x00000788       0x38 .\CortexM3\ARM_GCC_493\Debug\Platform Bootstrap.a(Status_LED.o)
 .debug_aranges
                0x000007c0       0x20 .\CortexM3\ARM_GCC_493\Debug\Platform Bootstrap.a(CyBootAsmGnu.o)

.debug_pubnames
 *(.debug_pubnames)

.debug_info     0x00000000     0x52f0
 *(.debug_info .gnu.linkonce.wi.*)
 .debug_info    0x00000000      0x184 .\CortexM3\ARM_GCC_493\Debug\main.o
 .debug_info    0x00000184      0x160 .\CortexM3\ARM_GCC_493\Debug\cymetadata.o
 .debug_info    0x000002e4      0x3c3 .\CortexM3\ARM_GCC_493\Debug\Cm3Start.o
 .debug_info    0x000006a7      0x5a4 .\CortexM3\ARM_GCC_493\Debug\Platform Bootstrap.a(cyfitter_cfg.o)
 .debug_info    0x00000c4b      0xcbc .\CortexM3\ARM_GCC_493\Debug\Platform Bootstrap.a(Bootloader.o)
 .debug_info    0x00001907      0x751 .\CortexM3\ARM_GCC_493\Debug\Platform Bootstrap.a(FT232_UART.o)
 .debug_info    0x00002058      0x145 .\CortexM3\ARM_GCC_493\Debug\Platform Bootstrap.a(FT232_UART_INT.o)
 .debug_info    0x0000219d      0x322 .\CortexM3\ARM_GCC_493\Debug\Platform Bootstrap.a(FT232_UART_BOOT.o)
 .debug_info    0x000024bf      0x283 .\CortexM3\ARM_GCC_493\Debug\Platform Bootstrap.a(FT232_UART_IntClock.o)
 .debug_info    0x00002742      0x608 .\CortexM3\ARM_GCC_493\Debug\Platform Bootstrap.a(CyFlash.o)
 .debug_info    0x00002d4a     0x1385 .\CortexM3\ARM_GCC_493\Debug\Platform Bootstrap.a(CyLib.o)
 .debug_info    0x000040cf      0xa57 .\CortexM3\ARM_GCC_493\Debug\Platform Bootstrap.a(cyPm.o)
 .debug_info    0x00004b26      0x4ea .\CortexM3\ARM_GCC_493\Debug\Platform Bootstrap.a(CySpc.o)
 .debug_info    0x00005010      0x121 .\CortexM3\ARM_GCC_493\Debug\Platform Bootstrap.a(FT232_Detect.o)
 .debug_info    0x00005131      0x11f .\CortexM3\ARM_GCC_493\Debug\Platform Bootstrap.a(Status_LED.o)
 .debug_info    0x00005250       0xa0 .\CortexM3\ARM_GCC_493\Debug\Platform Bootstrap.a(CyBootAsmGnu.o)

.debug_abbrev   0x00000000     0x1579
 *(.debug_abbrev)
 .debug_abbrev  0x00000000       0xf6 .\CortexM3\ARM_GCC_493\Debug\main.o
 .debug_abbrev  0x000000f6       0x5d .\CortexM3\ARM_GCC_493\Debug\cymetadata.o
 .debug_abbrev  0x00000153      0x1f7 .\CortexM3\ARM_GCC_493\Debug\Cm3Start.o
 .debug_abbrev  0x0000034a      0x1f9 .\CortexM3\ARM_GCC_493\Debug\Platform Bootstrap.a(cyfitter_cfg.o)
 .debug_abbrev  0x00000543      0x259 .\CortexM3\ARM_GCC_493\Debug\Platform Bootstrap.a(Bootloader.o)
 .debug_abbrev  0x0000079c      0x1b8 .\CortexM3\ARM_GCC_493\Debug\Platform Bootstrap.a(FT232_UART.o)
 .debug_abbrev  0x00000954       0x8a .\CortexM3\ARM_GCC_493\Debug\Platform Bootstrap.a(FT232_UART_INT.o)
 .debug_abbrev  0x000009de       0xfd .\CortexM3\ARM_GCC_493\Debug\Platform Bootstrap.a(FT232_UART_BOOT.o)
 .debug_abbrev  0x00000adb      0x139 .\CortexM3\ARM_GCC_493\Debug\Platform Bootstrap.a(FT232_UART_IntClock.o)
 .debug_abbrev  0x00000c14      0x1ed .\CortexM3\ARM_GCC_493\Debug\Platform Bootstrap.a(CyFlash.o)
 .debug_abbrev  0x00000e01      0x296 .\CortexM3\ARM_GCC_493\Debug\Platform Bootstrap.a(CyLib.o)
 .debug_abbrev  0x00001097      0x1ed .\CortexM3\ARM_GCC_493\Debug\Platform Bootstrap.a(cyPm.o)
 .debug_abbrev  0x00001284      0x1c1 .\CortexM3\ARM_GCC_493\Debug\Platform Bootstrap.a(CySpc.o)
 .debug_abbrev  0x00001445       0x90 .\CortexM3\ARM_GCC_493\Debug\Platform Bootstrap.a(FT232_Detect.o)
 .debug_abbrev  0x000014d5       0x90 .\CortexM3\ARM_GCC_493\Debug\Platform Bootstrap.a(Status_LED.o)
 .debug_abbrev  0x00001565       0x14 .\CortexM3\ARM_GCC_493\Debug\Platform Bootstrap.a(CyBootAsmGnu.o)

.debug_line     0x00000000     0x2359
 *(.debug_line)
 .debug_line    0x00000000      0x1ba .\CortexM3\ARM_GCC_493\Debug\main.o
 .debug_line    0x000001ba       0x51 .\CortexM3\ARM_GCC_493\Debug\cymetadata.o
 .debug_line    0x0000020b      0x24f .\CortexM3\ARM_GCC_493\Debug\Cm3Start.o
 .debug_line    0x0000045a      0x1ef .\CortexM3\ARM_GCC_493\Debug\Platform Bootstrap.a(cyfitter_cfg.o)
 .debug_line    0x00000649      0x597 .\CortexM3\ARM_GCC_493\Debug\Platform Bootstrap.a(Bootloader.o)
 .debug_line    0x00000be0      0x30e .\CortexM3\ARM_GCC_493\Debug\Platform Bootstrap.a(FT232_UART.o)
 .debug_line    0x00000eee       0x8c .\CortexM3\ARM_GCC_493\Debug\Platform Bootstrap.a(FT232_UART_INT.o)
 .debug_line    0x00000f7a      0x127 .\CortexM3\ARM_GCC_493\Debug\Platform Bootstrap.a(FT232_UART_BOOT.o)
 .debug_line    0x000010a1      0x182 .\CortexM3\ARM_GCC_493\Debug\Platform Bootstrap.a(FT232_UART_IntClock.o)
 .debug_line    0x00001223      0x1ea .\CortexM3\ARM_GCC_493\Debug\Platform Bootstrap.a(CyFlash.o)
 .debug_line    0x0000140d      0x816 .\CortexM3\ARM_GCC_493\Debug\Platform Bootstrap.a(CyLib.o)
 .debug_line    0x00001c23      0x364 .\CortexM3\ARM_GCC_493\Debug\Platform Bootstrap.a(cyPm.o)
 .debug_line    0x00001f87      0x23c .\CortexM3\ARM_GCC_493\Debug\Platform Bootstrap.a(CySpc.o)
 .debug_line    0x000021c3       0x99 .\CortexM3\ARM_GCC_493\Debug\Platform Bootstrap.a(FT232_Detect.o)
 .debug_line    0x0000225c       0x97 .\CortexM3\ARM_GCC_493\Debug\Platform Bootstrap.a(Status_LED.o)
 .debug_line    0x000022f3       0x66 .\CortexM3\ARM_GCC_493\Debug\Platform Bootstrap.a(CyBootAsmGnu.o)

.debug_frame    0x00000000     0x1500
 *(.debug_frame)
 .debug_frame   0x00000000       0x2c .\CortexM3\ARM_GCC_493\Debug\main.o
 .debug_frame   0x0000002c       0xb8 .\CortexM3\ARM_GCC_493\Debug\Cm3Start.o
 .debug_frame   0x000000e4      0x100 .\CortexM3\ARM_GCC_493\Debug\Platform Bootstrap.a(cyfitter_cfg.o)
 .debug_frame   0x000001e4      0x1a8 .\CortexM3\ARM_GCC_493\Debug\Platform Bootstrap.a(Bootloader.o)
 .debug_frame   0x0000038c      0x25c .\CortexM3\ARM_GCC_493\Debug\Platform Bootstrap.a(FT232_UART.o)
 .debug_frame   0x000005e8       0x20 .\CortexM3\ARM_GCC_493\Debug\Platform Bootstrap.a(FT232_UART_INT.o)
 .debug_frame   0x00000608       0xb8 .\CortexM3\ARM_GCC_493\Debug\Platform Bootstrap.a(FT232_UART_BOOT.o)
 .debug_frame   0x000006c0       0xe0 .\CortexM3\ARM_GCC_493\Debug\Platform Bootstrap.a(FT232_UART_IntClock.o)
 .debug_frame   0x000007a0      0x174 .\CortexM3\ARM_GCC_493\Debug\Platform Bootstrap.a(CyFlash.o)
 .debug_frame   0x00000914      0x738 .\CortexM3\ARM_GCC_493\Debug\Platform Bootstrap.a(CyLib.o)
 .debug_frame   0x0000104c      0x1f8 .\CortexM3\ARM_GCC_493\Debug\Platform Bootstrap.a(cyPm.o)
 .debug_frame   0x00001244      0x160 .\CortexM3\ARM_GCC_493\Debug\Platform Bootstrap.a(CySpc.o)
 .debug_frame   0x000013a4       0x50 .\CortexM3\ARM_GCC_493\Debug\Platform Bootstrap.a(FT232_Detect.o)
 .debug_frame   0x000013f4       0x50 .\CortexM3\ARM_GCC_493\Debug\Platform Bootstrap.a(Status_LED.o)
 .debug_frame   0x00001444       0x20 c:/program files (x86)/cypress/psoc creator/4.0/psoc creator/import/gnu/arm/4.9.3/bin/../lib/gcc/arm-none-eabi/4.9.3/../../../../arm-none-eabi/lib/armv7-m\libg_nano.a(lib_a-errno.o)
 .debug_frame   0x00001464       0x28 c:/program files (x86)/cypress/psoc creator/4.0/psoc creator/import/gnu/arm/4.9.3/bin/../lib/gcc/arm-none-eabi/4.9.3/../../../../arm-none-eabi/lib/armv7-m\libg_nano.a(lib_a-exit.o)
 .debug_frame   0x0000148c       0x2c c:/program files (x86)/cypress/psoc creator/4.0/psoc creator/import/gnu/arm/4.9.3/bin/../lib/gcc/arm-none-eabi/4.9.3/../../../../arm-none-eabi/lib/armv7-m\libg_nano.a(lib_a-init.o)
 .debug_frame   0x000014b8       0x28 c:/program files (x86)/cypress/psoc creator/4.0/psoc creator/import/gnu/arm/4.9.3/bin/../lib/gcc/arm-none-eabi/4.9.3/../../../../arm-none-eabi/lib/armv7-m\libg_nano.a(lib_a-memcpy.o)
 .debug_frame   0x000014e0       0x20 c:/program files (x86)/cypress/psoc creator/4.0/psoc creator/import/gnu/arm/4.9.3/bin/../lib/gcc/arm-none-eabi/4.9.3/../../../../arm-none-eabi/lib/armv7-m\libg_nano.a(lib_a-memset.o)

.debug_str      0x00000000     0x1f2a
 *(.debug_str)
 .debug_str     0x00000000      0x1d3 .\CortexM3\ARM_GCC_493\Debug\main.o
                                0x214 (size before relaxing)
 .debug_str     0x000001d3       0x84 .\CortexM3\ARM_GCC_493\Debug\cymetadata.o
                                0x209 (size before relaxing)
 .debug_str     0x00000257      0x177 .\CortexM3\ARM_GCC_493\Debug\Cm3Start.o
                                0x322 (size before relaxing)
 .debug_str     0x000003ce      0x19b .\CortexM3\ARM_GCC_493\Debug\Platform Bootstrap.a(cyfitter_cfg.o)
                                0x369 (size before relaxing)
 .debug_str     0x00000569      0x4c4 .\CortexM3\ARM_GCC_493\Debug\Platform Bootstrap.a(Bootloader.o)
                                0x6e8 (size before relaxing)
 .debug_str     0x00000a2d      0x463 .\CortexM3\ARM_GCC_493\Debug\Platform Bootstrap.a(FT232_UART.o)
                                0x633 (size before relaxing)
 .debug_str     0x00000e90       0x5f .\CortexM3\ARM_GCC_493\Debug\Platform Bootstrap.a(FT232_UART_INT.o)
                                0x27f (size before relaxing)
 .debug_str     0x00000eef       0x76 .\CortexM3\ARM_GCC_493\Debug\Platform Bootstrap.a(FT232_UART_BOOT.o)
                                0x342 (size before relaxing)
 .debug_str     0x00000f65      0x1c5 .\CortexM3\ARM_GCC_493\Debug\Platform Bootstrap.a(FT232_UART_IntClock.o)
                                0x38e (size before relaxing)
 .debug_str     0x0000112a      0x182 .\CortexM3\ARM_GCC_493\Debug\Platform Bootstrap.a(CyFlash.o)
                                0x3a5 (size before relaxing)
 .debug_str     0x000012ac      0x7b5 .\CortexM3\ARM_GCC_493\Debug\Platform Bootstrap.a(CyLib.o)
                                0xa4b (size before relaxing)
 .debug_str     0x00001a61      0x343 .\CortexM3\ARM_GCC_493\Debug\Platform Bootstrap.a(cyPm.o)
                                0x72b (size before relaxing)
 .debug_str     0x00001da4       0xac .\CortexM3\ARM_GCC_493\Debug\Platform Bootstrap.a(CySpc.o)
                                0x32e (size before relaxing)
 .debug_str     0x00001e50       0x77 .\CortexM3\ARM_GCC_493\Debug\Platform Bootstrap.a(FT232_Detect.o)
                                0x215 (size before relaxing)
 .debug_str     0x00001ec7       0x63 .\CortexM3\ARM_GCC_493\Debug\Platform Bootstrap.a(Status_LED.o)
                                0x20b (size before relaxing)

.debug_loc      0x00000000     0x2cf2
 *(.debug_loc)
 .debug_loc     0x00000000      0x144 .\CortexM3\ARM_GCC_493\Debug\Cm3Start.o
 .debug_loc     0x00000144      0x23a .\CortexM3\ARM_GCC_493\Debug\Platform Bootstrap.a(cyfitter_cfg.o)
 .debug_loc     0x0000037e      0xcec .\CortexM3\ARM_GCC_493\Debug\Platform Bootstrap.a(Bootloader.o)
 .debug_loc     0x0000106a      0x34e .\CortexM3\ARM_GCC_493\Debug\Platform Bootstrap.a(FT232_UART.o)
 .debug_loc     0x000013b8       0x45 .\CortexM3\ARM_GCC_493\Debug\Platform Bootstrap.a(FT232_UART_INT.o)
 .debug_loc     0x000013fd      0x1f0 .\CortexM3\ARM_GCC_493\Debug\Platform Bootstrap.a(FT232_UART_BOOT.o)
 .debug_loc     0x000015ed      0x12c .\CortexM3\ARM_GCC_493\Debug\Platform Bootstrap.a(FT232_UART_IntClock.o)
 .debug_loc     0x00001719      0x300 .\CortexM3\ARM_GCC_493\Debug\Platform Bootstrap.a(CyFlash.o)
 .debug_loc     0x00001a19      0xa11 .\CortexM3\ARM_GCC_493\Debug\Platform Bootstrap.a(CyLib.o)
 .debug_loc     0x0000242a      0x1e4 .\CortexM3\ARM_GCC_493\Debug\Platform Bootstrap.a(cyPm.o)
 .debug_loc     0x0000260e      0x64d .\CortexM3\ARM_GCC_493\Debug\Platform Bootstrap.a(CySpc.o)
 .debug_loc     0x00002c5b       0x55 .\CortexM3\ARM_GCC_493\Debug\Platform Bootstrap.a(FT232_Detect.o)
 .debug_loc     0x00002cb0       0x42 .\CortexM3\ARM_GCC_493\Debug\Platform Bootstrap.a(Status_LED.o)

.debug_macinfo
 *(.debug_macinfo)

.debug_ranges   0x00000000      0x818
 *(.debug_ranges)
 .debug_ranges  0x00000000       0x10 .\CortexM3\ARM_GCC_493\Debug\main.o
 .debug_ranges  0x00000010       0x38 .\CortexM3\ARM_GCC_493\Debug\Cm3Start.o
 .debug_ranges  0x00000048       0x50 .\CortexM3\ARM_GCC_493\Debug\Platform Bootstrap.a(cyfitter_cfg.o)
 .debug_ranges  0x00000098      0x1c0 .\CortexM3\ARM_GCC_493\Debug\Platform Bootstrap.a(Bootloader.o)
 .debug_ranges  0x00000258       0xe0 .\CortexM3\ARM_GCC_493\Debug\Platform Bootstrap.a(FT232_UART.o)
 .debug_ranges  0x00000338       0x10 .\CortexM3\ARM_GCC_493\Debug\Platform Bootstrap.a(FT232_UART_INT.o)
 .debug_ranges  0x00000348       0x30 .\CortexM3\ARM_GCC_493\Debug\Platform Bootstrap.a(FT232_UART_BOOT.o)
 .debug_ranges  0x00000378       0x60 .\CortexM3\ARM_GCC_493\Debug\Platform Bootstrap.a(FT232_UART_IntClock.o)
 .debug_ranges  0x000003d8       0x70 .\CortexM3\ARM_GCC_493\Debug\Platform Bootstrap.a(CyFlash.o)
 .debug_ranges  0x00000448      0x290 .\CortexM3\ARM_GCC_493\Debug\Platform Bootstrap.a(CyLib.o)
 .debug_ranges  0x000006d8       0x88 .\CortexM3\ARM_GCC_493\Debug\Platform Bootstrap.a(cyPm.o)
 .debug_ranges  0x00000760       0x68 .\CortexM3\ARM_GCC_493\Debug\Platform Bootstrap.a(CySpc.o)
 .debug_ranges  0x000007c8       0x28 .\CortexM3\ARM_GCC_493\Debug\Platform Bootstrap.a(FT232_Detect.o)
 .debug_ranges  0x000007f0       0x28 .\CortexM3\ARM_GCC_493\Debug\Platform Bootstrap.a(Status_LED.o)

.comment        0x00000000       0x70
 .comment       0x00000000       0x70 .\CortexM3\ARM_GCC_493\Debug\main.o
                                 0x71 (size before relaxing)
 .comment       0x00000000       0x71 .\CortexM3\ARM_GCC_493\Debug\cymetadata.o
 .comment       0x00000000       0x71 .\CortexM3\ARM_GCC_493\Debug\Cm3Start.o
 .comment       0x00000000       0x71 .\CortexM3\ARM_GCC_493\Debug\Platform Bootstrap.a(cyfitter_cfg.o)
 .comment       0x00000000       0x71 .\CortexM3\ARM_GCC_493\Debug\Platform Bootstrap.a(Bootloader.o)
 .comment       0x00000000       0x71 .\CortexM3\ARM_GCC_493\Debug\Platform Bootstrap.a(FT232_UART.o)
 .comment       0x00000000       0x71 .\CortexM3\ARM_GCC_493\Debug\Platform Bootstrap.a(FT232_UART_INT.o)
 .comment       0x00000000       0x71 .\CortexM3\ARM_GCC_493\Debug\Platform Bootstrap.a(FT232_UART_BOOT.o)
 .comment       0x00000000       0x71 .\CortexM3\ARM_GCC_493\Debug\Platform Bootstrap.a(FT232_UART_IntClock.o)
 .comment       0x00000000       0x71 .\CortexM3\ARM_GCC_493\Debug\Platform Bootstrap.a(CyFlash.o)
 .comment       0x00000000       0x71 .\CortexM3\ARM_GCC_493\Debug\Platform Bootstrap.a(CyLib.o)
 .comment       0x00000000       0x71 .\CortexM3\ARM_GCC_493\Debug\Platform Bootstrap.a(cyPm.o)
 .comment       0x00000000       0x71 .\CortexM3\ARM_GCC_493\Debug\Platform Bootstrap.a(CySpc.o)
 .comment       0x00000000       0x71 .\CortexM3\ARM_GCC_493\Debug\Platform Bootstrap.a(FT232_Detect.o)
 .comment       0x00000000       0x71 .\CortexM3\ARM_GCC_493\Debug\Platform Bootstrap.a(Status_LED.o)

.debug_weaknames
 *(.debug_weaknames)

.debug_funcnames
 *(.debug_funcnames)

.debug_typenames
 *(.debug_typenames)

.debug_varnames
 *(.debug_varnames)

.note.gnu.arm.ident
 *(.note.gnu.arm.ident)

.ARM.attributes
                0x00000000       0x29
 *(.ARM.attributes)
 .ARM.attributes
                0x00000000       0x1d c:/program files (x86)/cypress/psoc creator/4.0/psoc creator/import/gnu/arm/4.9.3/bin/../lib/gcc/arm-none-eabi/4.9.3/armv7-m/crti.o
 .ARM.attributes
                0x0000001d       0x2d c:/program files (x86)/cypress/psoc creator/4.0/psoc creator/import/gnu/arm/4.9.3/bin/../lib/gcc/arm-none-eabi/4.9.3/armv7-m/crtbegin.o
 .ARM.attributes
                0x0000004a       0x1b c:/program files (x86)/cypress/psoc creator/4.0/psoc creator/import/gnu/arm/4.9.3/bin/../lib/gcc/arm-none-eabi/4.9.3/../../../../arm-none-eabi/lib/armv7-m/crt0.o
 .ARM.attributes
                0x00000065       0x33 .\CortexM3\ARM_GCC_493\Debug\main.o
 .ARM.attributes
                0x00000098       0x33 .\CortexM3\ARM_GCC_493\Debug\cymetadata.o
 .ARM.attributes
                0x000000cb       0x33 .\CortexM3\ARM_GCC_493\Debug\Cm3Start.o
 .ARM.attributes
                0x000000fe       0x33 .\CortexM3\ARM_GCC_493\Debug\Platform Bootstrap.a(cyfitter_cfg.o)
 .ARM.attributes
                0x00000131       0x33 .\CortexM3\ARM_GCC_493\Debug\Platform Bootstrap.a(Bootloader.o)
 .ARM.attributes
                0x00000164       0x33 .\CortexM3\ARM_GCC_493\Debug\Platform Bootstrap.a(FT232_UART.o)
 .ARM.attributes
                0x00000197       0x33 .\CortexM3\ARM_GCC_493\Debug\Platform Bootstrap.a(FT232_UART_INT.o)
 .ARM.attributes
                0x000001ca       0x33 .\CortexM3\ARM_GCC_493\Debug\Platform Bootstrap.a(FT232_UART_BOOT.o)
 .ARM.attributes
                0x000001fd       0x33 .\CortexM3\ARM_GCC_493\Debug\Platform Bootstrap.a(FT232_UART_IntClock.o)
 .ARM.attributes
                0x00000230       0x33 .\CortexM3\ARM_GCC_493\Debug\Platform Bootstrap.a(CyFlash.o)
 .ARM.attributes
                0x00000263       0x33 .\CortexM3\ARM_GCC_493\Debug\Platform Bootstrap.a(CyLib.o)
 .ARM.attributes
                0x00000296       0x33 .\CortexM3\ARM_GCC_493\Debug\Platform Bootstrap.a(cyPm.o)
 .ARM.attributes
                0x000002c9       0x33 .\CortexM3\ARM_GCC_493\Debug\Platform Bootstrap.a(CySpc.o)
 .ARM.attributes
                0x000002fc       0x33 .\CortexM3\ARM_GCC_493\Debug\Platform Bootstrap.a(FT232_Detect.o)
 .ARM.attributes
                0x0000032f       0x33 .\CortexM3\ARM_GCC_493\Debug\Platform Bootstrap.a(Status_LED.o)
 .ARM.attributes
                0x00000362       0x21 .\CortexM3\ARM_GCC_493\Debug\Platform Bootstrap.a(CyBootAsmGnu.o)
 .ARM.attributes
                0x00000383       0x2d c:/program files (x86)/cypress/psoc creator/4.0/psoc creator/import/gnu/arm/4.9.3/bin/../lib/gcc/arm-none-eabi/4.9.3/../../../../arm-none-eabi/lib/armv7-m\libg_nano.a(lib_a-errno.o)
 .ARM.attributes
                0x000003b0       0x2d c:/program files (x86)/cypress/psoc creator/4.0/psoc creator/import/gnu/arm/4.9.3/bin/../lib/gcc/arm-none-eabi/4.9.3/../../../../arm-none-eabi/lib/armv7-m\libg_nano.a(lib_a-exit.o)
 .ARM.attributes
                0x000003dd       0x2d c:/program files (x86)/cypress/psoc creator/4.0/psoc creator/import/gnu/arm/4.9.3/bin/../lib/gcc/arm-none-eabi/4.9.3/../../../../arm-none-eabi/lib/armv7-m\libg_nano.a(lib_a-impure.o)
 .ARM.attributes
                0x0000040a       0x2d c:/program files (x86)/cypress/psoc creator/4.0/psoc creator/import/gnu/arm/4.9.3/bin/../lib/gcc/arm-none-eabi/4.9.3/../../../../arm-none-eabi/lib/armv7-m\libg_nano.a(lib_a-init.o)
 .ARM.attributes
                0x00000437       0x2d c:/program files (x86)/cypress/psoc creator/4.0/psoc creator/import/gnu/arm/4.9.3/bin/../lib/gcc/arm-none-eabi/4.9.3/../../../../arm-none-eabi/lib/armv7-m\libg_nano.a(lib_a-memcpy.o)
 .ARM.attributes
                0x00000464       0x2d c:/program files (x86)/cypress/psoc creator/4.0/psoc creator/import/gnu/arm/4.9.3/bin/../lib/gcc/arm-none-eabi/4.9.3/../../../../arm-none-eabi/lib/armv7-m\libg_nano.a(lib_a-memset.o)
 .ARM.attributes
                0x00000491       0x2d c:/program files (x86)/cypress/psoc creator/4.0/psoc creator/import/gnu/arm/4.9.3/bin/../lib/gcc/arm-none-eabi/4.9.3/armv7-m/crtend.o
 .ARM.attributes
                0x000004be       0x1d c:/program files (x86)/cypress/psoc creator/4.0/psoc creator/import/gnu/arm/4.9.3/bin/../lib/gcc/arm-none-eabi/4.9.3/armv7-m/crtn.o

/DISCARD/
 *(.note.GNU-stack)
OUTPUT(.\CortexM3\ARM_GCC_493\Debug\Platform Bootstrap.elf elf32-littlearm)
