Archive member included because of file (symbol)

.\CortexM3\ARM_GCC_493\Debug\Platform Control Firmware.a(cyfitter_cfg.o)
                              .\CortexM3\ARM_GCC_493\Debug\Cm3Start.o (cyfitter_cfg)
.\CortexM3\ARM_GCC_493\Debug\Platform Control Firmware.a(ESP07_UART.o)
                              .\CortexM3\ARM_GCC_493\Debug\main.o (ESP07_UART_Start)
.\CortexM3\ARM_GCC_493\Debug\Platform Control Firmware.a(ESP07_Interrupt.o)
                              .\CortexM3\ARM_GCC_493\Debug\main.o (ESP07_Interrupt_StartEx)
.\CortexM3\ARM_GCC_493\Debug\Platform Control Firmware.a(ESP07_UART_IntClock.o)
                              .\CortexM3\ARM_GCC_493\Debug\Platform Control Firmware.a(ESP07_UART.o) (ESP07_UART_IntClock_Start)
.\CortexM3\ARM_GCC_493\Debug\Platform Control Firmware.a(CyLib.o)
                              .\CortexM3\ARM_GCC_493\Debug\Cm3Start.o (CyHalt)
.\CortexM3\ARM_GCC_493\Debug\Platform Control Firmware.a(cyPm.o)
                              .\CortexM3\ARM_GCC_493\Debug\Platform Control Firmware.a(CyLib.o) (CyPmReadStatus)
.\CortexM3\ARM_GCC_493\Debug\Platform Control Firmware.a(FT232_UART.o)
                              .\CortexM3\ARM_GCC_493\Debug\main.o (FT232_UART_Start)
.\CortexM3\ARM_GCC_493\Debug\Platform Control Firmware.a(FT232_UART_INT.o)
                              .\CortexM3\ARM_GCC_493\Debug\Platform Control Firmware.a(FT232_UART.o) (FT232_UART_RXISR)
.\CortexM3\ARM_GCC_493\Debug\Platform Control Firmware.a(FT232_UART_IntClock.o)
                              .\CortexM3\ARM_GCC_493\Debug\Platform Control Firmware.a(FT232_UART.o) (FT232_UART_IntClock_Start)
.\CortexM3\ARM_GCC_493\Debug\Platform Control Firmware.a(Onboard_LED.o)
                              .\CortexM3\ARM_GCC_493\Debug\main.o (Onboard_LED_Write)
.\CortexM3\ARM_GCC_493\Debug\Platform Control Firmware.a(I2C.o)
                              .\CortexM3\ARM_GCC_493\Debug\main.o (I2C_Start)
.\CortexM3\ARM_GCC_493\Debug\Platform Control Firmware.a(I2C_INT.o)
                              .\CortexM3\ARM_GCC_493\Debug\Platform Control Firmware.a(I2C.o) (I2C_ISR)
.\CortexM3\ARM_GCC_493\Debug\Platform Control Firmware.a(I2C_PM.o)
                              .\CortexM3\ARM_GCC_493\Debug\Platform Control Firmware.a(I2C.o) (I2C_backup)
.\CortexM3\ARM_GCC_493\Debug\Platform Control Firmware.a(I2C_MASTER.o)
                              .\CortexM3\ARM_GCC_493\Debug\Platform Control Firmware.a(I2C.o) (I2C_mstrStatus)
.\CortexM3\ARM_GCC_493\Debug\Platform Control Firmware.a(Timer_Channel_Right.o)
                              .\CortexM3\ARM_GCC_493\Debug\main.o (Timer_Channel_Right_ReadStatusRegister)
.\CortexM3\ARM_GCC_493\Debug\Platform Control Firmware.a(Timer_Channel_Left.o)
                              .\CortexM3\ARM_GCC_493\Debug\main.o (Timer_Channel_Left_ReadStatusRegister)
.\CortexM3\ARM_GCC_493\Debug\Platform Control Firmware.a(RX_PWM_Left.o)
                              .\CortexM3\ARM_GCC_493\Debug\main.o (RX_PWM_Left_Read)
.\CortexM3\ARM_GCC_493\Debug\Platform Control Firmware.a(RX_PWM_Right.o)
                              .\CortexM3\ARM_GCC_493\Debug\main.o (RX_PWM_Right_Read)
.\CortexM3\ARM_GCC_493\Debug\Platform Control Firmware.a(Interrupt_Channel_Left.o)
                              .\CortexM3\ARM_GCC_493\Debug\main.o (Interrupt_Channel_Left_StartEx)
.\CortexM3\ARM_GCC_493\Debug\Platform Control Firmware.a(Interrupt_Channel_Right.o)
                              .\CortexM3\ARM_GCC_493\Debug\main.o (Interrupt_Channel_Right_StartEx)
.\CortexM3\ARM_GCC_493\Debug\Platform Control Firmware.a(PWM_Left_Front.o)
                              .\CortexM3\ARM_GCC_493\Debug\generic.o (PWM_Left_Front_WriteCompare)
.\CortexM3\ARM_GCC_493\Debug\Platform Control Firmware.a(PWM_Left_Rear.o)
                              .\CortexM3\ARM_GCC_493\Debug\generic.o (PWM_Left_Rear_WriteCompare)
.\CortexM3\ARM_GCC_493\Debug\Platform Control Firmware.a(PWM_Right_Front.o)
                              .\CortexM3\ARM_GCC_493\Debug\generic.o (PWM_Right_Front_WriteCompare)
.\CortexM3\ARM_GCC_493\Debug\Platform Control Firmware.a(Direction_Left_Rear.o)
                              .\CortexM3\ARM_GCC_493\Debug\generic.o (Direction_Left_Rear_Write)
.\CortexM3\ARM_GCC_493\Debug\Platform Control Firmware.a(PWM_Right_Rear.o)
                              .\CortexM3\ARM_GCC_493\Debug\generic.o (PWM_Right_Rear_WriteCompare)
.\CortexM3\ARM_GCC_493\Debug\Platform Control Firmware.a(Direction_Left_Front.o)
                              .\CortexM3\ARM_GCC_493\Debug\generic.o (Direction_Left_Front_Write)
.\CortexM3\ARM_GCC_493\Debug\Platform Control Firmware.a(Direction_Right_Rear.o)
                              .\CortexM3\ARM_GCC_493\Debug\generic.o (Direction_Right_Rear_Write)
.\CortexM3\ARM_GCC_493\Debug\Platform Control Firmware.a(Direction_Right_Front.o)
                              .\CortexM3\ARM_GCC_493\Debug\generic.o (Direction_Right_Front_Write)
.\CortexM3\ARM_GCC_493\Debug\Platform Control Firmware.a(Decoder_Left.o)
[...]
Memory Configuration

Name             Origin             Length             Attributes
rom              0x00000000         0x00040000         xr
ram              0x1fff8000         0x00010000         xrw
*default*        0x00000000         0xffffffff

Linker script and memory map

LOAD c:/program files (x86)/cypress/psoc creator/4.0/psoc creator/import/gnu/arm/4.9.3/bin/../lib/gcc/arm-none-eabi/4.9.3/armv7-m/crti.o
LOAD c:/program files (x86)/cypress/psoc creator/4.0/psoc creator/import/gnu/arm/4.9.3/bin/../lib/gcc/arm-none-eabi/4.9.3/armv7-m/crtbegin.o
LOAD c:/program files (x86)/cypress/psoc creator/4.0/psoc creator/import/gnu/arm/4.9.3/bin/../lib/gcc/arm-none-eabi/4.9.3/../../../../arm-none-eabi/lib/armv7-m/crt0.o
START GROUP
LOAD .\CortexM3\ARM_GCC_493\Debug\main.o
LOAD .\CortexM3\ARM_GCC_493\Debug\esp07.o
LOAD .\CortexM3\ARM_GCC_493\Debug\generic.o
LOAD .\CortexM3\ARM_GCC_493\Debug\lsm303.o
LOAD .\CortexM3\ARM_GCC_493\Debug\gps.o
LOAD .\CortexM3\ARM_GCC_493\Debug\cymetadata.o
LOAD .\CortexM3\ARM_GCC_493\Debug\Cm3Start.o
LOAD .\CortexM3\ARM_GCC_493\Debug\cybootloader.o
LOAD .\CortexM3\ARM_GCC_493\Debug\Platform Control Firmware.a
LOAD C:\Program Files (x86)\Cypress\PSoC Creator\4.0\PSoC Creator\psoc\content\cycomponentlibrary\CyComponentLibrary.cylib\CortexM3\ARM_GCC_493\Debug\CyComponentLibrary.a
END GROUP
START GROUP
LOAD c:/program files (x86)/cypress/psoc creator/4.0/psoc creator/import/gnu/arm/4.9.3/bin/../lib/gcc/arm-none-eabi/4.9.3/armv7-m\libgcc.a
LOAD c:/program files (x86)/cypress/psoc creator/4.0/psoc creator/import/gnu/arm/4.9.3/bin/../lib/gcc/arm-none-eabi/4.9.3/../../../../arm-none-eabi/lib/armv7-m\libg_nano.a
LOAD c:/program files (x86)/cypress/psoc creator/4.0/psoc creator/import/gnu/arm/4.9.3/bin/../lib/gcc/arm-none-eabi/4.9.3/../../../../arm-none-eabi/lib/armv7-m\libc_nano.a
END GROUP
START GROUP
LOAD c:/program files (x86)/cypress/psoc creator/4.0/psoc creator/import/gnu/arm/4.9.3/bin/../lib/gcc/arm-none-eabi/4.9.3/armv7-m\libgcc.a
LOAD c:/program files (x86)/cypress/psoc creator/4.0/psoc creator/import/gnu/arm/4.9.3/bin/../lib/gcc/arm-none-eabi/4.9.3/../../../../arm-none-eabi/lib/armv7-m\libc_nano.a
END GROUP
LOAD c:/program files (x86)/cypress/psoc creator/4.0/psoc creator/import/gnu/arm/4.9.3/bin/../lib/gcc/arm-none-eabi/4.9.3/armv7-m/crtend.o
LOAD c:/program files (x86)/cypress/psoc creator/4.0/psoc creator/import/gnu/arm/4.9.3/bin/../lib/gcc/arm-none-eabi/4.9.3/armv7-m/crtn.o
START GROUP
LOAD c:/program files (x86)/cypress/psoc creator/4.0/psoc creator/import/gnu/arm/4.9.3/bin/../lib/gcc/arm-none-eabi/4.9.3/armv7-m\libgcc.a
LOAD c:/program files (x86)/cypress/psoc creator/4.0/psoc creator/import/gnu/arm/4.9.3/bin/../lib/gcc/arm-none-eabi/4.9.3/../../../../arm-none-eabi/lib/armv7-m\libc.a
LOAD c:/program files (x86)/cypress/psoc creator/4.0/psoc creator/import/gnu/arm/4.9.3/bin/../lib/gcc/arm-none-eabi/4.9.3/../../../../arm-none-eabi/lib/armv7-m\libnosys.a
END GROUP
                0x00000000                CY_APPL_ORIGIN = 0x0
                0x00000100                CY_FLASH_ROW_SIZE = 0x100
                0x00000020                CY_ECC_ROW_SIZE = 0x20
                0x00000000                CY_EE_IN_BTLDR = 0x0
                0x00000001                CY_APPL_LOADABLE = 0x1
                0x00000800                CY_EE_SIZE = 0x800
                0x00000001                CY_APPL_NUM = 0x1
                0x00000001                CY_APPL_MAX = 0x1
                0x00000040                CY_METADATA_SIZE = 0x40
                0x00000001                CY_APPL_LOADABLE = 0x1
                0x00000000                CY_CHECKSUM_EXCLUDE_SIZE = ALIGN (0x0, CY_FLASH_ROW_SIZE)
                0x1fff8300                PROVIDE (__cy_heap_start, _end)
                0x00000001                PROVIDE (__cy_region_num, ((__cy_regions_end - __cy_regions) / 0x10))
                0x20008000                PROVIDE (__cy_stack, (ORIGIN (ram) + 0x10000))
                0x20007800                PROVIDE (__cy_heap_end, (__cy_stack - 0x800))

.cybootloader   0x00000000     0x1b00
 *(.cybootloader)
 .cybootloader  0x00000000     0x1b00 .\CortexM3\ARM_GCC_493\Debug\cybootloader.o
                0x00000000                cy_bootloader
                0x00001b00                appl1_start = CY_APPL_ORIGIN?CY_APPL_ORIGIN:ALIGN (CY_FLASH_ROW_SIZE)
                0x00020d00                appl2_start = (appl1_start + ALIGN ((((0x40000 - appl1_start) - (0x2 * CY_FLASH_ROW_SIZE)) / 0x2), CY_FLASH_ROW_SIZE))
                0x00001b00                appl_start = (CY_APPL_NUM == 0x1)?appl1_start:appl2_start
                0x00000360                ecc_offset = ((appl_start / CY_FLASH_ROW_SIZE) * CY_ECC_ROW_SIZE)
                0x00000000                ee_offset = (CY_APPL_LOADABLE && ! (CY_EE_IN_BTLDR))?((CY_EE_SIZE / CY_APPL_MAX) * (CY_APPL_NUM - 0x1)):0x0
                0x00000800                ee_size = (CY_APPL_LOADABLE && ! (CY_EE_IN_BTLDR))?(CY_EE_SIZE / CY_APPL_MAX):CY_EE_SIZE
                0x00000360                PROVIDE (CY_ECC_OFFSET, ecc_offset)

.text           0x00001b00     0x4688
 CREATE_OBJECT_SYMBOLS
                0x00001b00                PROVIDE (__cy_interrupt_vector, RomVectors)
 *(.romvectors)
 .romvectors    0x00001b00       0x10 .\CortexM3\ARM_GCC_493\Debug\Cm3Start.o
                0x00001b00                RomVectors
                0x00000001                ASSERT ((. != __cy_interrupt_vector), No interrupt vector)
                0x00000001                ASSERT (CY_APPL_ORIGIN?(SIZEOF (.cybootloader) <= CY_APPL_ORIGIN):0x1, Wrong image location)
                0x00001b10                PROVIDE (__cy_reset, Reset)
 *(.text.Reset)
 .text.Reset    0x00001b10        0x8 .\CortexM3\ARM_GCC_493\Debug\Cm3Start.o
                0x00001b10                Reset
                0x00000001                ASSERT ((. != __cy_reset), No reset code)
 *(.dma_init)
                0x00000001                ASSERT ((((appl_start + .) <= 0x10000) || 0x1), DMA Init must be within the first 64k of flash)
 *(.text .text.* .gnu.linkonce.t.*)
 .text          0x00001b18       0x5c c:/program files (x86)/cypress/psoc creator/4.0/psoc creator/import/gnu/arm/4.9.3/bin/../lib/gcc/arm-none-eabi/4.9.3/armv7-m/crtbegin.o
 .text.ESP07_ISR
                0x00001b74       0x58 .\CortexM3\ARM_GCC_493\Debug\main.o
                0x00001b74                ESP07_ISR
 .text.Radio_Left_ISR
                0x00001bcc       0xd8 .\CortexM3\ARM_GCC_493\Debug\main.o
                0x00001bcc                Radio_Left_ISR
 .text.Radio_Right_ISR
                0x00001ca4       0xdc .\CortexM3\ARM_GCC_493\Debug\main.o
                0x00001ca4                Radio_Right_ISR
 .text.GPS_ISR  0x00001d80       0x48 .\CortexM3\ARM_GCC_493\Debug\main.o
                0x00001d80                GPS_ISR
 .text.System_Init
                0x00001dc8       0xa8 .\CortexM3\ARM_GCC_493\Debug\main.o
                0x00001dc8                System_Init
 .text.eRotateCCW
                0x00001e70       0xcc .\CortexM3\ARM_GCC_493\Debug\main.o
                0x00001e70                eRotateCCW
 .text.eRotateCW
                0x00001f3c       0xcc .\CortexM3\ARM_GCC_493\Debug\main.o
                0x00001f3c                eRotateCW
 .text.Run_CMD  0x00002008      0x84c .\CortexM3\ARM_GCC_493\Debug\main.o
                0x00002008                Run_CMD
 .text.main     0x00002854       0x30 .\CortexM3\ARM_GCC_493\Debug\main.o
                0x00002854                main
 .text.ESP07_Boot
                0x00002884       0x78 .\CortexM3\ARM_GCC_493\Debug\esp07.o
                0x00002884                ESP07_Boot
 .text.ESP07_Parse
                0x000028fc      0x2c0 .\CortexM3\ARM_GCC_493\Debug\esp07.o
                0x000028fc                ESP07_Parse
 .text.ESP07_SendAck
                0x00002bbc       0x20 .\CortexM3\ARM_GCC_493\Debug\esp07.o
                0x00002bbc                ESP07_SendAck
 .text.setSpeed
                0x00002bdc       0x90 .\CortexM3\ARM_GCC_493\Debug\generic.o
                0x00002bdc                setSpeed
 .text.atan_Approx
                0x00002c6c      0x128 .\CortexM3\ARM_GCC_493\Debug\generic.o
                0x00002c6c                atan_Approx
 .text.LSM303_WriteByte
                0x00002d94       0x20 .\CortexM3\ARM_GCC_493\Debug\lsm303.o
                0x00002d94                LSM303_WriteByte
 .text.LSM303_Init
                0x00002db4       0x2c .\CortexM3\ARM_GCC_493\Debug\lsm303.o
                0x00002db4                LSM303_Init
 .text.LSM303_ReadByte
                0x00002de0       0x2c .\CortexM3\ARM_GCC_493\Debug\lsm303.o
                0x00002de0                LSM303_ReadByte
 .text.LSM303_Refresh
                0x00002e0c      0x120 .\CortexM3\ARM_GCC_493\Debug\lsm303.o
                0x00002e0c                LSM303_Refresh
 .text.GPS_Parse
                0x00002f2c       0xbc .\CortexM3\ARM_GCC_493\Debug\gps.o
                0x00002f2c                GPS_Parse
 .text.GPS_Init
                0x00002fe8       0x18 .\CortexM3\ARM_GCC_493\Debug\gps.o
                0x00002fe8                GPS_Init
 .text.IntDefaultHandler
                0x00003000       0x10 .\CortexM3\ARM_GCC_493\Debug\Cm3Start.o
                0x00003000                IntDefaultHandler
 .text._sbrk    0x00003010       0x30 .\CortexM3\ARM_GCC_493\Debug\Cm3Start.o
                0x00003010                _sbrk
 .text.Start_c  0x00003040       0x4c .\CortexM3\ARM_GCC_493\Debug\Cm3Start.o
                0x00003040                Start_c
 .text.initialize_psoc
                0x0000308c       0x74 .\CortexM3\ARM_GCC_493\Debug\Cm3Start.o
                0x0000308c                initialize_psoc
 .text.CyClockStartupError
                0x00003100        0x4 .\CortexM3\ARM_GCC_493\Debug\Platform Control Firmware.a(cyfitter_cfg.o)
 .text.cfg_write_bytes32
                0x00003104       0x34 .\CortexM3\ARM_GCC_493\Debug\Platform Control Firmware.a(cyfitter_cfg.o)
 .text.AnalogSetDefault
                0x00003138       0x28 .\CortexM3\ARM_GCC_493\Debug\Platform Control Firmware.a(cyfitter_cfg.o)
 .text.CYMEMZERO
                0x00003160        0xc .\CortexM3\ARM_GCC_493\Debug\Platform Control Firmware.a(cyfitter_cfg.o)
 .text.ClockSetup
                0x0000316c       0xfc .\CortexM3\ARM_GCC_493\Debug\Platform Control Firmware.a(cyfitter_cfg.o)
 .text.CYCONFIGCPY
                0x00003268        0x8 .\CortexM3\ARM_GCC_493\Debug\Platform Control Firmware.a(cyfitter_cfg.o)
 .text.cyfitter_cfg
                0x00003270      0x154 .\CortexM3\ARM_GCC_493\Debug\Platform Control Firmware.a(cyfitter_cfg.o)
                0x00003270                cyfitter_cfg
 .text.ESP07_UART_Init
                0x000033c4       0x24 .\CortexM3\ARM_GCC_493\Debug\Platform Control Firmware.a(ESP07_UART.o)
                0x000033c4                ESP07_UART_Init
 .text.ESP07_UART_Enable
                0x000033e8       0x38 .\CortexM3\ARM_GCC_493\Debug\Platform Control Firmware.a(ESP07_UART.o)
                0x000033e8                ESP07_UART_Enable
 .text.ESP07_UART_Start
                0x00003420       0x1c .\CortexM3\ARM_GCC_493\Debug\Platform Control Firmware.a(ESP07_UART.o)
                0x00003420                ESP07_UART_Start
 .text.ESP07_UART_ReadRxStatus
                0x0000343c       0x10 .\CortexM3\ARM_GCC_493\Debug\Platform Control Firmware.a(ESP07_UART.o)
                0x0000343c                ESP07_UART_ReadRxStatus
 .text.ESP07_UART_GetChar
                0x0000344c       0x2c .\CortexM3\ARM_GCC_493\Debug\Platform Control Firmware.a(ESP07_UART.o)
                0x0000344c                ESP07_UART_GetChar
 .text.ESP07_UART_PutChar
                0x00003478       0x18 .\CortexM3\ARM_GCC_493\Debug\Platform Control Firmware.a(ESP07_UART.o)
                0x00003478                ESP07_UART_PutChar
 .text.ESP07_UART_PutString
                0x00003490       0x24 .\CortexM3\ARM_GCC_493\Debug\Platform Control Firmware.a(ESP07_UART.o)
                0x00003490                ESP07_UART_PutString
 .text.ESP07_Interrupt_SetVector
                0x000034b4        0xc .\CortexM3\ARM_GCC_493\Debug\Platform Control Firmware.a(ESP07_Interrupt.o)
                0x000034b4                ESP07_Interrupt_SetVector
 .text.ESP07_Interrupt_SetPriority
                0x000034c0       0x10 .\CortexM3\ARM_GCC_493\Debug\Platform Control Firmware.a(ESP07_Interrupt.o)
                0x000034c0                ESP07_Interrupt_SetPriority
 .text.ESP07_Interrupt_Enable
                0x000034d0        0xc .\CortexM3\ARM_GCC_493\Debug\Platform Control Firmware.a(ESP07_Interrupt.o)
                0x000034d0                ESP07_Interrupt_Enable
 .text.ESP07_Interrupt_Disable
                0x000034dc        0xc .\CortexM3\ARM_GCC_493\Debug\Platform Control Firmware.a(ESP07_Interrupt.o)
                0x000034dc                ESP07_Interrupt_Disable
 .text.ESP07_Interrupt_StartEx
                0x000034e8       0x1c .\CortexM3\ARM_GCC_493\Debug\Platform Control Firmware.a(ESP07_Interrupt.o)
                0x000034e8                ESP07_Interrupt_StartEx
 .text.ESP07_Interrupt_ClearPending
                0x00003504        0xc .\CortexM3\ARM_GCC_493\Debug\Platform Control Firmware.a(ESP07_Interrupt.o)
                0x00003504                ESP07_Interrupt_ClearPending
 .text.ESP07_UART_IntClock_Start
                0x00003510       0x1c .\CortexM3\ARM_GCC_493\Debug\Platform Control Firmware.a(ESP07_UART_IntClock.o)
                0x00003510                ESP07_UART_IntClock_Start
 .text.CyHalt   0x0000352c        0x4 .\CortexM3\ARM_GCC_493\Debug\Platform Control Firmware.a(CyLib.o)
                0x0000352c                CyHalt
 .text.CySoftwareReset
                0x00003530       0x10 .\CortexM3\ARM_GCC_493\Debug\Platform Control Firmware.a(CyLib.o)
                0x00003530                CySoftwareReset
 .text.CyDelay  0x00003540       0x2c .\CortexM3\ARM_GCC_493\Debug\Platform Control Firmware.a(CyLib.o)
                0x00003540                CyDelay
 .text.CyIntSetVector
                0x0000356c       0x28 .\CortexM3\ARM_GCC_493\Debug\Platform Control Firmware.a(CyLib.o)
                0x0000356c                CyIntSetVector
 .text.CyIntSetPriority
                0x00003594       0x30 .\CortexM3\ARM_GCC_493\Debug\Platform Control Firmware.a(CyLib.o)
                0x00003594                CyIntSetPriority
 .text.FT232_UART_Init
                0x000035c4       0x44 .\CortexM3\ARM_GCC_493\Debug\Platform Control Firmware.a(FT232_UART.o)
                0x000035c4                FT232_UART_Init
 .text.FT232_UART_Enable
                0x00003608       0x48 .\CortexM3\ARM_GCC_493\Debug\Platform Control Firmware.a(FT232_UART.o)
                0x00003608                FT232_UART_Enable
 .text.FT232_UART_Start
                0x00003650       0x1c .\CortexM3\ARM_GCC_493\Debug\Platform Control Firmware.a(FT232_UART.o)
                0x00003650                FT232_UART_Start
 .text.FT232_UART_PutChar
                0x0000366c       0x18 .\CortexM3\ARM_GCC_493\Debug\Platform Control Firmware.a(FT232_UART.o)
                0x0000366c                FT232_UART_PutChar
 .text.FT232_UART_PutString
                0x00003684       0x24 .\CortexM3\ARM_GCC_493\Debug\Platform Control Firmware.a(FT232_UART.o)
                0x00003684                FT232_UART_PutString
 .text.FT232_UART_RXISR
                0x000036a8       0x94 .\CortexM3\ARM_GCC_493\Debug\Platform Control Firmware.a(FT232_UART_INT.o)
                0x000036a8                FT232_UART_RXISR
 .text.FT232_UART_IntClock_Start
                0x0000373c       0x1c .\CortexM3\ARM_GCC_493\Debug\Platform Control Firmware.a(FT232_UART_IntClock.o)
                0x0000373c                FT232_UART_IntClock_Start
 .text.Onboard_LED_Write
                0x00003758       0x18 .\CortexM3\ARM_GCC_493\Debug\Platform Control Firmware.a(Onboard_LED.o)
                0x00003758                Onboard_LED_Write
 .text.I2C_Init
                0x00003770       0x68 .\CortexM3\ARM_GCC_493\Debug\Platform Control Firmware.a(I2C.o)
                0x00003770                I2C_Init
 .text.I2C_Enable
                0x000037d8       0x24 .\CortexM3\ARM_GCC_493\Debug\Platform Control Firmware.a(I2C.o)
                0x000037d8                I2C_Enable
 .text.I2C_Start
                0x000037fc       0x28 .\CortexM3\ARM_GCC_493\Debug\Platform Control Firmware.a(I2C.o)
                0x000037fc                I2C_Start
 .text.I2C_ISR  0x00003824      0x2cc .\CortexM3\ARM_GCC_493\Debug\Platform Control Firmware.a(I2C_INT.o)
                0x00003824                I2C_ISR
 .text.I2C_MasterSendStart
                0x00003af0       0x80 .\CortexM3\ARM_GCC_493\Debug\Platform Control Firmware.a(I2C_MASTER.o)
                0x00003af0                I2C_MasterSendStart
 .text.I2C_MasterSendRestart
                0x00003b70       0x6c .\CortexM3\ARM_GCC_493\Debug\Platform Control Firmware.a(I2C_MASTER.o)
                0x00003b70                I2C_MasterSendRestart
 .text.I2C_MasterSendStop
                0x00003bdc       0x38 .\CortexM3\ARM_GCC_493\Debug\Platform Control Firmware.a(I2C_MASTER.o)
                0x00003bdc                I2C_MasterSendStop
 .text.I2C_MasterWriteByte
                0x00003c14       0x58 .\CortexM3\ARM_GCC_493\Debug\Platform Control Firmware.a(I2C_MASTER.o)
                0x00003c14                I2C_MasterWriteByte
 .text.I2C_MasterReadByte
                0x00003c6c       0x58 .\CortexM3\ARM_GCC_493\Debug\Platform Control Firmware.a(I2C_MASTER.o)
                0x00003c6c                I2C_MasterReadByte
 .text.Timer_Channel_Right_Enable
                0x00003cc4       0x10 .\CortexM3\ARM_GCC_493\Debug\Platform Control Firmware.a(Timer_Channel_Right.o)
                0x00003cc4                Timer_Channel_Right_Enable
 .text.Timer_Channel_Right_SetInterruptMode
                0x00003cd4        0xc .\CortexM3\ARM_GCC_493\Debug\Platform Control Firmware.a(Timer_Channel_Right.o)
                0x00003cd4                Timer_Channel_Right_SetInterruptMode
 .text.Timer_Channel_Right_ReadStatusRegister
                0x00003ce0        0xc .\CortexM3\ARM_GCC_493\Debug\Platform Control Firmware.a(Timer_Channel_Right.o)
                0x00003ce0                Timer_Channel_Right_ReadStatusRegister
 .text.Timer_Channel_Right_WritePeriod
                0x00003cec        0xc .\CortexM3\ARM_GCC_493\Debug\Platform Control Firmware.a(Timer_Channel_Right.o)
                0x00003cec                Timer_Channel_Right_WritePeriod
 .text.Timer_Channel_Right_ReadCapture
                0x00003cf8        0xc .\CortexM3\ARM_GCC_493\Debug\Platform Control Firmware.a(Timer_Channel_Right.o)
                0x00003cf8                Timer_Channel_Right_ReadCapture
 .text.Timer_Channel_Right_WriteCounter
                0x00003d04        0xc .\CortexM3\ARM_GCC_493\Debug\Platform Control Firmware.a(Timer_Channel_Right.o)
                0x00003d04                Timer_Channel_Right_WriteCounter
 .text.Timer_Channel_Right_SetInterruptCount
                0x00003d10       0x1c .\CortexM3\ARM_GCC_493\Debug\Platform Control Firmware.a(Timer_Channel_Right.o)
                0x00003d10                Timer_Channel_Right_SetInterruptCount
 .text.Timer_Channel_Right_ClearFIFO
                0x00003d2c       0x14 .\CortexM3\ARM_GCC_493\Debug\Platform Control Firmware.a(Timer_Channel_Right.o)
                0x00003d2c                Timer_Channel_Right_ClearFIFO
 .text.Timer_Channel_Right_Init
                0x00003d40       0x3c .\CortexM3\ARM_GCC_493\Debug\Platform Control Firmware.a(Timer_Channel_Right.o)
                0x00003d40                Timer_Channel_Right_Init
 .text.Timer_Channel_Right_Start
                0x00003d7c       0x1c .\CortexM3\ARM_GCC_493\Debug\Platform Control Firmware.a(Timer_Channel_Right.o)
                0x00003d7c                Timer_Channel_Right_Start
 .text.Timer_Channel_Left_Enable
                0x00003d98       0x10 .\CortexM3\ARM_GCC_493\Debug\Platform Control Firmware.a(Timer_Channel_Left.o)
                0x00003d98                Timer_Channel_Left_Enable
 .text.Timer_Channel_Left_SetInterruptMode
                0x00003da8        0xc .\CortexM3\ARM_GCC_493\Debug\Platform Control Firmware.a(Timer_Channel_Left.o)
                0x00003da8                Timer_Channel_Left_SetInterruptMode
 .text.Timer_Channel_Left_ReadStatusRegister
                0x00003db4        0xc .\CortexM3\ARM_GCC_493\Debug\Platform Control Firmware.a(Timer_Channel_Left.o)
                0x00003db4                Timer_Channel_Left_ReadStatusRegister
 .text.Timer_Channel_Left_WritePeriod
                0x00003dc0        0xc .\CortexM3\ARM_GCC_493\Debug\Platform Control Firmware.a(Timer_Channel_Left.o)
                0x00003dc0                Timer_Channel_Left_WritePeriod
 .text.Timer_Channel_Left_ReadCapture
                0x00003dcc        0xc .\CortexM3\ARM_GCC_493\Debug\Platform Control Firmware.a(Timer_Channel_Left.o)
                0x00003dcc                Timer_Channel_Left_ReadCapture
 .text.Timer_Channel_Left_WriteCounter
                0x00003dd8        0xc .\CortexM3\ARM_GCC_493\Debug\Platform Control Firmware.a(Timer_Channel_Left.o)
                0x00003dd8                Timer_Channel_Left_WriteCounter
 .text.Timer_Channel_Left_SetInterruptCount
                0x00003de4       0x1c .\CortexM3\ARM_GCC_493\Debug\Platform Control Firmware.a(Timer_Channel_Left.o)
                0x00003de4                Timer_Channel_Left_SetInterruptCount
 .text.Timer_Channel_Left_ClearFIFO
                0x00003e00       0x14 .\CortexM3\ARM_GCC_493\Debug\Platform Control Firmware.a(Timer_Channel_Left.o)
                0x00003e00                Timer_Channel_Left_ClearFIFO
 .text.Timer_Channel_Left_Init
                0x00003e14       0x3c .\CortexM3\ARM_GCC_493\Debug\Platform Control Firmware.a(Timer_Channel_Left.o)
                0x00003e14                Timer_Channel_Left_Init
 .text.Timer_Channel_Left_Start
                0x00003e50       0x1c .\CortexM3\ARM_GCC_493\Debug\Platform Control Firmware.a(Timer_Channel_Left.o)
                0x00003e50                Timer_Channel_Left_Start
 .text.RX_PWM_Left_Read
                0x00003e6c       0x10 .\CortexM3\ARM_GCC_493\Debug\Platform Control Firmware.a(RX_PWM_Left.o)
                0x00003e6c                RX_PWM_Left_Read
 .text.RX_PWM_Right_Read
                0x00003e7c        0xc .\CortexM3\ARM_GCC_493\Debug\Platform Control Firmware.a(RX_PWM_Right.o)
                0x00003e7c                RX_PWM_Right_Read
 .text.Interrupt_Channel_Left_SetVector
                0x00003e88        0xc .\CortexM3\ARM_GCC_493\Debug\Platform Control Firmware.a(Interrupt_Channel_Left.o)
                0x00003e88                Interrupt_Channel_Left_SetVector
 .text.Interrupt_Channel_Left_SetPriority
                0x00003e94       0x10 .\CortexM3\ARM_GCC_493\Debug\Platform Control Firmware.a(Interrupt_Channel_Left.o)
                0x00003e94                Interrupt_Channel_Left_SetPriority
 .text.Interrupt_Channel_Left_Enable
                0x00003ea4        0xc .\CortexM3\ARM_GCC_493\Debug\Platform Control Firmware.a(Interrupt_Channel_Left.o)
                0x00003ea4                Interrupt_Channel_Left_Enable
 .text.Interrupt_Channel_Left_Disable
                0x00003eb0        0xc .\CortexM3\ARM_GCC_493\Debug\Platform Control Firmware.a(Interrupt_Channel_Left.o)
                0x00003eb0                Interrupt_Channel_Left_Disable
 .text.Interrupt_Channel_Left_StartEx
                0x00003ebc       0x1c .\CortexM3\ARM_GCC_493\Debug\Platform Control Firmware.a(Interrupt_Channel_Left.o)
                0x00003ebc                Interrupt_Channel_Left_StartEx
 .text.Interrupt_Channel_Left_ClearPending
                0x00003ed8        0xc .\CortexM3\ARM_GCC_493\Debug\Platform Control Firmware.a(Interrupt_Channel_Left.o)
                0x00003ed8                Interrupt_Channel_Left_ClearPending
 .text.Interrupt_Channel_Right_SetVector
                0x00003ee4        0xc .\CortexM3\ARM_GCC_493\Debug\Platform Control Firmware.a(Interrupt_Channel_Right.o)
                0x00003ee4                Interrupt_Channel_Right_SetVector
 .text.Interrupt_Channel_Right_SetPriority
                0x00003ef0       0x10 .\CortexM3\ARM_GCC_493\Debug\Platform Control Firmware.a(Interrupt_Channel_Right.o)
                0x00003ef0                Interrupt_Channel_Right_SetPriority
 .text.Interrupt_Channel_Right_Enable
                0x00003f00        0xc .\CortexM3\ARM_GCC_493\Debug\Platform Control Firmware.a(Interrupt_Channel_Right.o)
                0x00003f00                Interrupt_Channel_Right_Enable
 .text.Interrupt_Channel_Right_Disable
                0x00003f0c        0xc .\CortexM3\ARM_GCC_493\Debug\Platform Control Firmware.a(Interrupt_Channel_Right.o)
                0x00003f0c                Interrupt_Channel_Right_Disable
 .text.Interrupt_Channel_Right_StartEx
                0x00003f18       0x1c .\CortexM3\ARM_GCC_493\Debug\Platform Control Firmware.a(Interrupt_Channel_Right.o)
                0x00003f18                Interrupt_Channel_Right_StartEx
 .text.Interrupt_Channel_Right_ClearPending
                0x00003f34        0xc .\CortexM3\ARM_GCC_493\Debug\Platform Control Firmware.a(Interrupt_Channel_Right.o)
                0x00003f34                Interrupt_Channel_Right_ClearPending
 .text.PWM_Left_Front_Enable
                0x00003f40       0x28 .\CortexM3\ARM_GCC_493\Debug\Platform Control Firmware.a(PWM_Left_Front.o)
                0x00003f40                PWM_Left_Front_Enable
 .text.PWM_Left_Front_WritePeriod
                0x00003f68        0xc .\CortexM3\ARM_GCC_493\Debug\Platform Control Firmware.a(PWM_Left_Front.o)
                0x00003f68                PWM_Left_Front_WritePeriod
 .text.PWM_Left_Front_WriteCompare
                0x00003f74        0xc .\CortexM3\ARM_GCC_493\Debug\Platform Control Firmware.a(PWM_Left_Front.o)
                0x00003f74                PWM_Left_Front_WriteCompare
 .text.PWM_Left_Front_SetInterruptMode
                0x00003f80        0xc .\CortexM3\ARM_GCC_493\Debug\Platform Control Firmware.a(PWM_Left_Front.o)
                0x00003f80                PWM_Left_Front_SetInterruptMode
 .text.PWM_Left_Front_Init
                0x00003f8c       0x74 .\CortexM3\ARM_GCC_493\Debug\Platform Control Firmware.a(PWM_Left_Front.o)
                0x00003f8c                PWM_Left_Front_Init
 .text.PWM_Left_Front_Start
                0x00004000       0x1c .\CortexM3\ARM_GCC_493\Debug\Platform Control Firmware.a(PWM_Left_Front.o)
                0x00004000                PWM_Left_Front_Start
 .text.PWM_Left_Rear_Enable
                0x0000401c       0x28 .\CortexM3\ARM_GCC_493\Debug\Platform Control Firmware.a(PWM_Left_Rear.o)
                0x0000401c                PWM_Left_Rear_Enable
 .text.PWM_Left_Rear_WritePeriod
                0x00004044        0xc .\CortexM3\ARM_GCC_493\Debug\Platform Control Firmware.a(PWM_Left_Rear.o)
                0x00004044                PWM_Left_Rear_WritePeriod
 .text.PWM_Left_Rear_WriteCompare
                0x00004050        0xc .\CortexM3\ARM_GCC_493\Debug\Platform Control Firmware.a(PWM_Left_Rear.o)
                0x00004050                PWM_Left_Rear_WriteCompare
 .text.PWM_Left_Rear_SetInterruptMode
                0x0000405c        0xc .\CortexM3\ARM_GCC_493\Debug\Platform Control Firmware.a(PWM_Left_Rear.o)
                0x0000405c                PWM_Left_Rear_SetInterruptMode
 .text.PWM_Left_Rear_Init
                0x00004068       0x74 .\CortexM3\ARM_GCC_493\Debug\Platform Control Firmware.a(PWM_Left_Rear.o)
                0x00004068                PWM_Left_Rear_Init
 .text.PWM_Left_Rear_Start
                0x000040dc       0x1c .\CortexM3\ARM_GCC_493\Debug\Platform Control Firmware.a(PWM_Left_Rear.o)
                0x000040dc                PWM_Left_Rear_Start
 .text.PWM_Right_Front_Enable
                0x000040f8       0x28 .\CortexM3\ARM_GCC_493\Debug\Platform Control Firmware.a(PWM_Right_Front.o)
                0x000040f8                PWM_Right_Front_Enable
 .text.PWM_Right_Front_WritePeriod
                0x00004120        0xc .\CortexM3\ARM_GCC_493\Debug\Platform Control Firmware.a(PWM_Right_Front.o)
                0x00004120                PWM_Right_Front_WritePeriod
 .text.PWM_Right_Front_WriteCompare
                0x0000412c        0xc .\CortexM3\ARM_GCC_493\Debug\Platform Control Firmware.a(PWM_Right_Front.o)
                0x0000412c                PWM_Right_Front_WriteCompare
 .text.PWM_Right_Front_SetInterruptMode
                0x00004138        0xc .\CortexM3\ARM_GCC_493\Debug\Platform Control Firmware.a(PWM_Right_Front.o)
                0x00004138                PWM_Right_Front_SetInterruptMode
 .text.PWM_Right_Front_Init
                0x00004144       0x74 .\CortexM3\ARM_GCC_493\Debug\Platform Control Firmware.a(PWM_Right_Front.o)
                0x00004144                PWM_Right_Front_Init
 .text.PWM_Right_Front_Start
                0x000041b8       0x1c .\CortexM3\ARM_GCC_493\Debug\Platform Control Firmware.a(PWM_Right_Front.o)
                0x000041b8                PWM_Right_Front_Start
 .text.Direction_Left_Rear_Write
                0x000041d4        0xc .\CortexM3\ARM_GCC_493\Debug\Platform Control Firmware.a(Direction_Left_Rear.o)
                0x000041d4                Direction_Left_Rear_Write
 .text.PWM_Right_Rear_Enable
                0x000041e0       0x28 .\CortexM3\ARM_GCC_493\Debug\Platform Control Firmware.a(PWM_Right_Rear.o)
                0x000041e0                PWM_Right_Rear_Enable
 .text.PWM_Right_Rear_WritePeriod
                0x00004208        0xc .\CortexM3\ARM_GCC_493\Debug\Platform Control Firmware.a(PWM_Right_Rear.o)
                0x00004208                PWM_Right_Rear_WritePeriod
 .text.PWM_Right_Rear_WriteCompare
                0x00004214        0xc .\CortexM3\ARM_GCC_493\Debug\Platform Control Firmware.a(PWM_Right_Rear.o)
                0x00004214                PWM_Right_Rear_WriteCompare
 .text.PWM_Right_Rear_SetInterruptMode
                0x00004220        0xc .\CortexM3\ARM_GCC_493\Debug\Platform Control Firmware.a(PWM_Right_Rear.o)
                0x00004220                PWM_Right_Rear_SetInterruptMode
 .text.PWM_Right_Rear_Init
                0x0000422c       0x74 .\CortexM3\ARM_GCC_493\Debug\Platform Control Firmware.a(PWM_Right_Rear.o)
                0x0000422c                PWM_Right_Rear_Init
 .text.PWM_Right_Rear_Start
                0x000042a0       0x1c .\CortexM3\ARM_GCC_493\Debug\Platform Control Firmware.a(PWM_Right_Rear.o)
                0x000042a0                PWM_Right_Rear_Start
 .text.Direction_Left_Front_Write
                0x000042bc        0xc .\CortexM3\ARM_GCC_493\Debug\Platform Control Firmware.a(Direction_Left_Front.o)
                0x000042bc                Direction_Left_Front_Write
 .text.Direction_Right_Rear_Write
                0x000042c8        0xc .\CortexM3\ARM_GCC_493\Debug\Platform Control Firmware.a(Direction_Right_Rear.o)
                0x000042c8                Direction_Right_Rear_Write
 .text.Direction_Right_Front_Write
                0x000042d4        0xc .\CortexM3\ARM_GCC_493\Debug\Platform Control Firmware.a(Direction_Right_Front.o)
                0x000042d4                Direction_Right_Front_Write
 .text.Decoder_Left_Init
                0x000042e0       0x24 .\CortexM3\ARM_GCC_493\Debug\Platform Control Firmware.a(Decoder_Left.o)
                0x000042e0                Decoder_Left_Init
 .text.Decoder_Left_GetCounter
                0x00004304       0x2c .\CortexM3\ARM_GCC_493\Debug\Platform Control Firmware.a(Decoder_Left.o)
                0x00004304                Decoder_Left_GetCounter
 .text.Decoder_Left_SetCounter
                0x00004330       0x28 .\CortexM3\ARM_GCC_493\Debug\Platform Control Firmware.a(Decoder_Left.o)
                0x00004330                Decoder_Left_SetCounter
 .text.Decoder_Left_GetEvents
                0x00004358       0x10 .\CortexM3\ARM_GCC_493\Debug\Platform Control Firmware.a(Decoder_Left.o)
                0x00004358                Decoder_Left_GetEvents
 .text.Decoder_Left_SetInterruptMask
                0x00004368       0x10 .\CortexM3\ARM_GCC_493\Debug\Platform Control Firmware.a(Decoder_Left.o)
                0x00004368                Decoder_Left_SetInterruptMask
 .text.Decoder_Left_Enable
                0x00004378       0x30 .\CortexM3\ARM_GCC_493\Debug\Platform Control Firmware.a(Decoder_Left.o)
                0x00004378                Decoder_Left_Enable
 .text.Decoder_Left_Start
                0x000043a8       0x34 .\CortexM3\ARM_GCC_493\Debug\Platform Control Firmware.a(Decoder_Left.o)
                0x000043a8                Decoder_Left_Start
 .text.Decoder_Left_ISR
                0x000043dc       0x40 .\CortexM3\ARM_GCC_493\Debug\Platform Control Firmware.a(Decoder_Left_INT.o)
                0x000043dc                Decoder_Left_ISR
 .text.Decoder_Right_Init
                0x0000441c       0x24 .\CortexM3\ARM_GCC_493\Debug\Platform Control Firmware.a(Decoder_Right.o)
                0x0000441c                Decoder_Right_Init
 .text.Decoder_Right_GetCounter
                0x00004440       0x2c .\CortexM3\ARM_GCC_493\Debug\Platform Control Firmware.a(Decoder_Right.o)
                0x00004440                Decoder_Right_GetCounter
 .text.Decoder_Right_SetCounter
                0x0000446c       0x28 .\CortexM3\ARM_GCC_493\Debug\Platform Control Firmware.a(Decoder_Right.o)
                0x0000446c                Decoder_Right_SetCounter
 .text.Decoder_Right_GetEvents
                0x00004494       0x10 .\CortexM3\ARM_GCC_493\Debug\Platform Control Firmware.a(Decoder_Right.o)
                0x00004494                Decoder_Right_GetEvents
 .text.Decoder_Right_SetInterruptMask
                0x000044a4       0x10 .\CortexM3\ARM_GCC_493\Debug\Platform Control Firmware.a(Decoder_Right.o)
                0x000044a4                Decoder_Right_SetInterruptMask
 .text.Decoder_Right_Enable
                0x000044b4       0x30 .\CortexM3\ARM_GCC_493\Debug\Platform Control Firmware.a(Decoder_Right.o)
                0x000044b4                Decoder_Right_Enable
 .text.Decoder_Right_Start
                0x000044e4       0x34 .\CortexM3\ARM_GCC_493\Debug\Platform Control Firmware.a(Decoder_Right.o)
                0x000044e4                Decoder_Right_Start
 .text.Decoder_Right_ISR
                0x00004518       0x40 .\CortexM3\ARM_GCC_493\Debug\Platform Control Firmware.a(Decoder_Right_INT.o)
                0x00004518                Decoder_Right_ISR
 .text.Decoder_Left_Cnt16_Enable
                0x00004558       0x10 .\CortexM3\ARM_GCC_493\Debug\Platform Control Firmware.a(Decoder_Left_Cnt16.o)
                0x00004558                Decoder_Left_Cnt16_Enable
 .text.Decoder_Left_Cnt16_SetInterruptMode
                0x00004568        0xc .\CortexM3\ARM_GCC_493\Debug\Platform Control Firmware.a(Decoder_Left_Cnt16.o)
                0x00004568                Decoder_Left_Cnt16_SetInterruptMode
 .text.Decoder_Left_Cnt16_ReadStatusRegister
                0x00004574        0xc .\CortexM3\ARM_GCC_493\Debug\Platform Control Firmware.a(Decoder_Left_Cnt16.o)
                0x00004574                Decoder_Left_Cnt16_ReadStatusRegister
 .text.Decoder_Left_Cnt16_WriteCounter
                0x00004580        0xc .\CortexM3\ARM_GCC_493\Debug\Platform Control Firmware.a(Decoder_Left_Cnt16.o)
                0x00004580                Decoder_Left_Cnt16_WriteCounter
 .text.Decoder_Left_Cnt16_ReadCounter
                0x0000458c       0x14 .\CortexM3\ARM_GCC_493\Debug\Platform Control Firmware.a(Decoder_Left_Cnt16.o)
                0x0000458c                Decoder_Left_Cnt16_ReadCounter
 .text.Decoder_Left_Cnt16_ReadCapture
                0x000045a0        0xc .\CortexM3\ARM_GCC_493\Debug\Platform Control Firmware.a(Decoder_Left_Cnt16.o)
                0x000045a0                Decoder_Left_Cnt16_ReadCapture
 .text.Decoder_Left_Cnt16_WritePeriod
                0x000045ac        0xc .\CortexM3\ARM_GCC_493\Debug\Platform Control Firmware.a(Decoder_Left_Cnt16.o)
                0x000045ac                Decoder_Left_Cnt16_WritePeriod
 .text.Decoder_Left_Cnt16_WriteCompare
                0x000045b8        0xc .\CortexM3\ARM_GCC_493\Debug\Platform Control Firmware.a(Decoder_Left_Cnt16.o)
                0x000045b8                Decoder_Left_Cnt16_WriteCompare
 .text.Decoder_Left_Cnt16_ClearFIFO
                0x000045c4       0x14 .\CortexM3\ARM_GCC_493\Debug\Platform Control Firmware.a(Decoder_Left_Cnt16.o)
                0x000045c4                Decoder_Left_Cnt16_ClearFIFO
 .text.Decoder_Left_Cnt16_Init
                0x000045d8       0x58 .\CortexM3\ARM_GCC_493\Debug\Platform Control Firmware.a(Decoder_Left_Cnt16.o)
                0x000045d8                Decoder_Left_Cnt16_Init
 .text.Decoder_Left_Cnt16_Start
                0x00004630       0x1c .\CortexM3\ARM_GCC_493\Debug\Platform Control Firmware.a(Decoder_Left_Cnt16.o)
                0x00004630                Decoder_Left_Cnt16_Start
 .text.Decoder_Right_Cnt16_Enable
                0x0000464c       0x10 .\CortexM3\ARM_GCC_493\Debug\Platform Control Firmware.a(Decoder_Right_Cnt16.o)
                0x0000464c                Decoder_Right_Cnt16_Enable
 .text.Decoder_Right_Cnt16_SetInterruptMode
                0x0000465c        0xc .\CortexM3\ARM_GCC_493\Debug\Platform Control Firmware.a(Decoder_Right_Cnt16.o)
                0x0000465c                Decoder_Right_Cnt16_SetInterruptMode
 .text.Decoder_Right_Cnt16_ReadStatusRegister
                0x00004668        0xc .\CortexM3\ARM_GCC_493\Debug\Platform Control Firmware.a(Decoder_Right_Cnt16.o)
                0x00004668                Decoder_Right_Cnt16_ReadStatusRegister
 .text.Decoder_Right_Cnt16_WriteCounter
                0x00004674        0xc .\CortexM3\ARM_GCC_493\Debug\Platform Control Firmware.a(Decoder_Right_Cnt16.o)
                0x00004674                Decoder_Right_Cnt16_WriteCounter
 .text.Decoder_Right_Cnt16_ReadCounter
                0x00004680       0x14 .\CortexM3\ARM_GCC_493\Debug\Platform Control Firmware.a(Decoder_Right_Cnt16.o)
                0x00004680                Decoder_Right_Cnt16_ReadCounter
 .text.Decoder_Right_Cnt16_ReadCapture
                0x00004694        0xc .\CortexM3\ARM_GCC_493\Debug\Platform Control Firmware.a(Decoder_Right_Cnt16.o)
                0x00004694                Decoder_Right_Cnt16_ReadCapture
 .text.Decoder_Right_Cnt16_WritePeriod
                0x000046a0        0xc .\CortexM3\ARM_GCC_493\Debug\Platform Control Firmware.a(Decoder_Right_Cnt16.o)
                0x000046a0                Decoder_Right_Cnt16_WritePeriod
 .text.Decoder_Right_Cnt16_WriteCompare
                0x000046ac        0xc .\CortexM3\ARM_GCC_493\Debug\Platform Control Firmware.a(Decoder_Right_Cnt16.o)
                0x000046ac                Decoder_Right_Cnt16_WriteCompare
 .text.Decoder_Right_Cnt16_ClearFIFO
                0x000046b8       0x14 .\CortexM3\ARM_GCC_493\Debug\Platform Control Firmware.a(Decoder_Right_Cnt16.o)
                0x000046b8                Decoder_Right_Cnt16_ClearFIFO
 .text.Decoder_Right_Cnt16_Init
                0x000046cc       0x58 .\CortexM3\ARM_GCC_493\Debug\Platform Control Firmware.a(Decoder_Right_Cnt16.o)
                0x000046cc                Decoder_Right_Cnt16_Init
 .text.Decoder_Right_Cnt16_Start
                0x00004724       0x1c .\CortexM3\ARM_GCC_493\Debug\Platform Control Firmware.a(Decoder_Right_Cnt16.o)
                0x00004724                Decoder_Right_Cnt16_Start
 .text.GPS_UART_Init
                0x00004740       0x28 .\CortexM3\ARM_GCC_493\Debug\Platform Control Firmware.a(GPS_UART.o)
                0x00004740                GPS_UART_Init
 .text.GPS_UART_Enable
                0x00004768       0x38 .\CortexM3\ARM_GCC_493\Debug\Platform Control Firmware.a(GPS_UART.o)
                0x00004768                GPS_UART_Enable
 .text.GPS_UART_Start
                0x000047a0       0x1c .\CortexM3\ARM_GCC_493\Debug\Platform Control Firmware.a(GPS_UART.o)
                0x000047a0                GPS_UART_Start
 .text.GPS_UART_ReadRxStatus
                0x000047bc       0x10 .\CortexM3\ARM_GCC_493\Debug\Platform Control Firmware.a(GPS_UART.o)
                0x000047bc                GPS_UART_ReadRxStatus
 .text.GPS_UART_GetChar
                0x000047cc       0x2c .\CortexM3\ARM_GCC_493\Debug\Platform Control Firmware.a(GPS_UART.o)
                0x000047cc                GPS_UART_GetChar
 .text.GPS_UART_PutChar
                0x000047f8       0x18 .\CortexM3\ARM_GCC_493\Debug\Platform Control Firmware.a(GPS_UART.o)
                0x000047f8                GPS_UART_PutChar
 .text.GPS_UART_PutString
                0x00004810       0x24 .\CortexM3\ARM_GCC_493\Debug\Platform Control Firmware.a(GPS_UART.o)
                0x00004810                GPS_UART_PutString
 .text.GPS_Interrupt_SetVector
                0x00004834        0xc .\CortexM3\ARM_GCC_493\Debug\Platform Control Firmware.a(GPS_Interrupt.o)
                0x00004834                GPS_Interrupt_SetVector
 .text.GPS_Interrupt_SetPriority
                0x00004840       0x10 .\CortexM3\ARM_GCC_493\Debug\Platform Control Firmware.a(GPS_Interrupt.o)
                0x00004840                GPS_Interrupt_SetPriority
 .text.GPS_Interrupt_Enable
                0x00004850        0xc .\CortexM3\ARM_GCC_493\Debug\Platform Control Firmware.a(GPS_Interrupt.o)
                0x00004850                GPS_Interrupt_Enable
 .text.GPS_Interrupt_Disable
                0x0000485c        0xc .\CortexM3\ARM_GCC_493\Debug\Platform Control Firmware.a(GPS_Interrupt.o)
                0x0000485c                GPS_Interrupt_Disable
 .text.GPS_Interrupt_StartEx
                0x00004868       0x1c .\CortexM3\ARM_GCC_493\Debug\Platform Control Firmware.a(GPS_Interrupt.o)
                0x00004868                GPS_Interrupt_StartEx
 .text.GPS_Interrupt_ClearPending
                0x00004884        0xc .\CortexM3\ARM_GCC_493\Debug\Platform Control Firmware.a(GPS_Interrupt.o)
                0x00004884                GPS_Interrupt_ClearPending
 .text.GPS_UART_IntClock_Start
                0x00004890       0x1c .\CortexM3\ARM_GCC_493\Debug\Platform Control Firmware.a(GPS_UART_IntClock.o)
                0x00004890                GPS_UART_IntClock_Start
 *fill*         0x000048ac        0x4 
 .text          0x000048b0       0x20 .\CortexM3\ARM_GCC_493\Debug\Platform Control Firmware.a(CyBootAsmGnu.o)
                0x000048b0                CyDelayCycles
                0x000048c0                CyEnterCriticalSection
                0x000048c8                CyExitCriticalSection
 .text          0x000048d0      0x370 c:/program files (x86)/cypress/psoc creator/4.0/psoc creator/import/gnu/arm/4.9.3/bin/../lib/gcc/arm-none-eabi/4.9.3/armv7-m\libgcc.a(_arm_addsubdf3.o)
                0x000048d0                __aeabi_drsub
                0x000048d8                __aeabi_dsub
                0x000048d8                __subdf3
                0x000048dc                __aeabi_dadd
                0x000048dc                __adddf3
                0x00004b54                __floatunsidf
                0x00004b54                __aeabi_ui2d
                0x00004b74                __floatsidf
                0x00004b74                __aeabi_i2d
                0x00004b98                __aeabi_f2d
                0x00004b98                __extendsfdf2
                0x00004bd4                __floatundidf
                0x00004bd4                __aeabi_ul2d
                0x00004be4                __floatdidf
                0x00004be4                __aeabi_l2d
 .text          0x00004c40      0x424 c:/program files (x86)/cypress/psoc creator/4.0/psoc creator/import/gnu/arm/4.9.3/bin/../lib/gcc/arm-none-eabi/4.9.3/armv7-m\libgcc.a(_arm_muldivdf3.o)
                0x00004c40                __aeabi_dmul
                0x00004c40                __muldf3
                0x00004e94                __divdf3
                0x00004e94                __aeabi_ddiv
 .text          0x00005064       0xa0 c:/program files (x86)/cypress/psoc creator/4.0/psoc creator/import/gnu/arm/4.9.3/bin/../lib/gcc/arm-none-eabi/4.9.3/armv7-m\libgcc.a(_arm_truncdfsf2.o)
                0x00005064                __truncdfsf2
                0x00005064                __aeabi_d2f
 .text          0x00005104      0x21c c:/program files (x86)/cypress/psoc creator/4.0/psoc creator/import/gnu/arm/4.9.3/bin/../lib/gcc/arm-none-eabi/4.9.3/armv7-m\libgcc.a(_arm_addsubsf3.o)
                0x00005104                __aeabi_frsub
                0x0000510c                __subsf3
                0x0000510c                __aeabi_fsub
                0x00005110                __aeabi_fadd
                0x00005110                __addsf3
                0x00005270                __aeabi_ui2f
                0x00005270                __floatunsisf
                0x00005278                __aeabi_i2f
                0x00005278                __floatsisf
                0x00005294                __aeabi_ul2f
                0x00005294                __floatundisf
                0x000052a4                __aeabi_l2f
                0x000052a4                __floatdisf
 .text          0x00005320      0x2a0 c:/program files (x86)/cypress/psoc creator/4.0/psoc creator/import/gnu/arm/4.9.3/bin/../lib/gcc/arm-none-eabi/4.9.3/armv7-m\libgcc.a(_arm_muldivsf3.o)
                0x00005320                __mulsf3
                0x00005320                __aeabi_fmul
                0x00005488                __aeabi_fdiv
                0x00005488                __divsf3
 .text          0x000055c0       0xec c:/program files (x86)/cypress/psoc creator/4.0/psoc creator/import/gnu/arm/4.9.3/bin/../lib/gcc/arm-none-eabi/4.9.3/armv7-m\libgcc.a(_arm_cmpsf2.o)
                0x000055c0                __gesf2
                0x000055c0                __gtsf2
                0x000055c8                __lesf2
                0x000055c8                __ltsf2
                0x000055d0                __nesf2
                0x000055d0                __eqsf2
                0x000055d0                __cmpsf2
                0x00005630                __aeabi_cfrcmple
                0x00005638                __aeabi_cfcmpeq
                0x00005638                __aeabi_cfcmple
                0x00005648                __aeabi_fcmpeq
                0x0000565c                __aeabi_fcmplt
                0x00005670                __aeabi_fcmple
                0x00005684                __aeabi_fcmpge
                0x00005698                __aeabi_fcmpgt
 .text          0x000056ac       0x40 c:/program files (x86)/cypress/psoc creator/4.0/psoc creator/import/gnu/arm/4.9.3/bin/../lib/gcc/arm-none-eabi/4.9.3/armv7-m\libgcc.a(_arm_fixunssfsi.o)
                0x000056ac                __fixunssfsi
                0x000056ac                __aeabi_f2uiz
 .text.atoi     0x000056ec        0x8 c:/program files (x86)/cypress/psoc creator/4.0/psoc creator/import/gnu/arm/4.9.3/bin/../lib/gcc/arm-none-eabi/4.9.3/../../../../arm-none-eabi/lib/armv7-m\libg_nano.a(lib_a-atoi.o)
                0x000056ec                atoi
 .text.__errno  0x000056f4        0xc c:/program files (x86)/cypress/psoc creator/4.0/psoc creator/import/gnu/arm/4.9.3/bin/../lib/gcc/arm-none-eabi/4.9.3/../../../../arm-none-eabi/lib/armv7-m\libg_nano.a(lib_a-errno.o)
                0x000056f4                __errno
 .text.__libc_init_array
                0x00005700       0x4c c:/program files (x86)/cypress/psoc creator/4.0/psoc creator/import/gnu/arm/4.9.3/bin/../lib/gcc/arm-none-eabi/4.9.3/../../../../arm-none-eabi/lib/armv7-m\libg_nano.a(lib_a-init.o)
                0x00005700                __libc_init_array
 .text.memcpy   0x0000574c       0x16 c:/program files (x86)/cypress/psoc creator/4.0/psoc creator/import/gnu/arm/4.9.3/bin/../lib/gcc/arm-none-eabi/4.9.3/../../../../arm-none-eabi/lib/armv7-m\libg_nano.a(lib_a-memcpy.o)
                0x0000574c                memcpy
 .text.memset   0x00005762       0x10 c:/program files (x86)/cypress/psoc creator/4.0/psoc creator/import/gnu/arm/4.9.3/bin/../lib/gcc/arm-none-eabi/4.9.3/../../../../arm-none-eabi/lib/armv7-m\libg_nano.a(lib_a-memset.o)
                0x00005762                memset
 *fill*         0x00005772        0x2 
 .text.sprintf  0x00005774       0x48 c:/program files (x86)/cypress/psoc creator/4.0/psoc creator/import/gnu/arm/4.9.3/bin/../lib/gcc/arm-none-eabi/4.9.3/../../../../arm-none-eabi/lib/armv7-m\libg_nano.a(lib_a-sprintf.o)
                0x00005774                siprintf
                0x00005774                sprintf
 .text.strchr   0x000057bc       0x1c c:/program files (x86)/cypress/psoc creator/4.0/psoc creator/import/gnu/arm/4.9.3/bin/../lib/gcc/arm-none-eabi/4.9.3/../../../../arm-none-eabi/lib/armv7-m\libg_nano.a(lib_a-strchr.o)
                0x000057bc                strchr
 .text          0x000057d8       0x14 c:/program files (x86)/cypress/psoc creator/4.0/psoc creator/import/gnu/arm/4.9.3/bin/../lib/gcc/arm-none-eabi/4.9.3/../../../../arm-none-eabi/lib/armv7-m\libg_nano.a(lib_a-strcmp.o)
                0x000057d8                strcmp
 .text.strcpy   0x000057ec       0x10 c:/program files (x86)/cypress/psoc creator/4.0/psoc creator/import/gnu/arm/4.9.3/bin/../lib/gcc/arm-none-eabi/4.9.3/../../../../arm-none-eabi/lib/armv7-m\libg_nano.a(lib_a-strcpy.o)
                0x000057ec                strcpy
 .text.strlen   0x000057fc       0x10 c:/program files (x86)/cypress/psoc creator/4.0/psoc creator/import/gnu/arm/4.9.3/bin/../lib/gcc/arm-none-eabi/4.9.3/../../../../arm-none-eabi/lib/armv7-m\libg_nano.a(lib_a-strlen.o)
                0x000057fc                strlen
 .text.strncmp  0x0000580c       0x32 c:/program files (x86)/cypress/psoc creator/4.0/psoc creator/import/gnu/arm/4.9.3/bin/../lib/gcc/arm-none-eabi/4.9.3/../../../../arm-none-eabi/lib/armv7-m\libg_nano.a(lib_a-strncmp.o)
                0x0000580c                strncmp
 .text.strncpy  0x0000583e       0x24 c:/program files (x86)/cypress/psoc creator/4.0/psoc creator/import/gnu/arm/4.9.3/bin/../lib/gcc/arm-none-eabi/4.9.3/../../../../arm-none-eabi/lib/armv7-m\libg_nano.a(lib_a-strncpy.o)
                0x0000583e                strncpy
 .text.strstr   0x00005862       0x30 c:/program files (x86)/cypress/psoc creator/4.0/psoc creator/import/gnu/arm/4.9.3/bin/../lib/gcc/arm-none-eabi/4.9.3/../../../../arm-none-eabi/lib/armv7-m\libg_nano.a(lib_a-strstr.o)
                0x00005862                strstr
 *fill*         0x00005892        0x2 
 .text._strtol_r
                0x00005894      0x10c c:/program files (x86)/cypress/psoc creator/4.0/psoc creator/import/gnu/arm/4.9.3/bin/../lib/gcc/arm-none-eabi/4.9.3/../../../../arm-none-eabi/lib/armv7-m\libg_nano.a(lib_a-strtol.o)
                0x00005894                _strtol_r
 .text.strtol   0x000059a0       0x1c c:/program files (x86)/cypress/psoc creator/4.0/psoc creator/import/gnu/arm/4.9.3/bin/../lib/gcc/arm-none-eabi/4.9.3/../../../../arm-none-eabi/lib/armv7-m\libg_nano.a(lib_a-strtol.o)
                0x000059a0                strtol
 .text.__ssputs_r
                0x000059bc       0xb2 c:/program files (x86)/cypress/psoc creator/4.0/psoc creator/import/gnu/arm/4.9.3/bin/../lib/gcc/arm-none-eabi/4.9.3/../../../../arm-none-eabi/lib/armv7-m\libg_nano.a(lib_a-nano-svfprintf.o)
                0x000059bc                __ssputs_r
 *fill*         0x00005a6e        0x2 
 .text._svfprintf_r
                0x00005a70      0x1e4 c:/program files (x86)/cypress/psoc creator/4.0/psoc creator/import/gnu/arm/4.9.3/bin/../lib/gcc/arm-none-eabi/4.9.3/../../../../arm-none-eabi/lib/armv7-m\libg_nano.a(lib_a-nano-svfprintf.o)
                0x00005a70                _svfiprintf_r
                0x00005a70                _svfprintf_r
 .text._printf_common
                0x00005c54       0xea c:/program files (x86)/cypress/psoc creator/4.0/psoc creator/import/gnu/arm/4.9.3/bin/../lib/gcc/arm-none-eabi/4.9.3/../../../../arm-none-eabi/lib/armv7-m\libg_nano.a(lib_a-nano-vfprintf_i.o)
                0x00005c54                _printf_common
 *fill*         0x00005d3e        0x2 
 .text._printf_i
                0x00005d40      0x240 c:/program files (x86)/cypress/psoc creator/4.0/psoc creator/import/gnu/arm/4.9.3/bin/../lib/gcc/arm-none-eabi/4.9.3/../../../../arm-none-eabi/lib/armv7-m\libg_nano.a(lib_a-nano-vfprintf_i.o)
                0x00005d40                _printf_i
 .text.memchr   0x00005f80       0x1c c:/program files (x86)/cypress/psoc creator/4.0/psoc creator/import/gnu/arm/4.9.3/bin/../lib/gcc/arm-none-eabi/4.9.3/../../../../arm-none-eabi/lib/armv7-m\libg_nano.a(lib_a-memchr.o)
                0x00005f80                memchr
 .text.memmove  0x00005f9c       0x36 c:/program files (x86)/cypress/psoc creator/4.0/psoc creator/import/gnu/arm/4.9.3/bin/../lib/gcc/arm-none-eabi/4.9.3/../../../../arm-none-eabi/lib/armv7-m\libg_nano.a(lib_a-memmove.o)
                0x00005f9c                memmove
 *fill*         0x00005fd2        0x2 
 .text._free_r  0x00005fd4       0x88 c:/program files (x86)/cypress/psoc creator/4.0/psoc creator/import/gnu/arm/4.9.3/bin/../lib/gcc/arm-none-eabi/4.9.3/../../../../arm-none-eabi/lib/armv7-m\libg_nano.a(lib_a-nano-freer.o)
                0x00005fd4                _free_r
 .text._malloc_r
                0x0000605c       0xac c:/program files (x86)/cypress/psoc creator/4.0/psoc creator/import/gnu/arm/4.9.3/bin/../lib/gcc/arm-none-eabi/4.9.3/../../../../arm-none-eabi/lib/armv7-m\libg_nano.a(lib_a-nano-mallocr.o)
                0x0000605c                _malloc_r
 .text._realloc_r
                0x00006108       0x4c c:/program files (x86)/cypress/psoc creator/4.0/psoc creator/import/gnu/arm/4.9.3/bin/../lib/gcc/arm-none-eabi/4.9.3/../../../../arm-none-eabi/lib/armv7-m\libg_nano.a(lib_a-nano-reallocr.o)
                0x00006108                _realloc_r
 .text._sbrk_r  0x00006154       0x20 c:/program files (x86)/cypress/psoc creator/4.0/psoc creator/import/gnu/arm/4.9.3/bin/../lib/gcc/arm-none-eabi/4.9.3/../../../../arm-none-eabi/lib/armv7-m\libg_nano.a(lib_a-sbrkr.o)
                0x00006154                _sbrk_r
 .text._malloc_usable_size_r
                0x00006174       0x14 c:/program files (x86)/cypress/psoc creator/4.0/psoc creator/import/gnu/arm/4.9.3/bin/../lib/gcc/arm-none-eabi/4.9.3/../../../../arm-none-eabi/lib/armv7-m\libg_nano.a(lib_a-nano-msizer.o)
                0x00006174                _malloc_usable_size_r
 *(.plt)
 *(.gnu.warning)
 *(.glue_7t)
 .glue_7t       0x00000000        0x0 linker stubs
 *(.glue_7)
 .glue_7        0x00000000        0x0 linker stubs
 *(.vfp11_veneer)
 .vfp11_veneer  0x00000000        0x0 linker stubs
 *(.bootloader)
 *(.ARM.extab* .gnu.linkonce.armextab.*)
 *(.gcc_except_table)

.v4_bx          0x00006188        0x0
 .v4_bx         0x00000000        0x0 linker stubs

.iplt           0x00006188        0x0
 .iplt          0x00000000        0x0 c:/program files (x86)/cypress/psoc creator/4.0/psoc creator/import/gnu/arm/4.9.3/bin/../lib/gcc/arm-none-eabi/4.9.3/armv7-m/crtbegin.o

.eh_frame_hdr
 *(.eh_frame_hdr)

.eh_frame       0x00006188       0x2c
 *(.eh_frame)
 .eh_frame      0x00006188        0x0 c:/program files (x86)/cypress/psoc creator/4.0/psoc creator/import/gnu/arm/4.9.3/bin/../lib/gcc/arm-none-eabi/4.9.3/armv7-m/crtbegin.o
 .eh_frame      0x00006188       0x28 c:/program files (x86)/cypress/psoc creator/4.0/psoc creator/import/gnu/arm/4.9.3/bin/../lib/gcc/arm-none-eabi/4.9.3/../../../../arm-none-eabi/lib/armv7-m\libg_nano.a(lib_a-strcmp.o)
 .eh_frame      0x000061b0        0x4 c:/program files (x86)/cypress/psoc creator/4.0/psoc creator/import/gnu/arm/4.9.3/bin/../lib/gcc/arm-none-eabi/4.9.3/armv7-m/crtend.o
                0x000061b4                PROVIDE (__exidx_start, .)

.ARM.exidx
 *(.ARM.exidx* .gnu.linkonce.armexidx.*)
                0x000061b4                __exidx_end = .

.rodata         0x000061b4      0x6ec
 *(.rodata .rodata.* .gnu.linkonce.r.*)
 .rodata.str1.4
                0x000061b4      0x374 .\CortexM3\ARM_GCC_493\Debug\main.o
                                0x378 (size before relaxing)
 .rodata.str1.4
                0x00006528      0x169 .\CortexM3\ARM_GCC_493\Debug\esp07.o
                                0x180 (size before relaxing)
 *fill*         0x00006691        0x3 
 .rodata        0x00006694        0xc .\CortexM3\ARM_GCC_493\Debug\gps.o
 .rodata.str1.4
                0x000066a0       0x50 .\CortexM3\ARM_GCC_493\Debug\gps.o
 .rodata        0x000066f0       0x44 .\CortexM3\ARM_GCC_493\Debug\Platform Control Firmware.a(cyfitter_cfg.o)
 .rodata.str1.1
                0x00006734        0x2 c:/program files (x86)/cypress/psoc creator/4.0/psoc creator/import/gnu/arm/4.9.3/bin/../lib/gcc/arm-none-eabi/4.9.3/../../../../arm-none-eabi/lib/armv7-m\libg_nano.a(lib_a-impure.o)
 .rodata._ctype_
                0x00006736      0x101 c:/program files (x86)/cypress/psoc creator/4.0/psoc creator/import/gnu/arm/4.9.3/bin/../lib/gcc/arm-none-eabi/4.9.3/../../../../arm-none-eabi/lib/armv7-m\libg_nano.a(lib_a-ctype_.o)
                0x00006736                _ctype_
 .rodata.str1.1
                0x00006837       0x11 c:/program files (x86)/cypress/psoc creator/4.0/psoc creator/import/gnu/arm/4.9.3/bin/../lib/gcc/arm-none-eabi/4.9.3/../../../../arm-none-eabi/lib/armv7-m\libg_nano.a(lib_a-nano-svfprintf.o)
 .rodata.str1.1
                0x00006848       0x22 c:/program files (x86)/cypress/psoc creator/4.0/psoc creator/import/gnu/arm/4.9.3/bin/../lib/gcc/arm-none-eabi/4.9.3/../../../../arm-none-eabi/lib/armv7-m\libg_nano.a(lib_a-nano-vfprintf_i.o)
                0x0000686c                . = ALIGN (0x4)
 *fill*         0x0000686a        0x2 
 *(.init)
 .init          0x0000686c        0x4 c:/program files (x86)/cypress/psoc creator/4.0/psoc creator/import/gnu/arm/4.9.3/bin/../lib/gcc/arm-none-eabi/4.9.3/armv7-m/crti.o
                0x0000686c                _init
 .init          0x00006870        0x8 c:/program files (x86)/cypress/psoc creator/4.0/psoc creator/import/gnu/arm/4.9.3/bin/../lib/gcc/arm-none-eabi/4.9.3/armv7-m/crtn.o
                0x00006878                . = ALIGN (0x4)
                0x00006878                __preinit_array_start = .
 *(.preinit_array)
                0x00006878                __preinit_array_end = .
                0x00006878                . = ALIGN (0x4)
                0x00006878                __init_array_start = .
 *(SORT(.init_array.*))
 *(.init_array)
 .init_array    0x00006878        0x4 c:/program files (x86)/cypress/psoc creator/4.0/psoc creator/import/gnu/arm/4.9.3/bin/../lib/gcc/arm-none-eabi/4.9.3/armv7-m/crtbegin.o
 .init_array    0x0000687c        0x4 .\CortexM3\ARM_GCC_493\Debug\Cm3Start.o
                0x00006880                __init_array_end = .
                0x00006880                . = ALIGN (0x4)
 *(.fini)
 .fini          0x00006880        0x4 c:/program files (x86)/cypress/psoc creator/4.0/psoc creator/import/gnu/arm/4.9.3/bin/../lib/gcc/arm-none-eabi/4.9.3/armv7-m/crti.o
                0x00006880                _fini
 .fini          0x00006884        0x8 c:/program files (x86)/cypress/psoc creator/4.0/psoc creator/import/gnu/arm/4.9.3/bin/../lib/gcc/arm-none-eabi/4.9.3/armv7-m/crtn.o
                0x0000688c                . = ALIGN (0x4)
                0x0000688c                __fini_array_start = .
 *(.fini_array)
 .fini_array    0x0000688c        0x4 c:/program files (x86)/cypress/psoc creator/4.0/psoc creator/import/gnu/arm/4.9.3/bin/../lib/gcc/arm-none-eabi/4.9.3/armv7-m/crtbegin.o
 *(SORT(.fini_array.*))
                0x00006890                __fini_array_end = .
                0x00006890                . = ALIGN (0x4)
 *crtbegin.o(.ctors)
 *(EXCLUDE_FILE(*crtend.o) .ctors)
 *(SORT(.ctors.*))
 *crtend.o(.ctors)
                0x00006890                . = ALIGN (0x4)
 *crtbegin.o(.dtors)
 *(EXCLUDE_FILE(*crtend.o) .dtors)
 *(SORT(.dtors.*))
 *crtend.o(.dtors)
                0x00006890                . = ALIGN (0x4)
                0x00006890                __cy_regions = .
                0x00006890        0x4 LONG 0x68a0 __cy_region_init_ram
                0x00006894        0x4 LONG 0x1fff8108 __cy_region_start_data
                0x00006898        0x4 LONG 0x80 __cy_region_init_size_ram
                0x0000689c        0x4 LONG 0x178 __cy_region_zero_size_ram
                0x000068a0                __cy_regions_end = .
                0x000068a0                . = ALIGN (0x8)
                0x000068a0                _etext = .

.ramvectors     0x1fff8000      0x100
                0x1fff8000                __cy_region_start_ram = .
 *(.ramvectors)
 .ramvectors    0x1fff8000      0x100 .\CortexM3\ARM_GCC_493\Debug\Cm3Start.o
                0x1fff8000                CyRamVectors

.noinit         0x1fff8100        0x5
 *(.noinit)
 .noinit        0x1fff8100        0x4 .\CortexM3\ARM_GCC_493\Debug\Cm3Start.o
 .noinit        0x1fff8104        0x1 .\CortexM3\ARM_GCC_493\Debug\Platform Control Firmware.a(CyLib.o)
                0x1fff8104                CyResetStatus

.data           0x1fff8108       0x80 load address 0x000068a0
                0x1fff8108                __cy_region_start_data = .
 *(.jcr)
 .jcr           0x1fff8108        0x0 c:/program files (x86)/cypress/psoc creator/4.0/psoc creator/import/gnu/arm/4.9.3/bin/../lib/gcc/arm-none-eabi/4.9.3/armv7-m/crtbegin.o
 .jcr           0x1fff8108        0x4 c:/program files (x86)/cypress/psoc creator/4.0/psoc creator/import/gnu/arm/4.9.3/bin/../lib/gcc/arm-none-eabi/4.9.3/armv7-m/crtend.o
 *(.got.plt)
 *(.got)
 *(.shdata)
 *(.data .data.* .gnu.linkonce.d.*)
 .data          0x1fff810c        0x4 .\CortexM3\ARM_GCC_493\Debug\Cm3Start.o
 .data          0x1fff8110       0x10 .\CortexM3\ARM_GCC_493\Debug\Platform Control Firmware.a(CyLib.o)
                0x1fff8110                cydelay_32k_ms
                0x1fff8114                cydelay_freq_khz
                0x1fff8118                cydelay_freq_mhz
                0x1fff811c                cydelay_freq_hz
 .data.impure_data
                0x1fff8120       0x60 c:/program files (x86)/cypress/psoc creator/4.0/psoc creator/import/gnu/arm/4.9.3/bin/../lib/gcc/arm-none-eabi/4.9.3/../../../../arm-none-eabi/lib/armv7-m\libg_nano.a(lib_a-impure.o)
 .data._impure_ptr
                0x1fff8180        0x4 c:/program files (x86)/cypress/psoc creator/4.0/psoc creator/import/gnu/arm/4.9.3/bin/../lib/gcc/arm-none-eabi/4.9.3/../../../../arm-none-eabi/lib/armv7-m\libg_nano.a(lib_a-impure.o)
                0x1fff8180                _impure_ptr
 .data.__ctype_ptr__
                0x1fff8184        0x4 c:/program files (x86)/cypress/psoc creator/4.0/psoc creator/import/gnu/arm/4.9.3/bin/../lib/gcc/arm-none-eabi/4.9.3/../../../../arm-none-eabi/lib/armv7-m\libg_nano.a(lib_a-ctype_.o)
                0x1fff8184                __ctype_ptr__
                0x1fff8188                . = ALIGN (0x8)
 *(.ram)
                0x1fff8188                _edata = .

.igot.plt       0x1fff8188        0x0 load address 0x00006920
 .igot.plt      0x00000000        0x0 c:/program files (x86)/cypress/psoc creator/4.0/psoc creator/import/gnu/arm/4.9.3/bin/../lib/gcc/arm-none-eabi/4.9.3/armv7-m/crtbegin.o

.bss            0x1fff8188      0x178 load address 0x00006920
                0x1fff8188                PROVIDE (__bss_start__, .)
 *(.shbss)
 *(.bss .bss.* .gnu.linkonce.b.*)
 .bss           0x1fff8188       0x1c c:/program files (x86)/cypress/psoc creator/4.0/psoc creator/import/gnu/arm/4.9.3/bin/../lib/gcc/arm-none-eabi/4.9.3/armv7-m/crtbegin.o
 .bss           0x1fff81a4       0x94 .\CortexM3\ARM_GCC_493\Debug\main.o
                0x1fff81e9                radioActiveLeft
                0x1fff81ea                radioActiveRight
 .bss           0x1fff8238        0x2 .\CortexM3\ARM_GCC_493\Debug\Platform Control Firmware.a(ESP07_UART.o)
                0x1fff8238                ESP07_UART_initVar
 .bss           0x1fff823a        0x7 .\CortexM3\ARM_GCC_493\Debug\Platform Control Firmware.a(FT232_UART.o)
                0x1fff823a                FT232_UART_errorStatus
                0x1fff823b                FT232_UART_initVar
                0x1fff823c                FT232_UART_rxBufferRead
                0x1fff823d                FT232_UART_rxBufferWrite
                0x1fff823e                FT232_UART_rxBufferLoopDetect
                0x1fff823f                FT232_UART_rxBufferOverflow
 .bss           0x1fff8241        0x1 .\CortexM3\ARM_GCC_493\Debug\Platform Control Firmware.a(I2C.o)
                0x1fff8241                I2C_initVar
 .bss           0x1fff8242        0x1 .\CortexM3\ARM_GCC_493\Debug\Platform Control Firmware.a(Timer_Channel_Right.o)
                0x1fff8242                Timer_Channel_Right_initVar
 .bss           0x1fff8243        0x1 .\CortexM3\ARM_GCC_493\Debug\Platform Control Firmware.a(Timer_Channel_Left.o)
                0x1fff8243                Timer_Channel_Left_initVar
 .bss           0x1fff8244        0x1 .\CortexM3\ARM_GCC_493\Debug\Platform Control Firmware.a(PWM_Left_Front.o)
                0x1fff8244                PWM_Left_Front_initVar
 .bss           0x1fff8245        0x1 .\CortexM3\ARM_GCC_493\Debug\Platform Control Firmware.a(PWM_Left_Rear.o)
                0x1fff8245                PWM_Left_Rear_initVar
 .bss           0x1fff8246        0x1 .\CortexM3\ARM_GCC_493\Debug\Platform Control Firmware.a(PWM_Right_Front.o)
                0x1fff8246                PWM_Right_Front_initVar
 .bss           0x1fff8247        0x1 .\CortexM3\ARM_GCC_493\Debug\Platform Control Firmware.a(PWM_Right_Rear.o)
                0x1fff8247                PWM_Right_Rear_initVar
 .bss           0x1fff8248        0x1 .\CortexM3\ARM_GCC_493\Debug\Platform Control Firmware.a(Decoder_Left.o)
                0x1fff8248                Decoder_Left_initVar
 *fill*         0x1fff8249        0x3 
 .bss           0x1fff824c        0x4 .\CortexM3\ARM_GCC_493\Debug\Platform Control Firmware.a(Decoder_Left_INT.o)
                0x1fff824c                Decoder_Left_count32SoftPart
 .bss           0x1fff8250        0x1 .\CortexM3\ARM_GCC_493\Debug\Platform Control Firmware.a(Decoder_Right.o)
                0x1fff8250                Decoder_Right_initVar
 *fill*         0x1fff8251        0x3 
 .bss           0x1fff8254        0x4 .\CortexM3\ARM_GCC_493\Debug\Platform Control Firmware.a(Decoder_Right_INT.o)
                0x1fff8254                Decoder_Right_count32SoftPart
 .bss           0x1fff8258        0x1 .\CortexM3\ARM_GCC_493\Debug\Platform Control Firmware.a(Decoder_Left_Cnt16.o)
                0x1fff8258                Decoder_Left_Cnt16_initVar
 .bss           0x1fff8259        0x1 .\CortexM3\ARM_GCC_493\Debug\Platform Control Firmware.a(Decoder_Right_Cnt16.o)
                0x1fff8259                Decoder_Right_Cnt16_initVar
 .bss           0x1fff825a        0x2 .\CortexM3\ARM_GCC_493\Debug\Platform Control Firmware.a(GPS_UART.o)
                0x1fff825a                GPS_UART_initVar
 .bss.__malloc_sbrk_start
                0x1fff825c        0x4 c:/program files (x86)/cypress/psoc creator/4.0/psoc creator/import/gnu/arm/4.9.3/bin/../lib/gcc/arm-none-eabi/4.9.3/../../../../arm-none-eabi/lib/armv7-m\libg_nano.a(lib_a-nano-mallocr.o)
                0x1fff825c                __malloc_sbrk_start
 .bss.__malloc_free_list
                0x1fff8260        0x4 c:/program files (x86)/cypress/psoc creator/4.0/psoc creator/import/gnu/arm/4.9.3/bin/../lib/gcc/arm-none-eabi/4.9.3/../../../../arm-none-eabi/lib/armv7-m\libg_nano.a(lib_a-nano-mallocr.o)
                0x1fff8260                __malloc_free_list
 *(COMMON)
 COMMON         0x1fff8264       0x40 .\CortexM3\ARM_GCC_493\Debug\main.o
                0x1fff8264                BUFFER_TEMP
 COMMON         0x1fff82a4       0x40 .\CortexM3\ARM_GCC_493\Debug\Platform Control Firmware.a(FT232_UART.o)
                0x1fff82a4                FT232_UART_rxBuffer
 COMMON         0x1fff82e4        0x1 .\CortexM3\ARM_GCC_493\Debug\Platform Control Firmware.a(I2C.o)
                0x1fff82e4                I2C_state
 *fill*         0x1fff82e5        0x3 
 COMMON         0x1fff82e8       0x10 .\CortexM3\ARM_GCC_493\Debug\Platform Control Firmware.a(I2C_MASTER.o)
                0x1fff82e8                I2C_mstrWrBufIndex
                0x1fff82e9                I2C_mstrWrBufSize
                0x1fff82ea                I2C_mstrStatus
                0x1fff82ec                I2C_mstrRdBufPtr
                0x1fff82f0                I2C_mstrControl
                0x1fff82f1                I2C_mstrRdBufSize
                0x1fff82f2                I2C_mstrRdBufIndex
                0x1fff82f4                I2C_mstrWrBufPtr
 COMMON         0x1fff82f8        0x4 c:/program files (x86)/cypress/psoc creator/4.0/psoc creator/import/gnu/arm/4.9.3/bin/../lib/gcc/arm-none-eabi/4.9.3/../../../../arm-none-eabi/lib/armv7-m\libg_nano.a(lib_a-reent.o)
                0x1fff82f8                errno
                0x1fff8300                . = ALIGN (0x8)
 *fill*         0x1fff82fc        0x4 
 *(.ram.b)
                0x1fff8300                _end = .
                0x1fff8300                __end = .
                0x1fff8300                PROVIDE (end, .)
                0x1fff8300                PROVIDE (__bss_end__, .)
                0x000068a0                __cy_region_init_ram = LOADADDR (.data)
                0x00000080                __cy_region_init_size_ram = (_edata - ADDR (.data))
                0x00000178                __cy_region_zero_size_ram = (_end - _edata)

.heap           0x1fff8300       0x80 load address 0x00006920
                0x1fff8300                . = _end
                0x1fff8380                . = (. + 0x80)
 *fill*         0x1fff8300       0x80 
                0x1fff8380                __cy_heap_limit = .

.stack          0x20007800      0x800
                0x20007800                __cy_stack_limit = .
                0x20008000                . = (. + 0x800)
 *fill*         0x20007800      0x800 
                0x00000001                ASSERT ((__cy_stack_limit >= __cy_heap_limit), region RAM overflowed with stack)

.cy_checksum_exclude
                0x0003ff00        0x0
 *(.cy_checksum_exclude)
                0x00000000                cy_checksum_exclude_size = (CY_APPL_LOADABLE == 0x1)?SIZEOF (.cy_checksum_exclude):0x0
                0x00000001                ASSERT ((cy_checksum_exclude_size <= CY_CHECKSUM_EXCLUDE_SIZE), CY_BOOT: Section .cy_checksum_exclude size exceedes specified limit.)

.cyloadermeta   0xf0000000       0x40
 *(.cyloadermeta)
 .cyloadermeta  0xf0000000       0x40 .\CortexM3\ARM_GCC_493\Debug\cybootloader.o
                0xf0000000                cy_meta_loader

.cyloadablemeta
                0x0003ffc0       0x40
 *(.cyloadablemeta)
 .cyloadablemeta
                0x0003ffc0       0x40 .\CortexM3\ARM_GCC_493\Debug\cymetadata.o
                0x0003ffc0                cy_meta_loadable

.cyconfigecc    0x80000360     0x1270
 *(.cyconfigecc)
 .cyconfigecc   0x80000360     0x1270 .\CortexM3\ARM_GCC_493\Debug\cymetadata.o
                0x80000360                cy_meta_configecc

.cycustnvl      0x90000000        0x4
 *(.cycustnvl)
 .cycustnvl     0x90000000        0x4 .\CortexM3\ARM_GCC_493\Debug\cybootloader.o
                0x90000000                cy_meta_custnvl

.cywolatch      0x90100000        0x4
 *(.cywolatch)
 .cywolatch     0x90100000        0x4 .\CortexM3\ARM_GCC_493\Debug\cybootloader.o
                0x90100000                cy_meta_wonvl

.cyeeprom       0x90200000        0x0
 *(.cyeeprom)
                0x00000001                ASSERT ((. <= ((0x90200000 + ee_offset) + ee_size)), .cyeeprom data will not fit in EEPROM)

.cyflashprotect
                0x90400000      0x100
 *(.cyflashprotect)
 .cyflashprotect
                0x90400000      0x100 .\CortexM3\ARM_GCC_493\Debug\cybootloader.o
                0x90400000                cy_meta_flashprotect

.cymeta         0x90500000        0xc
 *(.cymeta)
 .cymeta        0x90500000        0xc .\CortexM3\ARM_GCC_493\Debug\cybootloader.o
                0x90500000                cy_metadata

.rel.dyn        0x00040000        0x0 load address 0x9050000c
 .rel.iplt      0x00000000        0x0 c:/program files (x86)/cypress/psoc creator/4.0/psoc creator/import/gnu/arm/4.9.3/bin/../lib/gcc/arm-none-eabi/4.9.3/armv7-m/crtbegin.o

.stab
 *(.stab)

.stabstr
 *(.stabstr)

.debug
 *(.debug)

.line
 *(.line)

.debug_srcinfo
 *(.debug_srcinfo)

.debug_sfnames
 *(.debug_sfnames)

.debug_aranges  0x00000000     0x1428
 *(.debug_aranges)
 .debug_aranges
                0x00000000       0x70 .\CortexM3\ARM_GCC_493\Debug\main.o
 .debug_aranges
                0x00000070       0x30 .\CortexM3\ARM_GCC_493\Debug\esp07.o
 .debug_aranges
                0x000000a0       0x30 .\CortexM3\ARM_GCC_493\Debug\generic.o
 .debug_aranges
                0x000000d0       0x38 .\CortexM3\ARM_GCC_493\Debug\lsm303.o
 .debug_aranges
                0x00000108       0x28 .\CortexM3\ARM_GCC_493\Debug\gps.o
 .debug_aranges
                0x00000130       0x18 .\CortexM3\ARM_GCC_493\Debug\cymetadata.o
 .debug_aranges
                0x00000148       0x48 .\CortexM3\ARM_GCC_493\Debug\Cm3Start.o
 .debug_aranges
                0x00000190       0x18 .\CortexM3\ARM_GCC_493\Debug\cybootloader.o
 .debug_aranges
                0x000001a8       0x58 .\CortexM3\ARM_GCC_493\Debug\Platform Control Firmware.a(cyfitter_cfg.o)
 .debug_aranges
                0x00000200       0xf0 .\CortexM3\ARM_GCC_493\Debug\Platform Control Firmware.a(ESP07_UART.o)
 .debug_aranges
                0x000002f0       0x80 .\CortexM3\ARM_GCC_493\Debug\Platform Control Firmware.a(ESP07_Interrupt.o)
 .debug_aranges
                0x00000370       0x70 .\CortexM3\ARM_GCC_493\Debug\Platform Control Firmware.a(ESP07_UART_IntClock.o)
 .debug_aranges
                0x000003e0      0x2a0 .\CortexM3\ARM_GCC_493\Debug\Platform Control Firmware.a(CyLib.o)
 .debug_aranges
                0x00000680       0x98 .\CortexM3\ARM_GCC_493\Debug\Platform Control Firmware.a(cyPm.o)
 .debug_aranges
                0x00000718       0xf0 .\CortexM3\ARM_GCC_493\Debug\Platform Control Firmware.a(FT232_UART.o)
 .debug_aranges
                0x00000808       0x20 .\CortexM3\ARM_GCC_493\Debug\Platform Control Firmware.a(FT232_UART_INT.o)
 .debug_aranges
                0x00000828       0x70 .\CortexM3\ARM_GCC_493\Debug\Platform Control Firmware.a(FT232_UART_IntClock.o)
 .debug_aranges
                0x00000898       0x38 .\CortexM3\ARM_GCC_493\Debug\Platform Control Firmware.a(Onboard_LED.o)
 .debug_aranges
                0x000008d0       0x38 .\CortexM3\ARM_GCC_493\Debug\Platform Control Firmware.a(I2C.o)
 .debug_aranges
                0x00000908       0x20 .\CortexM3\ARM_GCC_493\Debug\Platform Control Firmware.a(I2C_INT.o)
 .debug_aranges
                0x00000928       0x38 .\CortexM3\ARM_GCC_493\Debug\Platform Control Firmware.a(I2C_PM.o)
 .debug_aranges
                0x00000960       0x80 .\CortexM3\ARM_GCC_493\Debug\Platform Control Firmware.a(I2C_MASTER.o)
 .debug_aranges
                0x000009e0       0x98 .\CortexM3\ARM_GCC_493\Debug\Platform Control Firmware.a(Timer_Channel_Right.o)
 .debug_aranges
                0x00000a78       0x98 .\CortexM3\ARM_GCC_493\Debug\Platform Control Firmware.a(Timer_Channel_Left.o)
 .debug_aranges
                0x00000b10       0x38 .\CortexM3\ARM_GCC_493\Debug\Platform Control Firmware.a(RX_PWM_Left.o)
 .debug_aranges
                0x00000b48       0x38 .\CortexM3\ARM_GCC_493\Debug\Platform Control Firmware.a(RX_PWM_Right.o)
 .debug_aranges
                0x00000b80       0x80 .\CortexM3\ARM_GCC_493\Debug\Platform Control Firmware.a(Interrupt_Channel_Left.o)
 .debug_aranges
                0x00000c00       0x80 .\CortexM3\ARM_GCC_493\Debug\Platform Control Firmware.a(Interrupt_Channel_Right.o)
 .debug_aranges
                0x00000c80       0x78 .\CortexM3\ARM_GCC_493\Debug\Platform Control Firmware.a(PWM_Left_Front.o)
 .debug_aranges
                0x00000cf8       0x78 .\CortexM3\ARM_GCC_493\Debug\Platform Control Firmware.a(PWM_Left_Rear.o)
 .debug_aranges
                0x00000d70       0x78 .\CortexM3\ARM_GCC_493\Debug\Platform Control Firmware.a(PWM_Right_Front.o)
 .debug_aranges
                0x00000de8       0x28 .\CortexM3\ARM_GCC_493\Debug\Platform Control Firmware.a(Direction_Left_Rear.o)
 .debug_aranges
                0x00000e10       0x78 .\CortexM3\ARM_GCC_493\Debug\Platform Control Firmware.a(PWM_Right_Rear.o)
 .debug_aranges
                0x00000e88       0x28 .\CortexM3\ARM_GCC_493\Debug\Platform Control Firmware.a(Direction_Left_Front.o)
 .debug_aranges
                0x00000eb0       0x28 .\CortexM3\ARM_GCC_493\Debug\Platform Control Firmware.a(Direction_Right_Rear.o)
 .debug_aranges
                0x00000ed8       0x28 .\CortexM3\ARM_GCC_493\Debug\Platform Control Firmware.a(Direction_Right_Front.o)
 .debug_aranges
                0x00000f00       0x60 .\CortexM3\ARM_GCC_493\Debug\Platform Control Firmware.a(Decoder_Left.o)
 .debug_aranges
                0x00000f60       0x20 .\CortexM3\ARM_GCC_493\Debug\Platform Control Firmware.a(Decoder_Left_INT.o)
 .debug_aranges
                0x00000f80       0x60 .\CortexM3\ARM_GCC_493\Debug\Platform Control Firmware.a(Decoder_Right.o)
 .debug_aranges
                0x00000fe0       0x20 .\CortexM3\ARM_GCC_493\Debug\Platform Control Firmware.a(Decoder_Right_INT.o)
 .debug_aranges
                0x00001000       0x98 .\CortexM3\ARM_GCC_493\Debug\Platform Control Firmware.a(Decoder_Left_Cnt16.o)
 .debug_aranges
                0x00001098       0x98 .\CortexM3\ARM_GCC_493\Debug\Platform Control Firmware.a(Decoder_Right_Cnt16.o)
 .debug_aranges
                0x00001130       0xf0 .\CortexM3\ARM_GCC_493\Debug\Platform Control Firmware.a(GPS_UART.o)
 .debug_aranges
                0x00001220       0x80 .\CortexM3\ARM_GCC_493\Debug\Platform Control Firmware.a(GPS_Interrupt.o)
 .debug_aranges
                0x000012a0       0x70 .\CortexM3\ARM_GCC_493\Debug\Platform Control Firmware.a(GPS_UART_IntClock.o)
 .debug_aranges
                0x00001310       0x20 .\CortexM3\ARM_GCC_493\Debug\Platform Control Firmware.a(CyBootAsmGnu.o)
 .debug_aranges
                0x00001330       0x80 .\CortexM3\ARM_GCC_493\Debug\Platform Control Firmware.a(CyFlash.o)
 .debug_aranges
                0x000013b0       0x78 .\CortexM3\ARM_GCC_493\Debug\Platform Control Firmware.a(CySpc.o)

.debug_pubnames
 *(.debug_pubnames)

.debug_info     0x00000000     0xc61c
 *(.debug_info .gnu.linkonce.wi.*)
 .debug_info    0x00000000     0x2433 .\CortexM3\ARM_GCC_493\Debug\main.o
 .debug_info    0x00002433      0x884 .\CortexM3\ARM_GCC_493\Debug\esp07.o
 .debug_info    0x00002cb7      0x3e0 .\CortexM3\ARM_GCC_493\Debug\generic.o
 .debug_info    0x00003097      0x4c4 .\CortexM3\ARM_GCC_493\Debug\lsm303.o
 .debug_info    0x0000355b      0x37c .\CortexM3\ARM_GCC_493\Debug\gps.o
 .debug_info    0x000038d7       0xd9 .\CortexM3\ARM_GCC_493\Debug\cymetadata.o
 .debug_info    0x000039b0      0x3b3 .\CortexM3\ARM_GCC_493\Debug\Cm3Start.o
 .debug_info    0x00003d63      0x165 .\CortexM3\ARM_GCC_493\Debug\cybootloader.o
 .debug_info    0x00003ec8      0x5fd .\CortexM3\ARM_GCC_493\Debug\Platform Control Firmware.a(cyfitter_cfg.o)
 .debug_info    0x000044c5      0x603 .\CortexM3\ARM_GCC_493\Debug\Platform Control Firmware.a(ESP07_UART.o)
 .debug_info    0x00004ac8      0x2cb .\CortexM3\ARM_GCC_493\Debug\Platform Control Firmware.a(ESP07_Interrupt.o)
 .debug_info    0x00004d93      0x283 .\CortexM3\ARM_GCC_493\Debug\Platform Control Firmware.a(ESP07_UART_IntClock.o)
 .debug_info    0x00005016     0x1385 .\CortexM3\ARM_GCC_493\Debug\Platform Control Firmware.a(CyLib.o)
 .debug_info    0x0000639b      0xa57 .\CortexM3\ARM_GCC_493\Debug\Platform Control Firmware.a(cyPm.o)
 .debug_info    0x00006df2      0x751 .\CortexM3\ARM_GCC_493\Debug\Platform Control Firmware.a(FT232_UART.o)
 .debug_info    0x00007543      0x145 .\CortexM3\ARM_GCC_493\Debug\Platform Control Firmware.a(FT232_UART_INT.o)
 .debug_info    0x00007688      0x283 .\CortexM3\ARM_GCC_493\Debug\Platform Control Firmware.a(FT232_UART_IntClock.o)
 .debug_info    0x0000790b      0x11f .\CortexM3\ARM_GCC_493\Debug\Platform Control Firmware.a(Onboard_LED.o)
 .debug_info    0x00007a2a      0x2db .\CortexM3\ARM_GCC_493\Debug\Platform Control Firmware.a(I2C.o)
 .debug_info    0x00007d05      0x17f .\CortexM3\ARM_GCC_493\Debug\Platform Control Firmware.a(I2C_INT.o)
 .debug_info    0x00007e84      0x1fe .\CortexM3\ARM_GCC_493\Debug\Platform Control Firmware.a(I2C_PM.o)
 .debug_info    0x00008082      0x400 .\CortexM3\ARM_GCC_493\Debug\Platform Control Firmware.a(I2C_MASTER.o)
 .debug_info    0x00008482      0x323 .\CortexM3\ARM_GCC_493\Debug\Platform Control Firmware.a(Timer_Channel_Right.o)
 .debug_info    0x000087a5      0x323 .\CortexM3\ARM_GCC_493\Debug\Platform Control Firmware.a(Timer_Channel_Left.o)
 .debug_info    0x00008ac8      0x11f .\CortexM3\ARM_GCC_493\Debug\Platform Control Firmware.a(RX_PWM_Left.o)
 .debug_info    0x00008be7      0x121 .\CortexM3\ARM_GCC_493\Debug\Platform Control Firmware.a(RX_PWM_Right.o)
 .debug_info    0x00008d08      0x2cb .\CortexM3\ARM_GCC_493\Debug\Platform Control Firmware.a(Interrupt_Channel_Left.o)
 .debug_info    0x00008fd3      0x2cb .\CortexM3\ARM_GCC_493\Debug\Platform Control Firmware.a(Interrupt_Channel_Right.o)
 .debug_info    0x0000929e      0x277 .\CortexM3\ARM_GCC_493\Debug\Platform Control Firmware.a(PWM_Left_Front.o)
 .debug_info    0x00009515      0x277 .\CortexM3\ARM_GCC_493\Debug\Platform Control Firmware.a(PWM_Left_Rear.o)
 .debug_info    0x0000978c      0x277 .\CortexM3\ARM_GCC_493\Debug\Platform Control Firmware.a(PWM_Right_Front.o)
 .debug_info    0x00009a03       0xd6 .\CortexM3\ARM_GCC_493\Debug\Platform Control Firmware.a(Direction_Left_Rear.o)
 .debug_info    0x00009ad9      0x277 .\CortexM3\ARM_GCC_493\Debug\Platform Control Firmware.a(PWM_Right_Rear.o)
 .debug_info    0x00009d50       0xd6 .\CortexM3\ARM_GCC_493\Debug\Platform Control Firmware.a(Direction_Left_Front.o)
 .debug_info    0x00009e26       0xd6 .\CortexM3\ARM_GCC_493\Debug\Platform Control Firmware.a(Direction_Right_Rear.o)
 .debug_info    0x00009efc       0xd6 .\CortexM3\ARM_GCC_493\Debug\Platform Control Firmware.a(Direction_Right_Front.o)
 .debug_info    0x00009fd2      0x381 .\CortexM3\ARM_GCC_493\Debug\Platform Control Firmware.a(Decoder_Left.o)
 .debug_info    0x0000a353       0xec .\CortexM3\ARM_GCC_493\Debug\Platform Control Firmware.a(Decoder_Left_INT.o)
 .debug_info    0x0000a43f      0x381 .\CortexM3\ARM_GCC_493\Debug\Platform Control Firmware.a(Decoder_Right.o)
 .debug_info    0x0000a7c0       0xec .\CortexM3\ARM_GCC_493\Debug\Platform Control Firmware.a(Decoder_Right_INT.o)
 .debug_info    0x0000a8ac      0x343 .\CortexM3\ARM_GCC_493\Debug\Platform Control Firmware.a(Decoder_Left_Cnt16.o)
 .debug_info    0x0000abef      0x343 .\CortexM3\ARM_GCC_493\Debug\Platform Control Firmware.a(Decoder_Right_Cnt16.o)
 .debug_info    0x0000af32      0x603 .\CortexM3\ARM_GCC_493\Debug\Platform Control Firmware.a(GPS_UART.o)
 .debug_info    0x0000b535      0x2cb .\CortexM3\ARM_GCC_493\Debug\Platform Control Firmware.a(GPS_Interrupt.o)
 .debug_info    0x0000b800      0x283 .\CortexM3\ARM_GCC_493\Debug\Platform Control Firmware.a(GPS_UART_IntClock.o)
 .debug_info    0x0000ba83       0xa7 .\CortexM3\ARM_GCC_493\Debug\Platform Control Firmware.a(CyBootAsmGnu.o)
 .debug_info    0x0000bb2a      0x608 .\CortexM3\ARM_GCC_493\Debug\Platform Control Firmware.a(CyFlash.o)
 .debug_info    0x0000c132      0x4ea .\CortexM3\ARM_GCC_493\Debug\Platform Control Firmware.a(CySpc.o)

.debug_abbrev   0x00000000     0x3a85
 *(.debug_abbrev)
 .debug_abbrev  0x00000000      0x235 .\CortexM3\ARM_GCC_493\Debug\main.o
 .debug_abbrev  0x00000235      0x1a7 .\CortexM3\ARM_GCC_493\Debug\esp07.o
 .debug_abbrev  0x000003dc      0x15d .\CortexM3\ARM_GCC_493\Debug\generic.o
 .debug_abbrev  0x00000539      0x1b0 .\CortexM3\ARM_GCC_493\Debug\lsm303.o
 .debug_abbrev  0x000006e9      0x18d .\CortexM3\ARM_GCC_493\Debug\gps.o
 .debug_abbrev  0x00000876       0x66 .\CortexM3\ARM_GCC_493\Debug\cymetadata.o
 .debug_abbrev  0x000008dc      0x1f7 .\CortexM3\ARM_GCC_493\Debug\Cm3Start.o
 .debug_abbrev  0x00000ad3       0x77 .\CortexM3\ARM_GCC_493\Debug\cybootloader.o
 .debug_abbrev  0x00000b4a      0x223 .\CortexM3\ARM_GCC_493\Debug\Platform Control Firmware.a(cyfitter_cfg.o)
 .debug_abbrev  0x00000d6d      0x1a2 .\CortexM3\ARM_GCC_493\Debug\Platform Control Firmware.a(ESP07_UART.o)
 .debug_abbrev  0x00000f0f      0x173 .\CortexM3\ARM_GCC_493\Debug\Platform Control Firmware.a(ESP07_Interrupt.o)
 .debug_abbrev  0x00001082      0x139 .\CortexM3\ARM_GCC_493\Debug\Platform Control Firmware.a(ESP07_UART_IntClock.o)
 .debug_abbrev  0x000011bb      0x296 .\CortexM3\ARM_GCC_493\Debug\Platform Control Firmware.a(CyLib.o)
 .debug_abbrev  0x00001451      0x1ed .\CortexM3\ARM_GCC_493\Debug\Platform Control Firmware.a(cyPm.o)
 .debug_abbrev  0x0000163e      0x1b8 .\CortexM3\ARM_GCC_493\Debug\Platform Control Firmware.a(FT232_UART.o)
 .debug_abbrev  0x000017f6       0x8a .\CortexM3\ARM_GCC_493\Debug\Platform Control Firmware.a(FT232_UART_INT.o)
 .debug_abbrev  0x00001880      0x139 .\CortexM3\ARM_GCC_493\Debug\Platform Control Firmware.a(FT232_UART_IntClock.o)
 .debug_abbrev  0x000019b9       0x90 .\CortexM3\ARM_GCC_493\Debug\Platform Control Firmware.a(Onboard_LED.o)
 .debug_abbrev  0x00001a49      0x15c .\CortexM3\ARM_GCC_493\Debug\Platform Control Firmware.a(I2C.o)
 .debug_abbrev  0x00001ba5       0xbd .\CortexM3\ARM_GCC_493\Debug\Platform Control Firmware.a(I2C_INT.o)
 .debug_abbrev  0x00001c62      0x12b .\CortexM3\ARM_GCC_493\Debug\Platform Control Firmware.a(I2C_PM.o)
 .debug_abbrev  0x00001d8d      0x13c .\CortexM3\ARM_GCC_493\Debug\Platform Control Firmware.a(I2C_MASTER.o)
 .debug_abbrev  0x00001ec9      0x154 .\CortexM3\ARM_GCC_493\Debug\Platform Control Firmware.a(Timer_Channel_Right.o)
 .debug_abbrev  0x0000201d      0x154 .\CortexM3\ARM_GCC_493\Debug\Platform Control Firmware.a(Timer_Channel_Left.o)
 .debug_abbrev  0x00002171       0x90 .\CortexM3\ARM_GCC_493\Debug\Platform Control Firmware.a(RX_PWM_Left.o)
 .debug_abbrev  0x00002201       0x90 .\CortexM3\ARM_GCC_493\Debug\Platform Control Firmware.a(RX_PWM_Right.o)
 .debug_abbrev  0x00002291      0x173 .\CortexM3\ARM_GCC_493\Debug\Platform Control Firmware.a(Interrupt_Channel_Left.o)
 .debug_abbrev  0x00002404      0x173 .\CortexM3\ARM_GCC_493\Debug\Platform Control Firmware.a(Interrupt_Channel_Right.o)
 .debug_abbrev  0x00002577      0x12d .\CortexM3\ARM_GCC_493\Debug\Platform Control Firmware.a(PWM_Left_Front.o)
 .debug_abbrev  0x000026a4      0x12d .\CortexM3\ARM_GCC_493\Debug\Platform Control Firmware.a(PWM_Left_Rear.o)
 .debug_abbrev  0x000027d1      0x12d .\CortexM3\ARM_GCC_493\Debug\Platform Control Firmware.a(PWM_Right_Front.o)
 .debug_abbrev  0x000028fe       0x81 .\CortexM3\ARM_GCC_493\Debug\Platform Control Firmware.a(Direction_Left_Rear.o)
 .debug_abbrev  0x0000297f      0x12d .\CortexM3\ARM_GCC_493\Debug\Platform Control Firmware.a(PWM_Right_Rear.o)
 .debug_abbrev  0x00002aac       0x81 .\CortexM3\ARM_GCC_493\Debug\Platform Control Firmware.a(Direction_Left_Front.o)
 .debug_abbrev  0x00002b2d       0x81 .\CortexM3\ARM_GCC_493\Debug\Platform Control Firmware.a(Direction_Right_Rear.o)
 .debug_abbrev  0x00002bae       0x81 .\CortexM3\ARM_GCC_493\Debug\Platform Control Firmware.a(Direction_Right_Front.o)
 .debug_abbrev  0x00002c2f      0x17a .\CortexM3\ARM_GCC_493\Debug\Platform Control Firmware.a(Decoder_Left.o)
 .debug_abbrev  0x00002da9       0x78 .\CortexM3\ARM_GCC_493\Debug\Platform Control Firmware.a(Decoder_Left_INT.o)
 .debug_abbrev  0x00002e21      0x17a .\CortexM3\ARM_GCC_493\Debug\Platform Control Firmware.a(Decoder_Right.o)
 .debug_abbrev  0x00002f9b       0x78 .\CortexM3\ARM_GCC_493\Debug\Platform Control Firmware.a(Decoder_Right_INT.o)
 .debug_abbrev  0x00003013      0x131 .\CortexM3\ARM_GCC_493\Debug\Platform Control Firmware.a(Decoder_Left_Cnt16.o)
 .debug_abbrev  0x00003144      0x131 .\CortexM3\ARM_GCC_493\Debug\Platform Control Firmware.a(Decoder_Right_Cnt16.o)
 .debug_abbrev  0x00003275      0x1a2 .\CortexM3\ARM_GCC_493\Debug\Platform Control Firmware.a(GPS_UART.o)
 .debug_abbrev  0x00003417      0x173 .\CortexM3\ARM_GCC_493\Debug\Platform Control Firmware.a(GPS_Interrupt.o)
 .debug_abbrev  0x0000358a      0x139 .\CortexM3\ARM_GCC_493\Debug\Platform Control Firmware.a(GPS_UART_IntClock.o)
 .debug_abbrev  0x000036c3       0x14 .\CortexM3\ARM_GCC_493\Debug\Platform Control Firmware.a(CyBootAsmGnu.o)
 .debug_abbrev  0x000036d7      0x1ed .\CortexM3\ARM_GCC_493\Debug\Platform Control Firmware.a(CyFlash.o)
 .debug_abbrev  0x000038c4      0x1c1 .\CortexM3\ARM_GCC_493\Debug\Platform Control Firmware.a(CySpc.o)

.debug_line     0x00000000     0x4f3b
 *(.debug_line)
 .debug_line    0x00000000      0x6ec .\CortexM3\ARM_GCC_493\Debug\main.o
 .debug_line    0x000006ec      0x283 .\CortexM3\ARM_GCC_493\Debug\esp07.o
 .debug_line    0x0000096f      0x2ec .\CortexM3\ARM_GCC_493\Debug\generic.o
 .debug_line    0x00000c5b      0x20b .\CortexM3\ARM_GCC_493\Debug\lsm303.o
 .debug_line    0x00000e66      0x22d .\CortexM3\ARM_GCC_493\Debug\gps.o
 .debug_line    0x00001093       0x51 .\CortexM3\ARM_GCC_493\Debug\cymetadata.o
 .debug_line    0x000010e4      0x24e .\CortexM3\ARM_GCC_493\Debug\Cm3Start.o
 .debug_line    0x00001332       0x53 .\CortexM3\ARM_GCC_493\Debug\cybootloader.o
 .debug_line    0x00001385      0x209 .\CortexM3\ARM_GCC_493\Debug\Platform Control Firmware.a(cyfitter_cfg.o)
 .debug_line    0x0000158e      0x2c8 .\CortexM3\ARM_GCC_493\Debug\Platform Control Firmware.a(ESP07_UART.o)
 .debug_line    0x00001856      0x13c .\CortexM3\ARM_GCC_493\Debug\Platform Control Firmware.a(ESP07_Interrupt.o)
 .debug_line    0x00001992      0x182 .\CortexM3\ARM_GCC_493\Debug\Platform Control Firmware.a(ESP07_UART_IntClock.o)
 .debug_line    0x00001b14      0x816 .\CortexM3\ARM_GCC_493\Debug\Platform Control Firmware.a(CyLib.o)
 .debug_line    0x0000232a      0x364 .\CortexM3\ARM_GCC_493\Debug\Platform Control Firmware.a(cyPm.o)
 .debug_line    0x0000268e      0x30e .\CortexM3\ARM_GCC_493\Debug\Platform Control Firmware.a(FT232_UART.o)
 .debug_line    0x0000299c       0x8c .\CortexM3\ARM_GCC_493\Debug\Platform Control Firmware.a(FT232_UART_INT.o)
 .debug_line    0x00002a28      0x182 .\CortexM3\ARM_GCC_493\Debug\Platform Control Firmware.a(FT232_UART_IntClock.o)
 .debug_line    0x00002baa       0x98 .\CortexM3\ARM_GCC_493\Debug\Platform Control Firmware.a(Onboard_LED.o)
 .debug_line    0x00002c42       0xd9 .\CortexM3\ARM_GCC_493\Debug\Platform Control Firmware.a(I2C.o)
 .debug_line    0x00002d1b      0x114 .\CortexM3\ARM_GCC_493\Debug\Platform Control Firmware.a(I2C_INT.o)
 .debug_line    0x00002e2f       0xbb .\CortexM3\ARM_GCC_493\Debug\Platform Control Firmware.a(I2C_PM.o)
 .debug_line    0x00002eea      0x1fd .\CortexM3\ARM_GCC_493\Debug\Platform Control Firmware.a(I2C_MASTER.o)
 .debug_line    0x000030e7      0x190 .\CortexM3\ARM_GCC_493\Debug\Platform Control Firmware.a(Timer_Channel_Right.o)
 .debug_line    0x00003277      0x18f .\CortexM3\ARM_GCC_493\Debug\Platform Control Firmware.a(Timer_Channel_Left.o)
 .debug_line    0x00003406       0x98 .\CortexM3\ARM_GCC_493\Debug\Platform Control Firmware.a(RX_PWM_Left.o)
 .debug_line    0x0000349e       0x99 .\CortexM3\ARM_GCC_493\Debug\Platform Control Firmware.a(RX_PWM_Right.o)
 .debug_line    0x00003537      0x143 .\CortexM3\ARM_GCC_493\Debug\Platform Control Firmware.a(Interrupt_Channel_Left.o)
 .debug_line    0x0000367a      0x144 .\CortexM3\ARM_GCC_493\Debug\Platform Control Firmware.a(Interrupt_Channel_Right.o)
 .debug_line    0x000037be      0x13c .\CortexM3\ARM_GCC_493\Debug\Platform Control Firmware.a(PWM_Left_Front.o)
 .debug_line    0x000038fa      0x13b .\CortexM3\ARM_GCC_493\Debug\Platform Control Firmware.a(PWM_Left_Rear.o)
 .debug_line    0x00003a35      0x13d .\CortexM3\ARM_GCC_493\Debug\Platform Control Firmware.a(PWM_Right_Front.o)
 .debug_line    0x00003b72       0x7b .\CortexM3\ARM_GCC_493\Debug\Platform Control Firmware.a(Direction_Left_Rear.o)
 .debug_line    0x00003bed      0x13c .\CortexM3\ARM_GCC_493\Debug\Platform Control Firmware.a(PWM_Right_Rear.o)
 .debug_line    0x00003d29       0x7c .\CortexM3\ARM_GCC_493\Debug\Platform Control Firmware.a(Direction_Left_Front.o)
 .debug_line    0x00003da5       0x7c .\CortexM3\ARM_GCC_493\Debug\Platform Control Firmware.a(Direction_Right_Rear.o)
 .debug_line    0x00003e21       0x7d .\CortexM3\ARM_GCC_493\Debug\Platform Control Firmware.a(Direction_Right_Front.o)
 .debug_line    0x00003e9e      0x146 .\CortexM3\ARM_GCC_493\Debug\Platform Control Firmware.a(Decoder_Left.o)
 .debug_line    0x00003fe4       0x6f .\CortexM3\ARM_GCC_493\Debug\Platform Control Firmware.a(Decoder_Left_INT.o)
 .debug_line    0x00004053      0x149 .\CortexM3\ARM_GCC_493\Debug\Platform Control Firmware.a(Decoder_Right.o)
 .debug_line    0x0000419c       0x70 .\CortexM3\ARM_GCC_493\Debug\Platform Control Firmware.a(Decoder_Right_INT.o)
 .debug_line    0x0000420c      0x192 .\CortexM3\ARM_GCC_493\Debug\Platform Control Firmware.a(Decoder_Left_Cnt16.o)
 .debug_line    0x0000439e      0x193 .\CortexM3\ARM_GCC_493\Debug\Platform Control Firmware.a(Decoder_Right_Cnt16.o)
 .debug_line    0x00004531      0x2c4 .\CortexM3\ARM_GCC_493\Debug\Platform Control Firmware.a(GPS_UART.o)
 .debug_line    0x000047f5      0x13a .\CortexM3\ARM_GCC_493\Debug\Platform Control Firmware.a(GPS_Interrupt.o)
 .debug_line    0x0000492f      0x180 .\CortexM3\ARM_GCC_493\Debug\Platform Control Firmware.a(GPS_UART_IntClock.o)
 .debug_line    0x00004aaf       0x66 .\CortexM3\ARM_GCC_493\Debug\Platform Control Firmware.a(CyBootAsmGnu.o)
 .debug_line    0x00004b15      0x1ea .\CortexM3\ARM_GCC_493\Debug\Platform Control Firmware.a(CyFlash.o)
 .debug_line    0x00004cff      0x23c .\CortexM3\ARM_GCC_493\Debug\Platform Control Firmware.a(CySpc.o)

.debug_frame    0x00000000     0x3284
 *(.debug_frame)
 .debug_frame   0x00000000      0x190 .\CortexM3\ARM_GCC_493\Debug\main.o
 .debug_frame   0x00000190       0x70 .\CortexM3\ARM_GCC_493\Debug\esp07.o
 .debug_frame   0x00000200       0x7c .\CortexM3\ARM_GCC_493\Debug\generic.o
 .debug_frame   0x0000027c       0xa0 .\CortexM3\ARM_GCC_493\Debug\lsm303.o
 .debug_frame   0x0000031c       0x54 .\CortexM3\ARM_GCC_493\Debug\gps.o